Component: ARM Compiler 5.06 update 6 (build 750) Tool: armlink [4d35ed]

==============================================================================

Section Cross References

    main.o(.text) refers to misc.o(.text) for NVIC_PriorityGroupConfig
    main.o(.text) refers to delay.o(.text) for delay_init
    main.o(.text) refers to usart.o(.text) for uart_init
    main.o(.text) refers to usart2.o(.text) for usart2_init
    main.o(.text) refers to led.o(.text) for LED_Init
    main.o(.text) refers to lcd.o(.text) for LCD_Init
    main.o(.text) refers to sram.o(.text) for FSMC_SRAM_Init
    main.o(.text) refers to malloc.o(.text) for my_mem_init
    main.o(.text) refers to key.o(.text) for KEY_Init
    main.o(.text) refers to big_task.o(.text) for BIG_start
    system_stm32f4xx.o(.text) refers to system_stm32f4xx.o(.data) for .data
    big_task.o(.text) refers to _printf_percent.o(.ARM.Collect$$_printf_percent$$00000000) for _printf_percent
    big_task.o(.text) refers to _printf_d.o(.ARM.Collect$$_printf_percent$$00000009) for _printf_d
    big_task.o(.text) refers to _printf_dec.o(.text) for _printf_int_dec
    big_task.o(.text) refers to lcd.o(.text) for LCD_ShowString
    big_task.o(.text) refers to tasks.o(.text) for vTaskDelay
    big_task.o(.text) refers to lwip_comm_1.o(.text) for lwip_comm_init
    big_task.o(.text) refers to noretval__2printf.o(.text) for __2printf
    big_task.o(.text) refers to tcp_client_demo.o(.text) for tcp_client_test
    big_task.o(.text) refers to port.o(.text) for vPortEnterCritical
    big_task.o(.text) refers to noretval__2sprintf.o(.text) for __2sprintf
    big_task.o(.text) refers to lwip_comm_1.o(.bss) for lwipdev
    big_task.o(.text) refers to big_task.o(.data) for .data
    big_task.o(.text) refers to lcd.o(.data) for POINT_COLOR
    big_imagetransmission.o(.text) refers to stm32f4xx_dma.o(.text) for DMA_Cmd
    big_imagetransmission.o(.text) refers to big_imagetransmission.o(.data) for .data
    big_imagetransmission.o(.text) refers to big_imagetransmission.o(.bss) for .bss
    big_cv.o(.data) refers to big_cv.o(.conststring) for .conststring
    big_cv.o(.data) refers to big_cv.o(.conststring) for .conststring
    led.o(.text) refers to stm32f4xx_rcc.o(.text) for RCC_AHB1PeriphClockCmd
    led.o(.text) refers to stm32f4xx_gpio.o(.text) for GPIO_Init
    timer.o(.text) refers to stm32f4xx_rcc.o(.text) for RCC_APB1PeriphClockCmd
    timer.o(.text) refers to stm32f4xx_tim.o(.text) for TIM_TimeBaseInit
    timer.o(.text) refers to misc.o(.text) for NVIC_Init
    timer.o(.text) refers to noretval__2printf.o(.text) for __2printf
    timer.o(.text) refers to lwip_comm_1.o(.data) for lwip_localtime
    lcd.o(.text) refers to _printf_percent.o(.ARM.Collect$$_printf_percent$$00000000) for _printf_percent
    lcd.o(.text) refers to _printf_x.o(.ARM.Collect$$_printf_percent$$0000000C) for _printf_x
    lcd.o(.text) refers to _printf_hex_int.o(.text) for _printf_longlong_hex
    lcd.o(.text) refers to delay.o(.text) for delay_us
    lcd.o(.text) refers to lcd.o(.bss) for .bss
    lcd.o(.text) refers to dflt_clz.o(x$fpl$dfltu) for __aeabi_ui2d
    lcd.o(.text) refers to dmul.o(x$fpl$dmul) for __aeabi_dmul
    lcd.o(.text) refers to dfixu.o(x$fpl$dfixu) for __aeabi_d2uiz
    lcd.o(.text) refers to lcd.o(.data) for .data
    lcd.o(.text) refers to stm32f4xx_rcc.o(.text) for RCC_AHB1PeriphClockCmd
    lcd.o(.text) refers to stm32f4xx_gpio.o(.text) for GPIO_Init
    lcd.o(.text) refers to stm32f4xx_fsmc.o(.text) for FSMC_NORSRAMInit
    lcd.o(.text) refers to noretval__2printf.o(.text) for __2printf
    lcd.o(.text) refers to lcd.o(.constdata) for .constdata
    dcmi.o(.text) refers to stm32f4xx_dcmi.o(.text) for DCMI_GetITStatus
    dcmi.o(.text) refers to big_imagetransmission.o(.text) for jpeg_data_process
    dcmi.o(.text) refers to stm32f4xx_rcc.o(.text) for RCC_AHB1PeriphClockCmd
    dcmi.o(.text) refers to stm32f4xx_dma.o(.text) for DMA_DeInit
    dcmi.o(.text) refers to misc.o(.text) for NVIC_Init
    dcmi.o(.text) refers to stm32f4xx_gpio.o(.text) for GPIO_Init
    dcmi.o(.text) refers to lcd.o(.text) for LCD_SetCursor
    dcmi.o(.text) refers to ov2640.o(.text) for OV2640_OutSize_Set
    dcmi.o(.text) refers to dcmi.o(.data) for .data
    dcmi.o(.text) refers to dcmi.o(.bss) for .bss
    ov2640.o(.text) refers to _printf_percent.o(.ARM.Collect$$_printf_percent$$00000000) for _printf_percent
    ov2640.o(.text) refers to _printf_d.o(.ARM.Collect$$_printf_percent$$00000009) for _printf_d
    ov2640.o(.text) refers to _printf_dec.o(.text) for _printf_int_dec
    ov2640.o(.text) refers to stm32f4xx_rcc.o(.text) for RCC_AHB1PeriphClockCmd
    ov2640.o(.text) refers to stm32f4xx_gpio.o(.text) for GPIO_Init
    ov2640.o(.text) refers to delay.o(.text) for delay_ms
    ov2640.o(.text) refers to sccb.o(.text) for SCCB_Init
    ov2640.o(.text) refers to noretval__2printf.o(.text) for __2printf
    ov2640.o(.text) refers to ov2640.o(.constdata) for .constdata
[...]
    ETH_WakeUpFrameDetectionCmd              0x080088d1   Thumb Code    22  stm32f4x7_eth.o(.text)
    ETH_MagicPacketDetectionCmd              0x080088e7   Thumb Code    22  stm32f4x7_eth.o(.text)
    ETH_PowerDownCmd                         0x080088fd   Thumb Code    22  stm32f4x7_eth.o(.text)
    ETH_MMCCounterFullPreset                 0x08008913   Thumb Code    16  stm32f4x7_eth.o(.text)
    ETH_MMCCounterHalfPreset                 0x08008923   Thumb Code    28  stm32f4x7_eth.o(.text)
    ETH_MMCCounterFreezeCmd                  0x0800893f   Thumb Code    26  stm32f4x7_eth.o(.text)
    ETH_MMCResetOnReadCmd                    0x08008959   Thumb Code    26  stm32f4x7_eth.o(.text)
    ETH_MMCCounterRolloverCmd                0x08008973   Thumb Code    26  stm32f4x7_eth.o(.text)
    ETH_MMCCountersReset                     0x0800898d   Thumb Code    16  stm32f4x7_eth.o(.text)
    ETH_MMCITConfig                          0x0800899d   Thumb Code    50  stm32f4x7_eth.o(.text)
    ETH_GetMMCITStatus                       0x080089cf   Thumb Code    36  stm32f4x7_eth.o(.text)
    ETH_GetMMCRegister                       0x080089f3   Thumb Code     6  stm32f4x7_eth.o(.text)
    DCMI_DeInit                              0x08008a15   Thumb Code    22  stm32f4xx_dcmi.o(.text)
    DCMI_Init                                0x08008a2b   Thumb Code    54  stm32f4xx_dcmi.o(.text)
    DCMI_StructInit                          0x08008a61   Thumb Code    18  stm32f4xx_dcmi.o(.text)
    DCMI_CROPConfig                          0x08008a73   Thumb Code    20  stm32f4xx_dcmi.o(.text)
    DCMI_CROPCmd                             0x08008a87   Thumb Code    22  stm32f4xx_dcmi.o(.text)
    DCMI_SetEmbeddedSynchroCodes             0x08008a9d   Thumb Code    14  stm32f4xx_dcmi.o(.text)
    DCMI_JPEGCmd                             0x08008aab   Thumb Code    22  stm32f4xx_dcmi.o(.text)
    DCMI_Cmd                                 0x08008ac1   Thumb Code    22  stm32f4xx_dcmi.o(.text)
    DCMI_CaptureCmd                          0x08008ad7   Thumb Code    22  stm32f4xx_dcmi.o(.text)
    DCMI_ReadData                            0x08008aed   Thumb Code     6  stm32f4xx_dcmi.o(.text)
    DCMI_ITConfig                            0x08008af3   Thumb Code    22  stm32f4xx_dcmi.o(.text)
    DCMI_GetFlagStatus                       0x08008b09   Thumb Code    32  stm32f4xx_dcmi.o(.text)
    DCMI_ClearFlag                           0x08008b29   Thumb Code     6  stm32f4xx_dcmi.o(.text)
    DCMI_GetITStatus                         0x08008b2f   Thumb Code    16  stm32f4xx_dcmi.o(.text)
    DCMI_ClearITPendingBit                   0x08008b3f   Thumb Code     6  stm32f4xx_dcmi.o(.text)
    DMA_DeInit                               0x08008b49   Thumb Code   272  stm32f4xx_dma.o(.text)
    DMA_Init                                 0x08008c59   Thumb Code    80  stm32f4xx_dma.o(.text)
    DMA_StructInit                           0x08008ca9   Thumb Code    34  stm32f4xx_dma.o(.text)
    DMA_Cmd                                  0x08008ccb   Thumb Code    20  stm32f4xx_dma.o(.text)
    DMA_PeriphIncOffsetSizeConfig            0x08008cdf   Thumb Code    20  stm32f4xx_dma.o(.text)
    DMA_FlowControllerConfig                 0x08008cf3   Thumb Code    20  stm32f4xx_dma.o(.text)
    DMA_SetCurrDataCounter                   0x08008d07   Thumb Code     4  stm32f4xx_dma.o(.text)
    DMA_GetCurrDataCounter                   0x08008d0b   Thumb Code     6  stm32f4xx_dma.o(.text)
    DMA_DoubleBufferModeConfig               0x08008d11   Thumb Code    22  stm32f4xx_dma.o(.text)
    DMA_DoubleBufferModeCmd                  0x08008d27   Thumb Code    20  stm32f4xx_dma.o(.text)
    DMA_MemoryTargetConfig                   0x08008d3b   Thumb Code    10  stm32f4xx_dma.o(.text)
    DMA_GetCurrentMemoryTarget               0x08008d45   Thumb Code    14  stm32f4xx_dma.o(.text)
    DMA_GetCmdStatus                         0x08008d53   Thumb Code    14  stm32f4xx_dma.o(.text)
    DMA_GetFIFOStatus                        0x08008d61   Thumb Code     8  stm32f4xx_dma.o(.text)
    DMA_GetFlagStatus                        0x08008d69   Thumb Code    42  stm32f4xx_dma.o(.text)
    DMA_ClearFlag                            0x08008d93   Thumb Code    34  stm32f4xx_dma.o(.text)
    DMA_ITConfig                             0x08008db5   Thumb Code    44  stm32f4xx_dma.o(.text)
    DMA_GetITStatus                          0x08008de1   Thumb Code    70  stm32f4xx_dma.o(.text)
    DMA_ClearITPendingBit                    0x08008e27   Thumb Code    34  stm32f4xx_dma.o(.text)
    usmart_sys_cmd_exe                       0x08008e69   Thumb Code  1442  usmart.o(.text)
    usmart_reset_runtime                     0x0800940b   Thumb Code    40  usmart.o(.text)
    usmart_get_runtime                       0x08009433   Thumb Code    48  usmart.o(.text)
    TIM4_IRQHandler                          0x08009463   Thumb Code    50  usmart.o(.text)
    Timer4_Init                              0x08009495   Thumb Code    88  usmart.o(.text)
    usmart_init                              0x080094ed   Thumb Code    36  usmart.o(.text)
    usmart_cmd_rec                           0x08009511   Thumb Code   144  usmart.o(.text)
    usmart_exe                               0x080095a1   Thumb Code   768  usmart.o(.text)
    usmart_scan                              0x080098a1   Thumb Code    92  usmart.o(.text)
    read_addr                                0x080098fd   Thumb Code     4  usmart.o(.text)
    write_addr                               0x08009901   Thumb Code     4  usmart.o(.text)
    usmart_strcmp                            0x0800997d   Thumb Code    24  usmart_str.o(.text)
    usmart_strcopy                           0x08009995   Thumb Code    18  usmart_str.o(.text)
    usmart_strlen                            0x080099a7   Thumb Code    18  usmart_str.o(.text)
    usmart_pow                               0x080099b9   Thumb Code    16  usmart_str.o(.text)
    usmart_str2num                           0x080099c9   Thumb Code   158  usmart_str.o(.text)
    usmart_get_cmdname                       0x08009a67   Thumb Code    46  usmart_str.o(.text)
    usmart_search_nextc                      0x08009a95   Thumb Code    16  usmart_str.o(.text)
    usmart_get_fname                         0x08009aa5   Thumb Code   356  usmart_str.o(.text)
    usmart_get_aparm                         0x08009c09   Thumb Code   156  usmart_str.o(.text)
    usmart_get_parmpos                       0x08009ca5   Thumb Code    30  usmart_str.o(.text)
    usmart_get_fparam                        0x08009cc3   Thumb Code   206  usmart_str.o(.text)
    tcp_client_set_remoteip                  0x08009d9d   Thumb Code   214  tcp_client_demo.o(.text)
    tcp_client_connection_close              0x08009e73   Thumb Code    72  tcp_client_demo.o(.text)
    tcp_client_senddata                      0x08009ebb   Thumb Code    80  tcp_client_demo.o(.text)
    tcp_client_poll                          0x08009f0b   Thumb Code   106  tcp_client_demo.o(.text)
    tcp_client_sent                          0x08009f75   Thumb Code    20  tcp_client_demo.o(.text)
    tcp_client_error                         0x08009f89   Thumb Code     2  tcp_client_demo.o(.text)
    tcp_client_recv                          0x08009f8b   Thumb Code   152  tcp_client_demo.o(.text)
    tcp_client_connected                     0x0800a023   Thumb Code   112  tcp_client_demo.o(.text)
    tcp_client_test                          0x0800a093   Thumb Code  1012  tcp_client_demo.o(.text)
    lwip_pkt_handle                          0x0800a4c1   Thumb Code     6  lwip_comm_1.o(.text)
    lwip_comm_mem_free                       0x0800a4c7   Thumb Code    26  lwip_comm_1.o(.text)
    lwip_comm_mem_malloc                     0x0800a4e1   Thumb Code    50  lwip_comm_1.o(.text)
    lwip_comm_default_ip_set                 0x0800a513   Thumb Code    74  lwip_comm_1.o(.text)
    lwip_comm_init                           0x0800a55d   Thumb Code   144  lwip_comm_1.o(.text)
    lwip_comm_dhcp_delete                    0x0800a5ed   Thumb Code    20  lwip_comm_1.o(.text)
    lwip_dhcp_task                           0x0800a601   Thumb Code   300  lwip_comm_1.o(.text)
    lwip_comm_dhcp_create                    0x0800a72d   Thumb Code    44  lwip_comm_1.o(.text)
    lwip_periodic_handle                     0x0800a759   Thumb Code   108  lwip_comm_1.o(.text)
    etharp_tmr                               0x0800aa97   Thumb Code    66  etharp.o(.text)
    etharp_cleanup_netif                     0x0800acf9   Thumb Code    42  etharp.o(.text)
    etharp_find_addr                         0x0800ad23   Thumb Code    74  etharp.o(.text)
    etharp_request                           0x0800b0a7   Thumb Code    32  etharp.o(.text)
    etharp_query                             0x0800b11b   Thumb Code   298  etharp.o(.text)
    etharp_output                            0x0800b245   Thumb Code   306  etharp.o(.text)
    ethernet_input                           0x0800b377   Thumb Code   414  etharp.o(.text)
    ethernetif_input                         0x0800b549   Thumb Code   116  ethernetif.o(.text)
    ethernetif_init                          0x0800b5bd   Thumb Code    48  ethernetif.o(.text)
    icmp_input                               0x0800b6f1   Thumb Code   310  icmp.o(.text)
    icmp_dest_unreach                        0x0800b89f   Thumb Code     6  icmp.o(.text)
    icmp_time_exceeded                       0x0800b8a5   Thumb Code     6  icmp.o(.text)
    inet_chksum_pseudo                       0x0800ba77   Thumb Code   136  inet_chksum.o(.text)
    inet_chksum_pseudo_partial               0x0800baff   Thumb Code   178  inet_chksum.o(.text)
    inet_chksum                              0x0800bbb1   Thumb Code    12  inet_chksum.o(.text)
    inet_chksum_pbuf                         0x0800bbbd   Thumb Code    72  inet_chksum.o(.text)
    ip_route                                 0x0800bc6d   Thumb Code    54  ip.o(.text)
    ip_input                                 0x0800bca3   Thumb Code   366  ip.o(.text)
    ip_output_if                             0x0800be11   Thumb Code   210  ip.o(.text)
    ip_output                                0x0800bee3   Thumb Code    72  ip.o(.text)
    ip4_addr_isbroadcast                     0x0800bfc9   Thumb Code    46  ip_addr.o(.text)
    ip4_addr_netmask_valid                   0x0800bff7   Thumb Code    38  ip_addr.o(.text)
    ipaddr_aton                              0x0800c01d   Thumb Code   262  ip_addr.o(.text)
    ipaddr_addr                              0x0800c123   Thumb Code    20  ip_addr.o(.text)
    ipaddr_ntoa_r                            0x0800c137   Thumb Code   118  ip_addr.o(.text)
    ipaddr_ntoa                              0x0800c1ad   Thumb Code     6  ip_addr.o(.text)
    ip_reass_tmr                             0x0800c31b   Thumb Code    40  ip_frag.o(.text)
    ip_reass                                 0x0800c509   Thumb Code   824  ip_frag.o(.text)
    ip_frag                                  0x0800c88d   Thumb Code   382  ip_frag.o(.text)
    lwip_htons                               0x0800ca49   Thumb Code     4  def.o(.text)
    lwip_ntohs                               0x0800ca4d   Thumb Code     4  def.o(.text)
    lwip_htonl                               0x0800ca51   Thumb Code     4  def.o(.text)
    lwip_ntohl                               0x0800ca55   Thumb Code     4  def.o(.text)
    dhcp_renew                               0x0800d1c5   Thumb Code   132  dhcp.o(.text)
    dhcp_coarse_tmr                          0x0800d2cb   Thumb Code    90  dhcp.o(.text)
    dhcp_release                             0x0800d3c1   Thumb Code   160  dhcp.o(.text)
    dhcp_fine_tmr                            0x0800d595   Thumb Code    46  dhcp.o(.text)
    dhcp_set_struct                          0x0800d5c3   Thumb Code    80  dhcp.o(.text)
    dhcp_cleanup                             0x0800d613   Thumb Code    40  dhcp.o(.text)
    dhcp_stop                                0x0800d63b   Thumb Code    92  dhcp.o(.text)
    dhcp_start                               0x0800dba1   Thumb Code   220  dhcp.o(.text)
    dhcp_inform                              0x0800dc7d   Thumb Code   168  dhcp.o(.text)
    dhcp_network_changed                     0x0800dd25   Thumb Code    66  dhcp.o(.text)
    dhcp_arp_reply                           0x0800dd67   Thumb Code    48  dhcp.o(.text)
    lwip_init                                0x0800df3d   Thumb Code    38  init.o(.text)
    memp_get_memorysize                      0x0800df65   Thumb Code     6  memp.o(.text)
    memp_init                                0x0800df6b   Thumb Code    80  memp.o(.text)
    memp_malloc                              0x0800dfbb   Thumb Code    76  memp.o(.text)
    memp_free                                0x0800e007   Thumb Code    52  memp.o(.text)
    netif_init                               0x0800e0fd   Thumb Code     2  netif.o(.text)
    netif_set_gw                             0x0800e0ff   Thumb Code     8  netif.o(.text)
    netif_set_netmask                        0x0800e107   Thumb Code     8  netif.o(.text)
    netif_set_ipaddr                         0x0800e10f   Thumb Code    96  netif.o(.text)
    netif_set_addr                           0x0800e16f   Thumb Code    30  netif.o(.text)
    netif_add                                0x0800e18d   Thumb Code    96  netif.o(.text)
    netif_set_default                        0x0800e1ed   Thumb Code     6  netif.o(.text)
    netif_set_down                           0x0800e1f3   Thumb Code    26  netif.o(.text)
    netif_remove                             0x0800e20d   Thumb Code    68  netif.o(.text)
    netif_find                               0x0800e251   Thumb Code    58  netif.o(.text)
    netif_set_up                             0x0800e28b   Thumb Code    32  netif.o(.text)
    netif_set_link_up                        0x0800e2ab   Thumb Code    56  netif.o(.text)
    netif_set_link_down                      0x0800e2e3   Thumb Code    18  netif.o(.text)
    pbuf_free                                0x0800e369   Thumb Code   186  pbuf.o(.text)
    pbuf_alloc                               0x0800e423   Thumb Code   460  pbuf.o(.text)
    pbuf_alloced_custom                      0x0800e5ef   Thumb Code   100  pbuf.o(.text)
    pbuf_realloc                             0x0800e653   Thumb Code   186  pbuf.o(.text)
    pbuf_header                              0x0800e70d   Thumb Code   806  pbuf.o(.text)
    pbuf_clen                                0x0800ea33   Thumb Code    18  pbuf.o(.text)
    pbuf_ref                                 0x0800ea45   Thumb Code    26  pbuf.o(.text)
    pbuf_cat                                 0x0800ea5f   Thumb Code   108  pbuf.o(.text)
    pbuf_chain                               0x0800eacb   Thumb Code    16  pbuf.o(.text)
    pbuf_dechain                             0x0800eadb   Thumb Code   102  pbuf.o(.text)
    pbuf_copy                                0x0800eb41   Thumb Code   258  pbuf.o(.text)
    pbuf_copy_partial                        0x0800ec43   Thumb Code   130  pbuf.o(.text)
    pbuf_take                                0x0800ecc5   Thumb Code   146  pbuf.o(.text)
    pbuf_coalesce                            0x0800ed57   Thumb Code    66  pbuf.o(.text)
    pbuf_get_at                              0x0800ed99   Thumb Code   600  pbuf.o(.text)
    pbuf_memcmp                              0x0800eff1   Thumb Code    68  pbuf.o(.text)
    pbuf_memfind                             0x0800f035   Thumb Code    56  pbuf.o(.text)
    pbuf_strstr                              0x0800f06d   Thumb Code    50  pbuf.o(.text)
    raw_input                                0x0800f0a1   Thumb Code   104  raw.o(.text)
    raw_bind                                 0x0800f109   Thumb Code    10  raw.o(.text)
    raw_connect                              0x0800f113   Thumb Code    10  raw.o(.text)
    raw_recv                                 0x0800f11d   Thumb Code     6  raw.o(.text)
    raw_sendto                               0x0800f123   Thumb Code   160  raw.o(.text)
    raw_send                                 0x0800f1c3   Thumb Code     4  raw.o(.text)
    raw_remove                               0x0800f1c7   Thumb Code    40  raw.o(.text)
    raw_new                                  0x0800f1ef   Thumb Code    38  raw.o(.text)
    tcp_init                                 0x0800f299   Thumb Code     2  tcp.o(.text)
    tcp_seg_free                             0x0800f29b   Thumb Code    28  tcp.o(.text)
    tcp_segs_free                            0x0800f2b7   Thumb Code    18  tcp.o(.text)
    tcp_pcb_purge                            0x0800f2c9   Thumb Code    58  tcp.o(.text)
    tcp_slowtmr                              0x0800f303   Thumb Code   754  tcp.o(.text)
    tcp_pcb_remove                           0x0800f5f5   Thumb Code   126  tcp.o(.text)
    tcp_close                                0x0800f9a1   Thumb Code    18  tcp.o(.text)
    tcp_update_rcv_ann_wnd                   0x0800f9b3   Thumb Code    80  tcp.o(.text)
    tcp_recved                               0x0800fa03   Thumb Code   112  tcp.o(.text)
    tcp_recv_null                            0x0800fa73   Thumb Code    34  tcp.o(.text)
    tcp_process_refused_data                 0x0800fa95   Thumb Code   100  tcp.o(.text)
    tcp_fasttmr                              0x0800faf9   Thumb Code    88  tcp.o(.text)
    tcp_tmr                                  0x0800fb51   Thumb Code    30  tcp.o(.text)
    tcp_shutdown                             0x0800fb6f   Thumb Code    76  tcp.o(.text)
    tcp_abandon                              0x0800fbbb   Thumb Code   162  tcp.o(.text)
    tcp_abort                                0x0800fc5d   Thumb Code     4  tcp.o(.text)
    tcp_bind                                 0x0800fd75   Thumb Code   136  tcp.o(.text)
    tcp_listen_with_backlog                  0x0800fe03   Thumb Code   146  tcp.o(.text)
    tcp_eff_send_mss                         0x0800fe95   Thumb Code    32  tcp.o(.text)
    tcp_next_iss                             0x0800feb5   Thumb Code    12  tcp.o(.text)
    tcp_connect                              0x0800fec1   Thumb Code   266  tcp.o(.text)
    tcp_setprio                              0x0800ffcb   Thumb Code     4  tcp.o(.text)
    tcp_alloc                                0x0800ffcf   Thumb Code   236  tcp.o(.text)
    tcp_new                                  0x080100bb   Thumb Code     4  tcp.o(.text)
    tcp_arg                                  0x080100bf   Thumb Code     4  tcp.o(.text)
    tcp_recv                                 0x080100c3   Thumb Code    34  tcp.o(.text)
    tcp_sent                                 0x080100e5   Thumb Code    34  tcp.o(.text)
    tcp_err                                  0x08010107   Thumb Code    36  tcp.o(.text)
    tcp_accept                               0x0801012b   Thumb Code     4  tcp.o(.text)
    tcp_poll                                 0x0801012f   Thumb Code    42  tcp.o(.text)
    tcp_debug_state_str                      0x08010159   Thumb Code    10  tcp.o(.text)
    tcp_input                                0x08010e59   Thumb Code  1212  tcp_in.o(.text)
    tcp_enqueue_flags                        0x080114c1   Thumb Code   286  tcp_out.o(.text)
    tcp_send_fin                             0x080115df   Thumb Code    68  tcp_out.o(.text)
    tcp_write                                0x080116f7   Thumb Code  1488  tcp_out.o(.text)
    tcp_send_empty_ack                       0x08011cc7   Thumb Code   520  tcp_out.o(.text)
    tcp_output                               0x08011f79   Thumb Code   440  tcp_out.o(.text)
    tcp_rst                                  0x08012131   Thumb Code   144  tcp_out.o(.text)
    tcp_rexmit_rto                           0x080121c1   Thumb Code    44  tcp_out.o(.text)
    tcp_rexmit                               0x080121ed   Thumb Code    82  tcp_out.o(.text)
    tcp_rexmit_fast                          0x0801223f   Thumb Code    88  tcp_out.o(.text)
    tcp_keepalive                            0x08012297   Thumb Code    60  tcp_out.o(.text)
    tcp_zero_window_probe                    0x080122d3   Thumb Code   220  tcp_out.o(.text)
    sys_timeout                              0x080123b1   Thumb Code   104  timers.o(.text)
    tcp_timer_needed                         0x0801243f   Thumb Code    34  timers.o(.text)
    sys_timeouts_init                        0x080124b1   Thumb Code    52  timers.o(.text)
    sys_untimeout                            0x080124e5   Thumb Code    68  timers.o(.text)
    sys_timeouts_mbox_fetch                  0x08012529   Thumb Code    96  timers.o(.text)
    udp_init                                 0x0801263d   Thumb Code     2  udp.o(.text)
    udp_input                                0x0801263f   Thumb Code   388  udp.o(.text)
    udp_bind                                 0x080127c3   Thumb Code   192  udp.o(.text)
    udp_sendto_if                            0x08012883   Thumb Code   202  udp.o(.text)
    udp_sendto                               0x0801294d   Thumb Code    40  udp.o(.text)
    udp_send                                 0x08012975   Thumb Code     6  udp.o(.text)
    udp_connect                              0x0801297b   Thumb Code    70  udp.o(.text)
    udp_disconnect                           0x080129c1   Thumb Code    16  udp.o(.text)
    udp_recv                                 0x080129d1   Thumb Code     6  udp.o(.text)
    udp_remove                               0x080129d7   Thumb Code    40  udp.o(.text)
    udp_new                                  0x080129ff   Thumb Code    26  udp.o(.text)
    mem_init                                 0x08012b73   Thumb Code    76  mem.o(.text)
    mem_free                                 0x08012bbf   Thumb Code   140  mem.o(.text)
    mem_trim                                 0x08012c4b   Thumb Code   272  mem.o(.text)
    mem_malloc                               0x08012d5b   Thumb Code   740  mem.o(.text)
    mem_calloc                               0x0801303f   Thumb Code    26  mem.o(.text)
    sys_mbox_new                             0x080130b1   Thumb Code    36  sys_arch.o(.text)
    sys_mbox_free                            0x080130d5   Thumb Code    16  sys_arch.o(.text)
    sys_mbox_post                            0x080130e5   Thumb Code    88  sys_arch.o(.text)
    sys_mbox_trypost                         0x0801313d   Thumb Code    68  sys_arch.o(.text)
    sys_now                                  0x08013181   Thumb Code    18  sys_arch.o(.text)
    sys_arch_mbox_fetch                      0x08013193   Thumb Code    82  sys_arch.o(.text)
    sys_arch_mbox_tryfetch                   0x080131e5   Thumb Code     4  sys_arch.o(.text)
    sys_mbox_valid                           0x080131e9   Thumb Code    10  sys_arch.o(.text)
    sys_mbox_set_invalid                     0x080131f3   Thumb Code     6  sys_arch.o(.text)
    sys_sem_new                              0x080131f9   Thumb Code    24  sys_arch.o(.text)
    sys_arch_sem_wait                        0x08013211   Thumb Code    64  sys_arch.o(.text)
    sys_sem_signal                           0x08013251   Thumb Code    52  sys_arch.o(.text)
    sys_sem_free                             0x08013285   Thumb Code    16  sys_arch.o(.text)
    sys_sem_valid                            0x08013295   Thumb Code    10  sys_arch.o(.text)
    sys_sem_set_invalid                      0x0801329f   Thumb Code     6  sys_arch.o(.text)
    sys_thread_new                           0x080132a5   Thumb Code    56  sys_arch.o(.text)
    sys_init                                 0x080132dd   Thumb Code     2  sys_arch.o(.text)
    sys_msleep                               0x080132df   Thumb Code     4  sys_arch.o(.text)
    Enter_Critical                           0x080132e3   Thumb Code    40  sys_arch.o(.text)
    Exit_Critical                            0x0801330b   Thumb Code    20  sys_arch.o(.text)
    netconn_new_with_proto_and_callback      0x08013329   Thumb Code   152  api_lib.o(.text)
    netconn_delete                           0x080133c1   Thumb Code    32  api_lib.o(.text)
    netconn_getaddr                          0x080133e1   Thumb Code    96  api_lib.o(.text)
    netconn_bind                             0x08013441   Thumb Code    70  api_lib.o(.text)
    netconn_connect                          0x08013487   Thumb Code    70  api_lib.o(.text)
    netconn_disconnect                       0x080134cd   Thumb Code    64  api_lib.o(.text)
    netconn_listen_with_backlog              0x0801350d   Thumb Code    64  api_lib.o(.text)
    netconn_accept                           0x0801354d   Thumb Code   160  api_lib.o(.text)
    netconn_recv_tcp_pbuf                    0x0801398d   Thumb Code    42  api_lib.o(.text)
    netconn_recv                             0x080139b7   Thumb Code   212  api_lib.o(.text)
    netconn_recved                           0x08013a8b   Thumb Code    40  api_lib.o(.text)
    netconn_send                             0x08013ab3   Thumb Code    72  api_lib.o(.text)
    netconn_sendto                           0x08013afb   Thumb Code    18  api_lib.o(.text)
    netconn_write_partly                     0x08013b0d   Thumb Code   172  api_lib.o(.text)
    netconn_close                            0x08013c03   Thumb Code     4  api_lib.o(.text)
    netconn_shutdown                         0x08013c07   Thumb Code    12  api_lib.o(.text)
    netconn_free                             0x0801452b   Thumb Code   116  api_msg.o(.text)
    netconn_alloc                            0x0801459f   Thumb Code   150  api_msg.o(.text)
    do_newconn                               0x080148f1   Thumb Code    32  api_msg.o(.text)
    do_delconn                               0x080149c5   Thumb Code   228  api_msg.o(.text)
    do_bind                                  0x08014aa9   Thumb Code    82  api_msg.o(.text)
    do_connect                               0x08014b9d   Thumb Code   166  api_msg.o(.text)
    do_disconnect                            0x08014c43   Thumb Code    42  api_msg.o(.text)
    do_listen                                0x08014c6d   Thumb Code   448  api_msg.o(.text)
    do_send                                  0x08014e2d   Thumb Code   128  api_msg.o(.text)
    do_recv                                  0x08014ead   Thumb Code    68  api_msg.o(.text)
    do_write                                 0x08014ef1   Thumb Code   130  api_msg.o(.text)
    do_getaddr                               0x08014f73   Thumb Code   138  api_msg.o(.text)
    do_close                                 0x08014ffd   Thumb Code   146  api_msg.o(.text)
    netbuf_new                               0x080150c1   Thumb Code    24  netbuf.o(.text)
    netbuf_delete                            0x080150d9   Thumb Code    34  netbuf.o(.text)
    netbuf_alloc                             0x080150fb   Thumb Code    74  netbuf.o(.text)
    netbuf_free                              0x08015145   Thumb Code    38  netbuf.o(.text)
    netbuf_ref                               0x0801516b   Thumb Code    78  netbuf.o(.text)
    netbuf_chain                             0x080151b9   Thumb Code    58  netbuf.o(.text)
    netbuf_data                              0x080151f3   Thumb Code    72  netbuf.o(.text)
    netbuf_next                              0x0801523b   Thumb Code    44  netbuf.o(.text)
    netbuf_first                             0x08015267   Thumb Code    20  netbuf.o(.text)
    lwip_socket_init                         0x080153d1   Thumb Code     2  sockets.o(.text)
    lwip_accept                              0x0801555f   Thumb Code   350  sockets.o(.text)
    lwip_bind                                0x080156bd   Thumb Code   104  sockets.o(.text)
    lwip_close                               0x08015725   Thumb Code   100  sockets.o(.text)
    lwip_connect                             0x08015789   Thumb Code   382  sockets.o(.text)
    lwip_listen                              0x08015907   Thumb Code    86  sockets.o(.text)
    lwip_recvfrom                            0x0801595d   Thumb Code   480  sockets.o(.text)
    lwip_read                                0x08015b3d   Thumb Code    14  sockets.o(.text)
    lwip_recv                                0x08015b4b   Thumb Code    14  sockets.o(.text)
    lwip_sendto                              0x08015b59   Thumb Code   212  sockets.o(.text)
    lwip_send                                0x08015c2d   Thumb Code   116  sockets.o(.text)
    lwip_socket                              0x08015ca1   Thumb Code   268  sockets.o(.text)
    lwip_write                               0x08015dad   Thumb Code     4  sockets.o(.text)
    lwip_select                              0x08015ec1   Thumb Code   852  sockets.o(.text)
    lwip_shutdown                            0x08016215   Thumb Code   108  sockets.o(.text)
    lwip_getpeername                         0x080162eb   Thumb Code     4  sockets.o(.text)
    lwip_getsockname                         0x080162ef   Thumb Code     4  sockets.o(.text)
    lwip_getsockopt                          0x08016429   Thumb Code   242  sockets.o(.text)
    lwip_setsockopt                          0x08016621   Thumb Code   274  sockets.o(.text)
    lwip_ioctl                               0x08016733   Thumb Code    68  sockets.o(.text)
    lwip_fcntl                               0x08016777   Thumb Code    70  sockets.o(.text)
    tcpip_input                              0x08016887   Thumb Code    74  tcpip.o(.text)
    tcpip_callback_with_block                0x080168d1   Thumb Code    92  tcpip.o(.text)
    tcpip_timeout                            0x0801692d   Thumb Code    62  tcpip.o(.text)
    tcpip_untimeout                          0x0801696b   Thumb Code    58  tcpip.o(.text)
    tcpip_apimsg                             0x080169a5   Thumb Code    62  tcpip.o(.text)
    tcpip_callbackmsg_new                    0x080169e3   Thumb Code    26  tcpip.o(.text)
    tcpip_callbackmsg_delete                 0x080169fd   Thumb Code     8  tcpip.o(.text)
    tcpip_trycallback                        0x08016a05   Thumb Code    34  tcpip.o(.text)
    tcpip_init                               0x08016a27   Thumb Code    62  tcpip.o(.text)
    pbuf_free_callback                       0x08016a69   Thumb Code     8  tcpip.o(.text)
    mem_free_callback                        0x08016a71   Thumb Code     8  tcpip.o(.text)
    vListInitialise                          0x08016b2d   Thumb Code    22  list.o(.text)
    vListInitialiseItem                      0x08016b43   Thumb Code     6  list.o(.text)
    vListInsertEnd                           0x08016b49   Thumb Code    24  list.o(.text)
    vListInsert                              0x08016b61   Thumb Code    48  list.o(.text)
    uxListRemove                             0x08016b91   Thumb Code    36  list.o(.text)
    xQueueGenericReset                       0x08016bb5   Thumb Code   128  queue.o(.text)
    xQueueGenericCreate                      0x08016c35   Thumb Code    82  queue.o(.text)
    xQueueGenericSend                        0x08016dd5   Thumb Code   350  queue.o(.text)
    xQueueCreateMutex                        0x08016f33   Thumb Code    36  queue.o(.text)
    xQueueGiveMutexRecursive                 0x08016f57   Thumb Code    98  queue.o(.text)
    xQueueGenericReceive                     0x08016fdf   Thumb Code   356  queue.o(.text)
    xQueueTakeMutexRecursive                 0x08017143   Thumb Code    68  queue.o(.text)
    xQueueCreateCountingSemaphore            0x08017187   Thumb Code    62  queue.o(.text)
    xQueueGenericSendFromISR                 0x080171c5   Thumb Code   200  queue.o(.text)
    xQueueGiveFromISR                        0x0801728d   Thumb Code   172  queue.o(.text)
    xQueueReceiveFromISR                     0x08017339   Thumb Code   150  queue.o(.text)
    xQueuePeekFromISR                        0x080173cf   Thumb Code   114  queue.o(.text)
    uxQueueMessagesWaiting                   0x08017441   Thumb Code    36  queue.o(.text)
    uxQueueSpacesAvailable                   0x08017465   Thumb Code    40  queue.o(.text)
    uxQueueMessagesWaitingFromISR            0x0801748d   Thumb Code    26  queue.o(.text)
    vQueueUnregisterQueue                    0x080174a7   Thumb Code    36  queue.o(.text)
    vQueueDelete                             0x080174cb   Thumb Code    38  queue.o(.text)
    uxQueueGetQueueNumber                    0x080174f1   Thumb Code     4  queue.o(.text)
    vQueueSetQueueNumber                     0x080174f5   Thumb Code     4  queue.o(.text)
    ucQueueGetQueueType                      0x080174f9   Thumb Code     6  queue.o(.text)
    xQueueIsQueueEmptyFromISR                0x080174ff   Thumb Code    34  queue.o(.text)
    xQueueIsQueueFullFromISR                 0x08017521   Thumb Code    38  queue.o(.text)
    vQueueAddToRegistry                      0x08017547   Thumb Code    32  queue.o(.text)
    pcQueueGetName                           0x08017567   Thumb Code    34  queue.o(.text)
    vQueueWaitForMessageRestricted           0x08017589   Thumb Code    68  queue.o(.text)
    xQueueCreateSet                          0x080175cd   Thumb Code     8  queue.o(.text)
    xQueueAddToSet                           0x080175d5   Thumb Code    34  queue.o(.text)
    xQueueRemoveFromSet                      0x080175f7   Thumb Code    34  queue.o(.text)
    xQueueSelectFromSet                      0x08017619   Thumb Code    18  queue.o(.text)
    xQueueSelectFromSetFromISR               0x0801762b   Thumb Code    18  queue.o(.text)
    xTaskCreate                              0x08017721   Thumb Code    86  tasks.o(.text)
    vTaskDelete                              0x08017777   Thumb Code   154  tasks.o(.text)
    xTaskIncrementTick                       0x08017811   Thumb Code   186  tasks.o(.text)
    xTaskResumeAll                           0x080178cb   Thumb Code   182  tasks.o(.text)
    vTaskSuspendAll                          0x080179e7   Thumb Code    10  tasks.o(.text)
    vTaskDelayUntil                          0x080179f1   Thumb Code   180  tasks.o(.text)
    vTaskDelay                               0x08017aa5   Thumb Code    66  tasks.o(.text)
    eTaskGetState                            0x08017ae7   Thumb Code    94  tasks.o(.text)
    uxTaskPriorityGet                        0x08017b45   Thumb Code    24  tasks.o(.text)
    uxTaskPriorityGetFromISR                 0x08017b5d   Thumb Code    40  tasks.o(.text)
    vTaskPrioritySet                         0x08017b85   Thumb Code   184  tasks.o(.text)
    vTaskSwitchContext                       0x08017c3d   Thumb Code    84  tasks.o(.text)
    vTaskSuspend                             0x08017c91   Thumb Code   156  tasks.o(.text)
    vTaskResume                              0x08017d5d   Thumb Code   116  tasks.o(.text)
    xTaskResumeFromISR                       0x08017dd1   Thumb Code   126  tasks.o(.text)
    vTaskStartScheduler                      0x08017e6d   Thumb Code   130  tasks.o(.text)
    vTaskEndScheduler                        0x08017eef   Thumb Code    24  tasks.o(.text)
    xTaskGetTickCount                        0x08017f07   Thumb Code     6  tasks.o(.text)
    xTaskGetTickCountFromISR                 0x08017f0d   Thumb Code    12  tasks.o(.text)
    uxTaskGetNumberOfTasks                   0x08017f19   Thumb Code     6  tasks.o(.text)
    pcTaskGetName                            0x08017f1f   Thumb Code    38  tasks.o(.text)
    vTaskGetInfo                             0x08017f45   Thumb Code   126  tasks.o(.text)
    uxTaskGetSystemState                     0x08018017   Thumb Code   156  tasks.o(.text)
    vTaskPlaceOnEventList                    0x080180b3   Thumb Code    46  tasks.o(.text)
    vTaskPlaceOnUnorderedEventList           0x080180e1   Thumb Code    78  tasks.o(.text)
    vTaskPlaceOnEventListRestricted          0x0801812f   Thumb Code    54  tasks.o(.text)
    xTaskRemoveFromEventList                 0x08018165   Thumb Code   106  tasks.o(.text)
    xTaskRemoveFromUnorderedEventList        0x080181cf   Thumb Code   116  tasks.o(.text)
    vTaskSetTimeOutState                     0x08018243   Thumb Code    34  tasks.o(.text)
    xTaskCheckForTimeOut                     0x08018265   Thumb Code   114  tasks.o(.text)
    vTaskMissedYield                         0x080182d7   Thumb Code     8  tasks.o(.text)
    uxTaskGetTaskNumber                      0x080182df   Thumb Code     8  tasks.o(.text)
    vTaskSetTaskNumber                       0x080182e7   Thumb Code     8  tasks.o(.text)
    xTaskGetCurrentTaskHandle                0x080182ef   Thumb Code     6  tasks.o(.text)
    xTaskGetSchedulerState                   0x080182f5   Thumb Code    22  tasks.o(.text)
    vTaskPriorityInherit                     0x0801830b   Thumb Code   124  tasks.o(.text)
    xTaskPriorityDisinherit                  0x08018387   Thumb Code   144  tasks.o(.text)
    vTaskList                                0x08018417   Thumb Code   188  tasks.o(.text)
    uxTaskResetEventItemValue                0x080184d3   Thumb Code    20  tasks.o(.text)
    pvTaskIncrementMutexHeldCount            0x080184e7   Thumb Code    18  tasks.o(.text)
    ulTaskNotifyTake                         0x080184f9   Thumb Code    96  tasks.o(.text)
    xTaskNotifyWait                          0x08018559   Thumb Code   128  tasks.o(.text)
    xTaskGenericNotify                       0x080185d9   Thumb Code   190  tasks.o(.text)
    xTaskGenericNotifyFromISR                0x08018697   Thumb Code   256  tasks.o(.text)
    vTaskNotifyGiveFromISR                   0x08018797   Thumb Code   168  tasks.o(.text)
    xTaskNotifyStateClear                    0x0801883f   Thumb Code    44  tasks.o(.text)
    xTimerGenericCommand                     0x080189e1   Thumb Code    98  timers_1.o(.text)
    xTimerCreateTimerTask                    0x08018b67   Thumb Code    58  timers_1.o(.text)
    xTimerCreate                             0x08018ba1   Thumb Code    72  timers_1.o(.text)
    xTimerGetTimerDaemonTaskHandle           0x08018be9   Thumb Code    24  timers_1.o(.text)
    xTimerGetPeriod                          0x08018c01   Thumb Code    22  timers_1.o(.text)
    xTimerGetExpiryTime                      0x08018c17   Thumb Code    22  timers_1.o(.text)
    pcTimerGetName                           0x08018c2d   Thumb Code    22  timers_1.o(.text)
    xTimerIsTimerActive                      0x08018c43   Thumb Code    40  timers_1.o(.text)
    pvTimerGetTimerID                        0x08018c6b   Thumb Code    32  timers_1.o(.text)
    vTimerSetTimerID                         0x08018c8b   Thumb Code    34  timers_1.o(.text)
    xTimerPendFunctionCallFromISR            0x08018cad   Thumb Code    34  timers_1.o(.text)
    xTimerPendFunctionCall                   0x08018ccf   Thumb Code    60  timers_1.o(.text)
    pxPortInitialiseStack                    0x08018ee9   Thumb Code    40  port.o(.text)
    vPortSetupTimerInterrupt                 0x08018f11   Thumb Code    26  port.o(.text)
    xPortStartScheduler                      0x08018f2b   Thumb Code   196  port.o(.text)
    vPortEndScheduler                        0x08018fef   Thumb Code    24  port.o(.text)
    vPortEnterCritical                       0x08019007   Thumb Code    52  port.o(.text)
    vPortExitCritical                        0x0801903b   Thumb Code    34  port.o(.text)
    xPortSysTickHandler                      0x0801905d   Thumb Code    40  port.o(.text)
    vPortValidateInterruptPriority           0x08019085   Thumb Code    72  port.o(.text)
    pvPortMalloc                             0x0801916d   Thumb Code   214  heap_4.o(.text)
    vPortFree                                0x08019243   Thumb Code    96  heap_4.o(.text)
    xPortGetFreeHeapSize                     0x080192a3   Thumb Code     8  heap_4.o(.text)
    xPortGetMinimumEverFreeHeapSize          0x080192ab   Thumb Code     8  heap_4.o(.text)
    vPortInitialiseBlocks                    0x080192b3   Thumb Code     2  heap_4.o(.text)
    __use_no_semihosting                     0x08019339   Thumb Code     2  use_no_semi_2.o(.text)
    __2printf                                0x0801933d   Thumb Code    20  noretval__2printf.o(.text)
    __2sprintf                               0x08019355   Thumb Code    34  noretval__2sprintf.o(.text)
    _printf_pre_padding                      0x0801937d   Thumb Code    44  _printf_pad.o(.text)
    _printf_post_padding                     0x080193a9   Thumb Code    34  _printf_pad.o(.text)
    _printf_str                              0x080193cb   Thumb Code    82  _printf_str.o(.text)
    _printf_int_dec                          0x0801941d   Thumb Code   104  _printf_dec.o(.text)
    _printf_int_hex                          0x08019495   Thumb Code    84  _printf_hex_int.o(.text)
    _printf_longlong_hex                     0x08019495   Thumb Code     0  _printf_hex_int.o(.text)
    __printf                                 0x080194ed   Thumb Code   388  __printf_flags_ss_wp.o(.text)
    memcmp                                   0x08019675   Thumb Code    88  memcmp.o(.text)
    strcpy                                   0x080196cd   Thumb Code    72  strcpy.o(.text)
    strlen                                   0x08019715   Thumb Code    62  strlen.o(.text)
    __aeabi_memcpy                           0x08019753   Thumb Code     0  rt_memcpy_v6.o(.text)
    __rt_memcpy                              0x08019753   Thumb Code   138  rt_memcpy_v6.o(.text)
    _memcpy_lastbytes                        0x080197b9   Thumb Code     0  rt_memcpy_v6.o(.text)
    __aeabi_memset                           0x080197dd   Thumb Code    16  aeabi_memset.o(.text)
    __aeabi_memclr                           0x080197ed   Thumb Code     0  rt_memclr.o(.text)
    __rt_memclr                              0x080197ed   Thumb Code    68  rt_memclr.o(.text)
    _memset                                  0x080197f1   Thumb Code     0  rt_memclr.o(.text)
    __aeabi_memclr4                          0x08019831   Thumb Code     0  rt_memclr_w.o(.text)
    __aeabi_memclr8                          0x08019831   Thumb Code     0  rt_memclr_w.o(.text)
    __rt_memclr_w                            0x08019831   Thumb Code    78  rt_memclr_w.o(.text)
    _memset_w                                0x08019835   Thumb Code     0  rt_memclr_w.o(.text)
    __use_two_region_memory                  0x0801987f   Thumb Code     2  heapauxi.o(.text)
    __rt_heap_escrow$2region                 0x08019881   Thumb Code     2  heapauxi.o(.text)
    __rt_heap_expand$2region                 0x08019883   Thumb Code     2  heapauxi.o(.text)
    __I$use$semihosting                      0x08019885   Thumb Code     0  use_no_semi.o(.text)
    __use_no_semihosting_swi                 0x08019885   Thumb Code     2  use_no_semi.o(.text)
    _printf_int_common                       0x08019887   Thumb Code   178  _printf_intcommon.o(.text)
    _printf_char_common                      0x08019943   Thumb Code    32  _printf_char_common.o(.text)
    _sputc                                   0x08019969   Thumb Code    10  _sputc.o(.text)
    _printf_cs_common                        0x08019973   Thumb Code    20  _printf_char.o(.text)
    _printf_char                             0x08019987   Thumb Code    16  _printf_char.o(.text)
    _printf_string                           0x08019997   Thumb Code     8  _printf_char.o(.text)
    _printf_char_file                        0x080199a1   Thumb Code    32  _printf_char_file.o(.text)
    __aeabi_memcpy4                          0x080199c5   Thumb Code     0  rt_memcpy_w.o(.text)
    __aeabi_memcpy8                          0x080199c5   Thumb Code     0  rt_memcpy_w.o(.text)
    __rt_memcpy_w                            0x080199c5   Thumb Code   100  rt_memcpy_w.o(.text)
    _memcpy_lastbytes_aligned                0x08019a0d   Thumb Code     0  rt_memcpy_w.o(.text)
    ferror                                   0x08019a29   Thumb Code     8  ferror.o(.text)
    __user_setup_stackheap                   0x08019a31   Thumb Code    74  sys_stackheap_outer.o(.text)
    exit                                     0x08019a7b   Thumb Code    18  exit.o(.text)
    __user_libspace                          0x08019a8d   Thumb Code     8  libspace.o(.text)
    __user_perproc_libspace                  0x08019a8d   Thumb Code     0  libspace.o(.text)
    __user_perthread_libspace                0x08019a8d   Thumb Code     0  libspace.o(.text)
    _is_digit                                0x08019a95   Thumb Code    14  __printf_wp.o(i._is_digit)
    __aeabi_d2uiz                            0x08019aa5   Thumb Code     0  dfixu.o(x$fpl$dfixu)
    _dfixu                                   0x08019aa5   Thumb Code    90  dfixu.o(x$fpl$dfixu)
    __aeabi_ui2d                             0x08019aff   Thumb Code     0  dflt_clz.o(x$fpl$dfltu)
    _dfltu                                   0x08019aff   Thumb Code    38  dflt_clz.o(x$fpl$dfltu)
    __aeabi_dmul                             0x08019b25   Thumb Code     0  dmul.o(x$fpl$dmul)
    _dmul                                    0x08019b25   Thumb Code   332  dmul.o(x$fpl$dmul)
    __fpl_dnaninf                            0x08019c79   Thumb Code   156  dnaninf.o(x$fpl$dnaninf)
    __fpl_dretinf                            0x08019d15   Thumb Code    12  dretinf.o(x$fpl$dretinf)
    _fp_init                                 0x08019d21   Thumb Code    10  fpinit.o(x$fpl$fpinit)
    __fplib_config_fpu_vfp                   0x08019d29   Thumb Code     0  fpinit.o(x$fpl$fpinit)
    __fplib_config_pureend_doubles           0x08019d29   Thumb Code     0  fpinit.o(x$fpl$fpinit)
    __I$use$fp                               0x08019d2a   Number         0  usenofp.o(x$fpl$usenofp)
    asc2_1206                                0x08019d2a   Data        1140  lcd.o(.constdata)
    asc2_1608                                0x0801a19e   Data        1520  lcd.o(.constdata)
    asc2_2412                                0x0801a78e   Data        3420  lcd.o(.constdata)
    ov2640_sxga_init_reg_tbl                 0x0801b4ea   Data         356  ov2640.o(.constdata)
    ov2640_jpeg_reg_tbl                      0x0801b64e   Data          14  ov2640.o(.constdata)
    ov2640_rgb565_reg_tbl                    0x0801b65c   Data          28  ov2640.o(.constdata)
    ov2640_yuv422_reg_tbl                    0x0801b678   Data          16  ov2640.o(.constdata)
    memtblsize                               0x0801b6b0   Data          12  malloc.o(.constdata)
    memblksize                               0x0801b6bc   Data          12  malloc.o(.constdata)
    memsize                                  0x0801b6c8   Data          12  malloc.o(.constdata)
    FSMC_DefaultTimingStruct                 0x0801b6d4   Data          28  stm32f4xx_fsmc.o(.constdata)
    ethbroadcast                             0x0801b6f0   Data           6  etharp.o(.constdata)
    ethzero                                  0x0801b6f6   Data           6  etharp.o(.constdata)
    ip_addr_any                              0x0801b6fc   Data           4  ip_addr.o(.constdata)
    ip_addr_broadcast                        0x0801b700   Data           4  ip_addr.o(.constdata)
    tcp_persist_backoff                      0x0801b73c   Data           7  tcp.o(.constdata)
    tcp_state_str                            0x0801b744   Data          44  tcp.o(.constdata)
    tcp_backoff                              0x0801b770   Data          13  tcp.o(.constdata)
    tcp_pcb_lists                            0x0801b780   Data          16  tcp.o(.constdata)
    NullValue                                0x0801b790   Data           4  sys_arch.o(.constdata)
    Region$$Table$$Base                      0x0801bd18   Number         0  anon$$obj.o(Region$$Table)
    Region$$Table$$Limit                     0x0801bd38   Number         0  anon$$obj.o(Region$$Table)
    mem3base                                 0x10000000   Data       61440  malloc.o(.ARM.__AT_0x10000000)
    mem3mapbase                              0x1000f000   Data        3840  malloc.o(.ARM.__AT_0x1000F000)
    SystemCoreClock                          0x20000000   Data           4  system_stm32f4xx.o(.data)
    AHBPrescTable                            0x20000004   Data          16  system_stm32f4xx.o(.data)
    StartTask_Handler                        0x20000014   Data           4  big_task.o(.data)
    TcpClientTask_Handler                    0x20000018   Data           4  big_task.o(.data)
    jpeg_data_ok                             0x2000001c   Data           1  big_imagetransmission.o(.data)
    jpeg_data_len                            0x20000020   Data           4  big_imagetransmission.o(.data)
    jpeg_data_buf                            0x20000024   Data           4  big_imagetransmission.o(.data)
    POINT_COLOR                              0x20000028   Data           2  lcd.o(.data)
    BACK_COLOR                               0x2000002a   Data           2  lcd.o(.data)
    ov_frame                                 0x2000002c   Data           1  dcmi.o(.data)
    dcmi_rx_callback                         0x20000030   Data           4  dcmi.o(.data)
    DMARxDscrTab                             0x20000038   Data           4  lan8720.o(.data)
    DMATxDscrTab                             0x2000003c   Data           4  lan8720.o(.data)
    Rx_Buff                                  0x20000040   Data           4  lan8720.o(.data)
    Tx_Buff                                  0x20000044   Data           4  lan8720.o(.data)
    USART_RX_STA                             0x2000004c   Data           2  usart.o(.data)
    __stdout                                 0x20000050   Data           4  usart.o(.data)
    mallco_dev                               0x20000054   Data          36  malloc.o(.data)
    DMATxDescToSet                           0x20000088   Data           4  stm32f4x7_eth.o(.data)
    DMARxDescToGet                           0x2000008c   Data           4  stm32f4x7_eth.o(.data)
    DMA_RX_FRAME_infos                       0x20000090   Data           4  stm32f4x7_eth.o(.data)
    sys_cmd_tab                              0x20000094   Data          28  usmart.o(.data)
    usmart_nametab                           0x200000b0   Data         168  usmart_config.o(.data)
    usmart_dev                               0x20000158   Data         244  usmart_config.o(.data)
    tcp_client_flag                          0x2000024c   Data           1  tcp_client_demo.o(.data)
    tcp_client_sendbuf                       0x20000250   Data           4  tcp_client_demo.o(.data)
    TCPTimer                                 0x20000254   Data           4  lwip_comm_1.o(.data)
    ARPTimer                                 0x20000258   Data           4  lwip_comm_1.o(.data)
    DHCPfineTimer                            0x2000025c   Data           4  lwip_comm_1.o(.data)
    DHCPcoarseTimer                          0x20000260   Data           4  lwip_comm_1.o(.data)
    lwip_localtime                           0x20000264   Data           4  lwip_comm_1.o(.data)
    LwipDhcpTask_Handler                     0x20000268   Data           4  lwip_comm_1.o(.data)
    current_netif                            0x20000274   Data           4  ip.o(.data)
    current_header                           0x20000278   Data           4  ip.o(.data)
    current_iphdr_src                        0x2000027c   Data           4  ip.o(.data)
    current_iphdr_dest                       0x20000280   Data           4  ip.o(.data)
    memp_memory                              0x20000290   Data           4  memp.o(.data)
    netif_list                               0x20000298   Data           4  netif.o(.data)
    netif_default                            0x2000029c   Data           4  netif.o(.data)
    tcp_active_pcbs_changed                  0x200002a4   Data           1  tcp.o(.data)
    tcp_ticks                                0x200002b0   Data           4  tcp.o(.data)
    tcp_bound_pcbs                           0x200002b4   Data           4  tcp.o(.data)
    tcp_listen_pcbs                          0x200002b8   Data           4  tcp.o(.data)
    tcp_active_pcbs                          0x200002bc   Data           4  tcp.o(.data)
    tcp_tw_pcbs                              0x200002c0   Data           4  tcp.o(.data)
    tcp_tmp_pcb                              0x200002c4   Data           4  tcp.o(.data)
    tcp_input_pcb                            0x200002e0   Data           4  tcp_in.o(.data)
    udp_pcbs                                 0x200002f0   Data           4  udp.o(.data)
    ram_heap                                 0x200002f4   Data           4  mem.o(.data)
    pxCurrentTCB                             0x2000031c   Data           4  tasks.o(.data)
    jpeg_buf0                                0x20000390   Data        4096  big_imagetransmission.o(.bss)
    jpeg_buf1                                0x20001390   Data        4096  big_imagetransmission.o(.bss)
    lcddev                                   0x20002390   Data          14  lcd.o(.bss)
    DCMI_InitStructure                       0x2000239e   Data          14  dcmi.o(.bss)
    USART_RX_BUF                             0x200023ac   Data         200  usart.o(.bss)
    mem1base                                 0x20002480   Data       61440  malloc.o(.bss)
    mem1mapbase                              0x20011480   Data        3840  malloc.o(.bss)
    RX_Frame_Descriptor                      0x20012380   Data          12  stm32f4x7_eth.o(.bss)
    tcp_client_recvbuf                       0x2001238c   Data         200  tcp_client_demo.o(.bss)
    lwipdev                                  0x20012454   Data          23  lwip_comm_1.o(.bss)
    lwip_netif                               0x2001246c   Data          52  lwip_comm_1.o(.bss)
    dhcp_rx_options_val                      0x20012578   Data          40  dhcp.o(.bss)
    dhcp_rx_options_given                    0x200125a0   Data          10  dhcp.o(.bss)
    xQueueRegistry                           0x20012658   Data          64  queue.o(.bss)
    __libspace_start                         0x200179a4   Data          96  libspace.o(.bss)
    __temporary_stack_top$libspace           0x20017a04   Data           0  libspace.o(.bss)
    mem2base                                 0x68000000   Data       983040  malloc.o(.ARM.__AT_0x68000000)
    mem2mapbase                              0x680f0000   Data       61440  malloc.o(.ARM.__AT_0x680F0000)



==============================================================================

Memory Map of the image

  Image Entry point : 0x08000189

  Load Region LR_IROM1 (Base: 0x08000000, Size: 0x0001c0c8, Max: 0x00100000, ABSOLUTE, COMPRESSED[0x0001be40])

    Execution Region ER_IROM1 (Exec base: 0x08000000, Load base: 0x08000000, Size: 0x0001bd38, Max: 0x00100000, ABSOLUTE)

    Exec Addr    Load Addr    Size         Type   Attr      Idx    E Section Name        Object

    0x08000000   0x08000000   0x00000188   Data   RO          812    RESET               startup_stm32f40_41xxx.o
    0x08000188   0x08000188   0x00000008   Code   RO         2501  * !!!main             c_w.l(__main.o)
    0x08000190   0x08000190   0x00000034   Code   RO         2694    !!!scatter          c_w.l(__scatter.o)
    0x080001c4   0x080001c4   0x0000005a   Code   RO         2692    !!dczerorl2         c_w.l(__dczerorl2.o)
    0x0800021e   0x0800021e   0x00000002   PAD
    0x08000220   0x08000220   0x0000001c   Code   RO         2696    !!handler_zi        c_w.l(__scatter_zi.o)
    0x0800023c   0x0800023c   0x00000000   Code   RO         2484    .ARM.Collect$$_printf_percent$$00000000  c_w.l(_printf_percent.o)
    0x0800023c   0x0800023c   0x00000006   Code   RO         2482    .ARM.Collect$$_printf_percent$$00000009  c_w.l(_printf_d.o)
    0x08000242   0x08000242   0x00000006   Code   RO         2483    .ARM.Collect$$_printf_percent$$0000000A  c_w.l(_printf_u.o)
    0x08000248   0x08000248   0x00000006   Code   RO         2481    .ARM.Collect$$_printf_percent$$0000000C  c_w.l(_printf_x.o)
    0x0800024e   0x0800024e   0x00000006   Code   RO         2479    .ARM.Collect$$_printf_percent$$00000013  c_w.l(_printf_c.o)
    0x08000254   0x08000254   0x00000006   Code   RO         2480    .ARM.Collect$$_printf_percent$$00000014  c_w.l(_printf_s.o)
    0x0800025a   0x0800025a   0x00000004   Code   RO         2528    .ARM.Collect$$_printf_percent$$00000017  c_w.l(_printf_percent_end.o)
    0x0800025e   0x0800025e   0x00000002   Code   RO         2566    .ARM.Collect$$libinit$$00000000  c_w.l(libinit.o)
    0x08000260   0x08000260   0x00000004   Code   RO         2572    .ARM.Collect$$libinit$$00000001  c_w.l(libinit2.o)
    0x08000264   0x08000264   0x00000000   Code   RO         2575    .ARM.Collect$$libinit$$00000004  c_w.l(libinit2.o)
    0x08000264   0x08000264   0x00000000   Code   RO         2578    .ARM.Collect$$libinit$$0000000A  c_w.l(libinit2.o)
    0x08000264   0x08000264   0x00000000   Code   RO         2580    .ARM.Collect$$libinit$$0000000C  c_w.l(libinit2.o)
    0x08000264   0x08000264   0x00000000   Code   RO         2582    .ARM.Collect$$libinit$$0000000E  c_w.l(libinit2.o)
    0x08000264   0x08000264   0x00000000   Code   RO         2585    .ARM.Collect$$libinit$$00000011  c_w.l(libinit2.o)
    0x08000264   0x08000264   0x00000000   Code   RO         2587    .ARM.Collect$$libinit$$00000013  c_w.l(libinit2.o)
    0x08000264   0x08000264   0x00000000   Code   RO         2589    .ARM.Collect$$libinit$$00000015  c_w.l(libinit2.o)
    0x08000264   0x08000264   0x00000000   Code   RO         2591    .ARM.Collect$$libinit$$00000017  c_w.l(libinit2.o)
    0x08000264   0x08000264   0x00000000   Code   RO         2593    .ARM.Collect$$libinit$$00000019  c_w.l(libinit2.o)
    0x08000264   0x08000264   0x00000000   Code   RO         2595    .ARM.Collect$$libinit$$0000001B  c_w.l(libinit2.o)
    0x08000264   0x08000264   0x00000000   Code   RO         2597    .ARM.Collect$$libinit$$0000001D  c_w.l(libinit2.o)
    0x08000264   0x08000264   0x00000000   Code   RO         2599    .ARM.Collect$$libinit$$0000001F  c_w.l(libinit2.o)
    0x08000264   0x08000264   0x00000000   Code   RO         2601    .ARM.Collect$$libinit$$00000021  c_w.l(libinit2.o)
    0x08000264   0x08000264   0x00000000   Code   RO         2603    .ARM.Collect$$libinit$$00000023  c_w.l(libinit2.o)
    0x08000264   0x08000264   0x00000000   Code   RO         2605    .ARM.Collect$$libinit$$00000025  c_w.l(libinit2.o)
    0x08000264   0x08000264   0x00000000   Code   RO         2609    .ARM.Collect$$libinit$$0000002C  c_w.l(libinit2.o)
    0x08000264   0x08000264   0x00000000   Code   RO         2611    .ARM.Collect$$libinit$$0000002E  c_w.l(libinit2.o)
    0x08000264   0x08000264   0x00000000   Code   RO         2613    .ARM.Collect$$libinit$$00000030  c_w.l(libinit2.o)
    0x08000264   0x08000264   0x00000000   Code   RO         2615    .ARM.Collect$$libinit$$00000032  c_w.l(libinit2.o)
    0x08000264   0x08000264   0x00000002   Code   RO         2616    .ARM.Collect$$libinit$$00000033  c_w.l(libinit2.o)
    0x08000266   0x08000266   0x00000002   Code   RO         2634    .ARM.Collect$$libshutdown$$00000000  c_w.l(libshutdown.o)
    0x08000268   0x08000268   0x00000000   Code   RO         2644    .ARM.Collect$$libshutdown$$00000002  c_w.l(libshutdown2.o)
    0x08000268   0x08000268   0x00000000   Code   RO         2646    .ARM.Collect$$libshutdown$$00000004  c_w.l(libshutdown2.o)
    0x08000268   0x08000268   0x00000000   Code   RO         2649    .ARM.Collect$$libshutdown$$00000007  c_w.l(libshutdown2.o)
    0x08000268   0x08000268   0x00000000   Code   RO         2652    .ARM.Collect$$libshutdown$$0000000A  c_w.l(libshutdown2.o)
    0x08000268   0x08000268   0x00000000   Code   RO         2654    .ARM.Collect$$libshutdown$$0000000C  c_w.l(libshutdown2.o)
    0x08000268   0x08000268   0x00000000   Code   RO         2657    .ARM.Collect$$libshutdown$$0000000F  c_w.l(libshutdown2.o)
    0x08000268   0x08000268   0x00000002   Code   RO         2658    .ARM.Collect$$libshutdown$$00000010  c_w.l(libshutdown2.o)
    0x0800026a   0x0800026a   0x00000000   Code   RO         2517    .ARM.Collect$$rtentry$$00000000  c_w.l(__rtentry.o)
    0x0800026a   0x0800026a   0x00000000   Code   RO         2537    .ARM.Collect$$rtentry$$00000002  c_w.l(__rtentry2.o)
    0x0800026a   0x0800026a   0x00000006   Code   RO         2549    .ARM.Collect$$rtentry$$00000004  c_w.l(__rtentry4.o)
    0x08000270   0x08000270   0x00000000   Code   RO         2539    .ARM.Collect$$rtentry$$00000009  c_w.l(__rtentry2.o)
    0x08000270   0x08000270   0x00000004   Code   RO         2540    .ARM.Collect$$rtentry$$0000000A  c_w.l(__rtentry2.o)
    0x08000274   0x08000274   0x00000000   Code   RO         2542    .ARM.Collect$$rtentry$$0000000C  c_w.l(__rtentry2.o)
    0x08000274   0x08000274   0x00000008   Code   RO         2543    .ARM.Collect$$rtentry$$0000000D  c_w.l(__rtentry2.o)
    0x0800027c   0x0800027c   0x00000002   Code   RO         2570    .ARM.Collect$$rtexit$$00000000  c_w.l(rtexit.o)
    0x0800027e   0x0800027e   0x00000000   Code   RO         2618    .ARM.Collect$$rtexit$$00000002  c_w.l(rtexit2.o)
    0x0800027e   0x0800027e   0x00000004   Code   RO         2619    .ARM.Collect$$rtexit$$00000003  c_w.l(rtexit2.o)
    0x08000282   0x08000282   0x00000006   Code   RO         2620    .ARM.Collect$$rtexit$$00000004  c_w.l(rtexit2.o)
    0x08000288   0x08000288   0x000000b6   Code   RO         2358    .emb_text           port.o
    0x0800033e   0x0800033e   0x0000004c   Code   RO            3    .text               main.o
    0x0800038a   0x0800038a   0x0000000c   Code   RO          293    .text               stm32f4xx_it.o
    0x08000396   0x08000396   0x00000002   PAD
    0x08000398   0x08000398   0x0000017c   Code   RO          342    .text               system_stm32f4xx.o
    0x08000514   0x08000514   0x000003bc   Code   RO          368    .text               big_task.o
    0x080008d0   0x080008d0   0x000000e8   Code   RO          400    .text               big_imagetransmission.o
    0x080009b8   0x080009b8   0x00000040   Code   RO          448    .text               led.o
    0x080009f8   0x080009f8   0x00000118   Code   RO          468    .text               timer.o
    0x08000b10   0x08000b10   0x000045d4   Code   RO          489    .text               lcd.o
    0x080050e4   0x080050e4   0x00000308   Code   RO          528    .text               dcmi.o
    0x080053ec   0x080053ec   0x00000500   Code   RO          556    .text               ov2640.o
    0x080058ec   0x080058ec   0x00000238   Code   RO          583    .text               sccb.o
    0x08005b24   0x08005b24   0x00000084   Code   RO          604    .text               usart2.o
    0x08005ba8   0x08005ba8   0x00000104   Code   RO          624    .text               key.o
    0x08005cac   0x08005cac   0x000002a0   Code   RO          645    .text               sram.o
    0x08005f4c   0x08005f4c   0x000002f4   Code   RO          666    .text               lan8720.o
    0x08006240   0x08006240   0x000000c8   Code   RO          693    .text               delay.o
    0x08006308   0x08006308   0x0000011c   Code   RO          743    .text               usart.o
    0x08006424   0x08006424   0x000001c4   Code   RO          778    .text               malloc.o
    0x080065e8   0x080065e8   0x00000040   Code   RO          813    .text               startup_stm32f40_41xxx.o
    0x08006628   0x08006628   0x000000b0   Code   RO          819    .text               misc.o
    0x080066d8   0x080066d8   0x00000480   Code   RO          859    .text               stm32f4xx_rcc.o
    0x08006b58   0x08006b58   0x0000007c   Code   RO          881    .text               stm32f4xx_syscfg.o
    0x08006bd4   0x08006bd4   0x000009dc   Code   RO          901    .text               stm32f4xx_tim.o
    0x080075b0   0x080075b0   0x00000358   Code   RO          922    .text               stm32f4xx_usart.o
    0x08007908   0x08007908   0x0000020c   Code   RO          942    .text               stm32f4xx_gpio.o
    0x08007b14   0x08007b14   0x00000448   Code   RO          962    .text               stm32f4xx_fsmc.o
    0x08007f5c   0x08007f5c   0x00000ab8   Code   RO          985    .text               stm32f4x7_eth.o
    0x08008a14   0x08008a14   0x00000134   Code   RO         1014    .text               stm32f4xx_dcmi.o
    0x08008b48   0x08008b48   0x00000320   Code   RO         1034    .text               stm32f4xx_dma.o
    0x08008e68   0x08008e68   0x00000b14   Code   RO         1074    .text               usmart.o
    0x0800997c   0x0800997c   0x00000420   Code   RO         1128    .text               usmart_str.o
    0x08009d9c   0x08009d9c   0x00000724   Code   RO         1149    .text               tcp_client_demo.o
    0x0800a4c0   0x0800a4c0   0x000005a4   Code   RO         1181    .text               lwip_comm_1.o
    0x0800aa64   0x0800aa64   0x00000ab0   Code   RO         1282    .text               etharp.o
    0x0800b514   0x0800b514   0x000001dc   Code   RO         1318    .text               ethernetif.o
    0x0800b6f0   0x0800b6f0   0x00000330   Code   RO         1370    .text               icmp.o
    0x0800ba20   0x0800ba20   0x0000024c   Code   RO         1431    .text               inet_chksum.o
    0x0800bc6c   0x0800bc6c   0x0000035c   Code   RO         1451    .text               ip.o
    0x0800bfc8   0x0800bfc8   0x00000254   Code   RO         1486    .text               ip_addr.o
    0x0800c21c   0x0800c21c   0x0000082c   Code   RO         1518    .text               ip_frag.o
    0x0800ca48   0x0800ca48   0x00000010   Code   RO         1543    .text               def.o
    0x0800ca58   0x0800ca58   0x000014e4   Code   RO         1564    .text               dhcp.o
    0x0800df3c   0x0800df3c   0x00000026   Code   RO         1606    .text               init.o
    0x0800df62   0x0800df62   0x00000002   PAD
    0x0800df64   0x0800df64   0x00000198   Code   RO         1638    .text               memp.o
    0x0800e0fc   0x0800e0fc   0x0000026c   Code   RO         1680    .text               netif.o
    0x0800e368   0x0800e368   0x00000d36   Code   RO         1711    .text               pbuf.o
    0x0800f09e   0x0800f09e   0x00000002   PAD
    0x0800f0a0   0x0800f0a0   0x000001f8   Code   RO         1732    .text               raw.o
    0x0800f298   0x0800f298   0x00000ff0   Code   RO         1768    .text               tcp.o
    0x08010288   0x08010288   0x0000111c   Code   RO         1801    .text               tcp_in.o
    0x080113a4   0x080113a4   0x0000100a   Code   RO         1832    .text               tcp_out.o
    0x080123ae   0x080123ae   0x00000002   PAD
    0x080123b0   0x080123b0   0x0000028c   Code   RO         1853    .text               timers.o
    0x0801263c   0x0801263c   0x0000049c   Code   RO         1902    .text               udp.o
    0x08012ad8   0x08012ad8   0x000005d8   Code   RO         1940    .text               mem.o
    0x080130b0   0x080130b0   0x00000278   Code   RO         1963    .text               sys_arch.o
    0x08013328   0x08013328   0x0000098c   Code   RO         2008    .text               api_lib.o
    0x08013cb4   0x08013cb4   0x0000140c   Code   RO         2047    .text               api_msg.o
    0x080150c0   0x080150c0   0x00000310   Code   RO         2090    .text               netbuf.o
    0x080153d0   0x080153d0   0x0000142c   Code   RO         2144    .text               sockets.o
    0x080167fc   0x080167fc   0x00000330   Code   RO         2168    .text               tcpip.o
    0x08016b2c   0x08016b2c   0x00000088   Code   RO         2248    .text               list.o
    0x08016bb4   0x08016bb4   0x00000aac   Code   RO         2268    .text               queue.o
    0x08017660   0x08017660   0x0000134c   Code   RO         2295    .text               tasks.o
    0x080189ac   0x080189ac   0x00000518   Code   RO         2335    .text               timers_1.o
    0x08018ec4   0x08018ec4   0x00000260   Code   RO         2359    .text               port.o
    0x08019124   0x08019124   0x00000214   Code   RO         2397    .text               heap_4.o
    0x08019338   0x08019338   0x00000002   Code   RO         2420    .text               c_w.l(use_no_semi_2.o)
    0x0801933a   0x0801933a   0x00000002   PAD
    0x0801933c   0x0801933c   0x00000018   Code   RO         2426    .text               c_w.l(noretval__2printf.o)
    0x08019354   0x08019354   0x00000028   Code   RO         2428    .text               c_w.l(noretval__2sprintf.o)
    0x0801937c   0x0801937c   0x0000004e   Code   RO         2432    .text               c_w.l(_printf_pad.o)
    0x080193ca   0x080193ca   0x00000052   Code   RO         2434    .text               c_w.l(_printf_str.o)
    0x0801941c   0x0801941c   0x00000078   Code   RO         2436    .text               c_w.l(_printf_dec.o)
    0x08019494   0x08019494   0x00000058   Code   RO         2441    .text               c_w.l(_printf_hex_int.o)
    0x080194ec   0x080194ec   0x00000188   Code   RO         2476    .text               c_w.l(__printf_flags_ss_wp.o)
    0x08019674   0x08019674   0x00000058   Code   RO         2485    .text               c_w.l(memcmp.o)
    0x080196cc   0x080196cc   0x00000048   Code   RO         2487    .text               c_w.l(strcpy.o)
    0x08019714   0x08019714   0x0000003e   Code   RO         2489    .text               c_w.l(strlen.o)
    0x08019752   0x08019752   0x0000008a   Code   RO         2491    .text               c_w.l(rt_memcpy_v6.o)
    0x080197dc   0x080197dc   0x00000010   Code   RO         2493    .text               c_w.l(aeabi_memset.o)
    0x080197ec   0x080197ec   0x00000044   Code   RO         2495    .text               c_w.l(rt_memclr.o)
    0x08019830   0x08019830   0x0000004e   Code   RO         2497    .text               c_w.l(rt_memclr_w.o)
    0x0801987e   0x0801987e   0x00000006   Code   RO         2499    .text               c_w.l(heapauxi.o)
    0x08019884   0x08019884   0x00000002   Code   RO         2515    .text               c_w.l(use_no_semi.o)
    0x08019886   0x08019886   0x000000b2   Code   RO         2518    .text               c_w.l(_printf_intcommon.o)
    0x08019938   0x08019938   0x00000030   Code   RO         2520    .text               c_w.l(_printf_char_common.o)
    0x08019968   0x08019968   0x0000000a   Code   RO         2522    .text               c_w.l(_sputc.o)
    0x08019972   0x08019972   0x0000002c   Code   RO         2524    .text               c_w.l(_printf_char.o)
    0x0801999e   0x0801999e   0x00000002   PAD
    0x080199a0   0x080199a0   0x00000024   Code   RO         2526    .text               c_w.l(_printf_char_file.o)
    0x080199c4   0x080199c4   0x00000064   Code   RO         2529    .text               c_w.l(rt_memcpy_w.o)
    0x08019a28   0x08019a28   0x00000008   Code   RO         2553    .text               c_w.l(ferror.o)
    0x08019a30   0x08019a30   0x0000004a   Code   RO         2557    .text               c_w.l(sys_stackheap_outer.o)
    0x08019a7a   0x08019a7a   0x00000012   Code   RO         2559    .text               c_w.l(exit.o)
    0x08019a8c   0x08019a8c   0x00000008   Code   RO         2567    .text               c_w.l(libspace.o)
    0x08019a94   0x08019a94   0x0000000e   Code   RO         2469    i._is_digit         c_w.l(__printf_wp.o)
    0x08019aa2   0x08019aa2   0x00000002   PAD
    0x08019aa4   0x08019aa4   0x0000005a   Code   RO         2503    x$fpl$dfixu         fz_wm.l(dfixu.o)
    0x08019afe   0x08019afe   0x00000026   Code   RO         2507    x$fpl$dfltu         fz_wm.l(dflt_clz.o)
    0x08019b24   0x08019b24   0x00000154   Code   RO         2513    x$fpl$dmul          fz_wm.l(dmul.o)
    0x08019c78   0x08019c78   0x0000009c   Code   RO         2531    x$fpl$dnaninf       fz_wm.l(dnaninf.o)
    0x08019d14   0x08019d14   0x0000000c   Code   RO         2533    x$fpl$dretinf       fz_wm.l(dretinf.o)
    0x08019d20   0x08019d20   0x0000000a   Code   RO         2626    x$fpl$fpinit        fz_wm.l(fpinit.o)
    0x08019d2a   0x08019d2a   0x00000000   Code   RO         2535    x$fpl$usenofp       fz_wm.l(usenofp.o)
    0x08019d2a   0x08019d2a   0x000017c0   Data   RO          491    .constdata          lcd.o
    0x0801b4ea   0x0801b4ea   0x000001c6   Data   RO          557    .constdata          ov2640.o
    0x0801b6b0   0x0801b6b0   0x00000024   Data   RO          785    .constdata          malloc.o
    0x0801b6d4   0x0801b6d4   0x0000001c   Data   RO          963    .constdata          stm32f4xx_fsmc.o
    0x0801b6f0   0x0801b6f0   0x0000000c   Data   RO         1284    .constdata          etharp.o
    0x0801b6fc   0x0801b6fc   0x00000004   Data   RO         1488    .constdata          ip_addr.o
    0x0801b700   0x0801b700   0x00000004   Data   RO         1489    .constdata          ip_addr.o
    0x0801b704   0x0801b704   0x00000038   Data   RO         1640    .constdata          memp.o
    0x0801b73c   0x0801b73c   0x00000054   Data   RO         1769    .constdata          tcp.o
    0x0801b790   0x0801b790   0x00000004   Data   RO         1964    .constdata          sys_arch.o
    0x0801b794   0x0801b794   0x00000040   Data   RO         2146    .constdata          sockets.o
    0x0801b7d4   0x0801b7d4   0x00000028   Data   RO         2442    .constdata          c_w.l(_printf_hex_int.o)
    0x0801b7fc   0x0801b7fc   0x00000011   Data   RO         2477    .constdata          c_w.l(__printf_flags_ss_wp.o)
    0x0801b80d   0x0801b80d   0x00000003   PAD
    0x0801b810   0x0801b810   0x00000028   Data   RO         1075    .conststring        usmart.o
    0x0801b838   0x0801b838   0x00000311   Data   RO         1106    .conststring        usmart_config.o
    0x0801bb49   0x0801bb49   0x00000003   PAD
    0x0801bb4c   0x0801bb4c   0x0000002a   Data   RO         1151    .conststring        tcp_client_demo.o
    0x0801bb76   0x0801bb76   0x00000002   PAD
    0x0801bb78   0x0801bb78   0x00000044   Data   RO         1285    .conststring        etharp.o
    0x0801bbbc   0x0801bbbc   0x0000008c   Data   RO         1566    .conststring        dhcp.o
    0x0801bc48   0x0801bc48   0x00000075   Data   RO         1770    .conststring        tcp.o
    0x0801bcbd   0x0801bcbd   0x00000003   PAD
    0x0801bcc0   0x0801bcc0   0x00000055   Data   RO         1833    .conststring        tcp_out.o
    0x0801bd15   0x0801bd15   0x00000003   PAD
    0x0801bd18   0x0801bd18   0x00000020   Data   RO         2690    Region$$Table       anon$$obj.o


    Execution Region RW_IRAM1 (Exec base: 0x20000000, Load base: 0x0801bd38, Size: 0x00018008, Max: 0x00020000, ABSOLUTE, COMPRESSED[0x00000108])

    Exec Addr    Load Addr    Size         Type   Attr      Idx    E Section Name        Object

    0x20000000   COMPRESSED   0x00000014   Data   RW          343    .data               system_stm32f4xx.o
    0x20000014   COMPRESSED   0x00000008   Data   RW          370    .data               big_task.o
    0x2000001c   COMPRESSED   0x0000000c   Data   RW          402    .data               big_imagetransmission.o
    0x20000028   COMPRESSED   0x00000004   Data   RW          492    .data               lcd.o
    0x2000002c   COMPRESSED   0x00000008   Data   RW          530    .data               dcmi.o
    0x20000034   COMPRESSED   0x00000001   Data   RW          625    .data               key.o
    0x20000035   COMPRESSED   0x00000003   PAD
    0x20000038   COMPRESSED   0x00000010   Data   RW          667    .data               lan8720.o
    0x20000048   COMPRESSED   0x00000004   Data   RW          694    .data               delay.o
    0x2000004c   COMPRESSED   0x00000002   Data   RW          745    .data               usart.o
    0x2000004e   COMPRESSED   0x00000002   PAD
    0x20000050   COMPRESSED   0x00000004   Data   RW          746    .data               usart.o
    0x20000054   COMPRESSED   0x00000024   Data   RW          786    .data               malloc.o
    0x20000078   COMPRESSED   0x00000010   Data   RW          860    .data               stm32f4xx_rcc.o
    0x20000088   COMPRESSED   0x0000000c   Data   RW          987    .data               stm32f4x7_eth.o
    0x20000094   COMPRESSED   0x0000001c   Data   RW         1076    .data               usmart.o
    0x200000b0   COMPRESSED   0x000000a8   Data   RW         1107    .data               usmart_config.o
    0x20000158   COMPRESSED   0x000000f4   Data   RW         1108    .data               usmart_config.o
    0x2000024c   COMPRESSED   0x00000008   Data   RW         1152    .data               tcp_client_demo.o
    0x20000254   COMPRESSED   0x00000018   Data   RW         1183    .data               lwip_comm_1.o
    0x2000026c   COMPRESSED   0x00000001   Data   RW         1286    .data               etharp.o
    0x2000026d   COMPRESSED   0x00000003   PAD
    0x20000270   COMPRESSED   0x00000014   Data   RW         1452    .data               ip.o
    0x20000284   COMPRESSED   0x00000008   Data   RW         1519    .data               ip_frag.o
    0x2000028c   COMPRESSED   0x00000004   Data   RW         1567    .data               dhcp.o
    0x20000290   COMPRESSED   0x00000004   Data   RW         1643    .data               memp.o
    0x20000294   COMPRESSED   0x0000000c   Data   RW         1681    .data               netif.o
    0x200002a0   COMPRESSED   0x00000004   Data   RW         1733    .data               raw.o
    0x200002a4   COMPRESSED   0x00000024   Data   RW         1771    .data               tcp.o
    0x200002c8   COMPRESSED   0x0000001c   Data   RW         1803    .data               tcp_in.o
    0x200002e4   COMPRESSED   0x00000008   Data   RW         1854    .data               timers.o
    0x200002ec   COMPRESSED   0x00000008   Data   RW         1903    .data               udp.o
    0x200002f4   COMPRESSED   0x00000014   Data   RW         1941    .data               mem.o
    0x20000308   COMPRESSED   0x00000008   Data   RW         2147    .data               sockets.o
    0x20000310   COMPRESSED   0x0000000c   Data   RW         2169    .data               tcpip.o
    0x2000031c   COMPRESSED   0x0000003c   Data   RW         2297    .data               tasks.o
    0x20000358   COMPRESSED   0x00000014   Data   RW         2337    .data               timers_1.o
    0x2000036c   COMPRESSED   0x0000000c   Data   RW         2360    .data               port.o
    0x20000378   COMPRESSED   0x00000018   Data   RW         2399    .data               heap_4.o
    0x20000390        -       0x00002000   Zero   RW          401    .bss                big_imagetransmission.o
    0x20002390        -       0x0000000e   Zero   RW          490    .bss                lcd.o
    0x2000239e        -       0x0000000e   Zero   RW          529    .bss                dcmi.o
    0x200023ac        -       0x000000c8   Zero   RW          744    .bss                usart.o
    0x20002474   COMPRESSED   0x0000000c   PAD
    0x20002480        -       0x0000f000   Zero   RW          783    .bss                malloc.o
    0x20011480        -       0x00000f00   Zero   RW          784    .bss                malloc.o
    0x20012380        -       0x0000000c   Zero   RW          986    .bss                stm32f4x7_eth.o
    0x2001238c        -       0x000000c8   Zero   RW         1150    .bss                tcp_client_demo.o
    0x20012454        -       0x0000004c   Zero   RW         1182    .bss                lwip_comm_1.o
    0x200124a0        -       0x000000c8   Zero   RW         1283    .bss                etharp.o
    0x20012568        -       0x00000010   Zero   RW         1487    .bss                ip_addr.o
    0x20012578        -       0x00000032   Zero   RW         1565    .bss                dhcp.o
    0x200125aa   COMPRESSED   0x00000002   PAD
    0x200125ac        -       0x00000038   Zero   RW         1639    .bss                memp.o
    0x200125e4        -       0x00000014   Zero   RW         1802    .bss                tcp_in.o
    0x200125f8        -       0x00000060   Zero   RW         2145    .bss                sockets.o
    0x20012658        -       0x00000040   Zero   RW         2269    .bss                queue.o
    0x20012698        -       0x000002e4   Zero   RW         2296    .bss                tasks.o
    0x2001297c        -       0x00000028   Zero   RW         2336    .bss                timers_1.o
    0x200129a4        -       0x00005000   Zero   RW         2398    .bss                heap_4.o
    0x200179a4        -       0x00000060   Zero   RW         2568    .bss                c_w.l(libspace.o)
    0x20017a04   COMPRESSED   0x00000004   PAD
    0x20017a08        -       0x00000200   Zero   RW          811    HEAP                startup_stm32f40_41xxx.o
    0x20017c08        -       0x00000400   Zero   RW          810    STACK               startup_stm32f40_41xxx.o



  Load Region LR$$.ARM.__AT_0x10000000 (Base: 0x10000000, Size: 0x00000000, Max: 0x0000f000, ABSOLUTE)

    Execution Region ER$$.ARM.__AT_0x10000000 (Exec base: 0x10000000, Load base: 0x10000000, Size: 0x0000f000, Max: 0x0000f000, ABSOLUTE, UNINIT)

    Exec Addr    Load Addr    Size         Type   Attr      Idx    E Section Name        Object

    0x10000000        -       0x0000f000   Zero   RW          779    .ARM.__AT_0x10000000  malloc.o



  Load Region LR$$.ARM.__AT_0x1000F000 (Base: 0x1000f000, Size: 0x00000000, Max: 0x00000f00, ABSOLUTE)

    Execution Region ER$$.ARM.__AT_0x1000F000 (Exec base: 0x1000f000, Load base: 0x1000f000, Size: 0x00000f00, Max: 0x00000f00, ABSOLUTE, UNINIT)

    Exec Addr    Load Addr    Size         Type   Attr      Idx    E Section Name        Object

    0x1000f000        -       0x00000f00   Zero   RW          780    .ARM.__AT_0x1000F000  malloc.o



  Load Region LR$$.ARM.__AT_0x68000000 (Base: 0x68000000, Size: 0x00000000, Max: 0x000f0000, ABSOLUTE)

    Execution Region ER$$.ARM.__AT_0x68000000 (Exec base: 0x68000000, Load base: 0x68000000, Size: 0x000f0000, Max: 0x000f0000, ABSOLUTE, UNINIT)

    Exec Addr    Load Addr    Size         Type   Attr      Idx    E Section Name        Object

    0x68000000        -       0x000f0000   Zero   RW          781    .ARM.__AT_0x68000000  malloc.o



  Load Region LR$$.ARM.__AT_0x680F0000 (Base: 0x680f0000, Size: 0x00000000, Max: 0x0000f000, ABSOLUTE)

    Execution Region ER$$.ARM.__AT_0x680F0000 (Exec base: 0x680f0000, Load base: 0x680f0000, Size: 0x0000f000, Max: 0x0000f000, ABSOLUTE, UNINIT)

    Exec Addr    Load Addr    Size         Type   Attr      Idx    E Section Name        Object

    0x680f0000        -       0x0000f000   Zero   RW          782    .ARM.__AT_0x680F0000  malloc.o


==============================================================================

Image component sizes


      Code (inc. data)   RO Data    RW Data    ZI Data      Debug   Object Name

      2444        822          0          0          0      18381   api_lib.o
      5132       1220          0          0          0      11995   api_msg.o
       232         16          0         12       8192       2033   big_imagetransmission.o
       956        394          0          8          0       2884   big_task.o
       776         42          0          8         14       3543   dcmi.o
        16          0          0          0          0       1540   def.o
       200          6          0          4          0       1841   delay.o
      5348       1064        140          4         50      14258   dhcp.o
      2736        588         80          1        200      11137   etharp.o
       476        132          0          0          0       5042   ethernetif.o
         0          0          0          0          0       2444   event_groups.o
       532         66          0         24      20480       3696   heap_4.o
       816        374          0          0          0       2582   icmp.o
         0          0          0          0          0       5780   inet.o
       588        104          0          0          0       3505   inet_chksum.o
        38          0          0          0          0       4704   init.o
       860        158          0         20          0       7519   ip.o
       596        112          8          0         16       9735   ip_addr.o
      2092        464          0          8          0       8196   ip_frag.o
       260         12          0          1          0        988   key.o
       756         42          0         16          0       3925   lan8720.o
     17876        110       6080          4         14      25844   lcd.o
        64          6          0          0          0        583   led.o
       136          0          0          0          0       2046   list.o
      1444        672          0         24         76      24454   lwip_comm_1.o
        76          0          0          0          0     374718   main.o
       452         10         36         36    1175040       5263   malloc.o
      1496        538          0         20          0       4358   mem.o
       408        194         56          4         56       3408   memp.o
       176         12          0          0          0       2213   misc.o
       784        342          0          0          0       4369   netbuf.o
       620        116          0         12          0       6927   netif.o
      1280         48        454          0          0       6509   ov2640.o
      3382       1232          0          0          0      10163   pbuf.o
       790        104          0         12          0       8493   port.o
      2732         52          0          0         64      17432   queue.o
       504        132          0          4          0       3733   raw.o
       568         10          0          0          0       2669   sccb.o
      5164        650         64          8         96      18638   sockets.o
       672         16          0          0          0       2395   sram.o
        64         26        392          0       1536        868   startup_stm32f40_41xxx.o
      2744         86          0         12         12      21172   stm32f4x7_eth.o
       308          4          0          0          0       3870   stm32f4xx_dcmi.o
       800         32          0          0          0       7225   stm32f4xx_dma.o
      1096         10         28          0          0       6430   stm32f4xx_fsmc.o
       524         44          0          0          0       4733   stm32f4xx_gpio.o
        12          0          0          0          0        975   stm32f4xx_it.o
      1152         48          0         16          0      13668   stm32f4xx_rcc.o
       124         16          0          0          0       2005   stm32f4xx_syscfg.o
      2524         52          0          0          0      24262   stm32f4xx_tim.o
       856         32          0          0          0       8552   stm32f4xx_usart.o
       632         10          4          0          0      15996   sys_arch.o
       380         36          0         20          0       2023   system_stm32f4xx.o
      4940        180          0         60        740      33762   tasks.o
      4080        994        201         36          0      23009   tcp.o
      1828        410         42          8        200       5192   tcp_client_demo.o
      4380        810          0         28         20      15419   tcp_in.o
      4106        956         85          0          0      11143   tcp_out.o
       816        186          0         12          0      10408   tcpip.o
       280         34          0          0          0       1378   timer.o
       652        180          0          8          0       3967   timers.o
      1304        128          0         20         40       9252   timers_1.o
      1180        192          0          8          0      15055   udp.o
       284         16          0          6        200       3554   usart.o
       132          8          0          0          0        798   usart2.o
      2836       1292         40         28          0       4860   usmart.o
         0          0        785        412          0       1688   usmart_config.o
      1056         12          0          0          0       6315   usmart_str.o

    ----------------------------------------------------------------------
    102576      15654       8538        912    1207060     907522   Object Totals
         0          0         32          0          0          0   (incl. Generated)
         8          0         11          8         14          0   (incl. Padding)

    ----------------------------------------------------------------------

      Code (inc. data)   RO Data    RW Data    ZI Data      Debug   Library Member Name

        90          0          0          0          0          0   __dczerorl2.o
         8          0          0          0          0         68   __main.o
       392          4         17          0          0         92   __printf_flags_ss_wp.o
        14          0          0          0          0         68   __printf_wp.o
         0          0          0          0          0          0   __rtentry.o
        12          0          0          0          0          0   __rtentry2.o
         6          0          0          0          0          0   __rtentry4.o
        52          8          0          0          0          0   __scatter.o
        28          0          0          0          0          0   __scatter_zi.o
         6          0          0          0          0          0   _printf_c.o
        44          0          0          0          0        108   _printf_char.o
        48          6          0          0          0         96   _printf_char_common.o
        36          4          0          0          0         80   _printf_char_file.o
         6          0          0          0          0          0   _printf_d.o
       120         16          0          0          0         92   _printf_dec.o
        88          4         40          0          0         88   _printf_hex_int.o
       178          0          0          0          0         88   _printf_intcommon.o
        78          0          0          0          0        108   _printf_pad.o
         0          0          0          0          0          0   _printf_percent.o
         4          0          0          0          0          0   _printf_percent_end.o
         6          0          0          0          0          0   _printf_s.o
        82          0          0          0          0         80   _printf_str.o
         6          0          0          0          0          0   _printf_u.o
         6          0          0          0          0          0   _printf_x.o
        10          0          0          0          0         68   _sputc.o
        16          0          0          0          0         68   aeabi_memset.o
        18          0          0          0          0         80   exit.o
         8          0          0          0          0         68   ferror.o
         6          0          0          0          0        152   heapauxi.o
         2          0          0          0          0          0   libinit.o
         6          0          0          0          0          0   libinit2.o
         2          0          0          0          0          0   libshutdown.o
         2          0          0          0          0          0   libshutdown2.o
         8          4          0          0         96         68   libspace.o
        88          0          0          0          0         76   memcmp.o
        24          4          0          0          0         84   noretval__2printf.o
        40          6          0          0          0         84   noretval__2sprintf.o
        68          0          0          0          0         68   rt_memclr.o
        78          0          0          0          0         80   rt_memclr_w.o
       138          0          0          0          0         68   rt_memcpy_v6.o
       100          0          0          0          0         80   rt_memcpy_w.o
         2          0          0          0          0          0   rtexit.o
        10          0          0          0          0          0   rtexit2.o
        72          0          0          0          0         80   strcpy.o
        62          0          0          0          0         76   strlen.o
        74          0          0          0          0         80   sys_stackheap_outer.o
         2          0          0          0          0         68   use_no_semi.o
         2          0          0          0          0         68   use_no_semi_2.o
        90          4          0          0          0        140   dfixu.o
        38          0          0          0          0        116   dflt_clz.o
       340         12          0          0          0        152   dmul.o
       156          4          0          0          0        140   dnaninf.o
        12          0          0          0          0        116   dretinf.o
        10          0          0          0          0        116   fpinit.o
         0          0          0          0          0          0   usenofp.o

    ----------------------------------------------------------------------
      2802         76         60          0        100       3164   Library Totals
         8          0          3          0          4          0   (incl. Padding)

    ----------------------------------------------------------------------

      Code (inc. data)   RO Data    RW Data    ZI Data      Debug   Library Name

      2148         56         57          0         96       2384   c_w.l
       646         20          0          0          0        780   fz_wm.l

    ----------------------------------------------------------------------
      2802         76         60          0        100       3164   Library Totals

    ----------------------------------------------------------------------

==============================================================================


      Code (inc. data)   RO Data    RW Data    ZI Data      Debug   

    105378      15730       8598        912    1207160     893986   Grand Totals
    105378      15730       8598        264    1207160     893986   ELF Image Totals (compressed)
    105378      15730       8598        264          0          0   ROM Totals

==============================================================================

    Total RO  Size (Code + RO Data)               113976 ( 111.30kB)
    Total RW  Size (RW Data + ZI Data)           1208072 (1179.76kB)
    Total ROM Size (Code + RO Data + RW Data)     114240 ( 111.56kB)

==============================================================================

