<html>
<body>
<pre>
<h1>礦ision Build Log</h1>
<h2>Tool Versions:</h2>
IDE-Version: μVision V5.28.0.0
Copyright (C) 2019 ARM Ltd and ARM Germany GmbH. All rights reserved.
License Information: a a, a, LIC=JL2Y8-3JNEJ-H8NFS-L3UIY-CPL19-88ZGQ
 
Tool Versions:
Toolchain:       MDK-ARM Plus  Version: 5.28.0.0
Toolchain Path:  D:\Program Files\IDE\Keil_v5\ARM\ARMCC\Bin
C Compiler:      Armcc.exe V5.06 update 6 (build 750)
Assembler:       Armasm.exe V5.06 update 6 (build 750)
Linker/Locator:  ArmLink.exe V5.06 update 6 (build 750)
Library Manager: ArmAr.exe V5.06 update 6 (build 750)
Hex Converter:   FromElf.exe V5.06 update 6 (build 750)
CPU DLL:         SARMCM3.DLL V5.28.0.0
Dialog DLL:      DCM.DLL V1.17.3.0
Target DLL:      UL2CM3.DLL V1.162.16.0
Dialog DLL:      TCM.DLL V1.36.2.0
 
<h2>Project:</h2>
E:\资料\工作档案\2020\工程\智能垃圾桶\F4程序\Mintpass_rubbish_11\USER\MR.uvprojx
Project File Date:  11/06/2020

<h2>Output:</h2>
*** Using Compiler 'V5.06 update 6 (build 750)', folder: 'D:\Program Files\IDE\Keil_v5\ARM\ARMCC\Bin'
Rebuild target 'Mintpass_rubbish'
compiling MR_CV.c...
compiling led.c...
compiling system_stm32f4xx.c...
compiling stm32f4xx_it.c...
compiling timer.c...
compiling main.c...
compiling MR_task.c...
..\INTERFACE\MR_TASK\MR_task.c(229): warning:  #1-D: last line of file ends without a newline
  }
..\INTERFACE\MR_TASK\MR_task.c: 1 warning, 0 errors
compiling usart2.c...
compiling dcmi.c...
compiling key.c...
compiling sccb.c...
compiling ov2640.c...
compiling sram.c...
assembling startup_stm32f40_41xxx.s...
compiling lcd.c...
compiling sys.c...
compiling misc.c...
compiling delay.c...
compiling stm32f4xx_adc.c...
compiling usart.c...
compiling stm32f4xx_rcc.c...
compiling stm32f4xx_syscfg.c...
compiling stm32f4xx_gpio.c...
compiling stm32f4xx_usart.c...
compiling stm32f4xx_dcmi.c...
compiling stm32f4xx_fsmc.c...
compiling stm32f4xx_tim.c...
compiling stm32f4xx_dma.c...
compiling stm32f4x7_eth.c...
compiling usmart_config.c...
compiling usmart.c...
compiling usmart_str.c...
compiling autoip.c...
compiling ethernetif.c...
compiling tcp_client.c...
compiling etharp.c...
compiling igmp.c...
compiling inet.c...
compiling inet_chksum.c...
compiling ip_addr.c...
compiling icmp.c...
compiling ip.c...
compiling ip_frag.c...
compiling def.c...
compiling dns.c...
compiling memp.c...
compiling init.c...
compiling netif.c...
compiling dhcp.c...
compiling pbuf.c...
compiling stats.c...
compiling raw.c...
compiling udp.c...
compiling timers.c...
compiling tcp.c...
compiling tcp_in.c...
compiling tcp_out.c...
compiling sys_arch.c...
compiling mem.c...
compiling err.c...
compiling netbuf.c...
compiling netdb.c...
compiling netifapi.c...
compiling api_lib.c...
compiling sys_eth.c...
..\LWIP\arch\sys_eth.c(14): warning:  #177-D: variable "sLwipDev"  was declared but never referenced
  static sLwipDev_t sLwipDev; // LwIP控制结构体
..\LWIP\arch\sys_eth.c: 1 warning, 0 errors
compiling api_msg.c...
compiling croutine.c...
compiling list.c...
compiling event_groups.c...
compiling tcpip.c...
compiling queue.c...
compiling tasks.c...
compiling sockets.c...
compiling timers.c...
compiling port.c...
compiling heap_4.c...
linking...
Program Size: Code=85998 RO-data=8426 RW-data=824 ZI-data=53928  
FromELF: creating hex file...
"..\OBJ\MR.axf" - 0 Error(s), 2 Warning(s).

<h2>Software Packages used:</h2>

Package Vendor: Keil
                http://www.keil.com/pack/Keil.STM32F4xx_DFP.2.9.0.pack
                Keil.STM32F4xx_DFP.2.9.0
                STMicroelectronics STM32F4 Series Device Support, Drivers and Examples

<h2>Collection of Component include folders:</h2>
  .\RTE\_Mintpass_rubbish
  D:\AppData\Local\Arm\Packs\Keil\STM32F4xx_DFP\2.9.0\Drivers\CMSIS\Device\ST\STM32F4xx\Include

<h2>Collection of Component Files used:</h2>
Build Time Elapsed:  00:00:12
</pre>
</body>
</html>
