Component: ARM Compiler 5.06 update 6 (build 750) Tool: armlink [4d35ed]

==============================================================================

Section Cross References

    main.o(i.main) refers to misc.o(i.NVIC_PriorityGroupConfig) for NVIC_PriorityGroupConfig
    main.o(i.main) refers to delay.o(i.delay_init) for delay_init
    main.o(i.main) refers to usart.o(i.uart_init) for uart_init
    main.o(i.main) refers to usart2.o(i.usart2_init) for usart2_init
    main.o(i.main) refers to led.o(i.LED_Init) for LED_Init
    main.o(i.main) refers to lcd.o(i.LCD_Init) for LCD_Init
    main.o(i.main) refers to key.o(i.KEY_Init) for KEY_Init
    main.o(i.main) refers to lcd.o(i.LCD_ShowString) for LCD_ShowString
    main.o(i.main) refers to mr_task.o(i.MR_start) for MR_start
    main.o(i.main) refers to lcd.o(.data) for POINT_COLOR
    system_stm32f4xx.o(i.SystemCoreClockUpdate) refers to system_stm32f4xx.o(.data) for .data
    system_stm32f4xx.o(i.SystemInit) refers to system_stm32f4xx.o(i.SetSysClock) for SetSysClock
    mr_cv.o(i.jpeg_data_process) refers to stm32f4xx_dma.o(i.DMA_Cmd) for DMA_Cmd
    mr_cv.o(i.jpeg_data_process) refers to stm32f4xx_dma.o(i.DMA_GetCmdStatus) for DMA_GetCmdStatus
    mr_cv.o(i.jpeg_data_process) refers to stm32f4xx_dma.o(i.DMA_GetCurrDataCounter) for DMA_GetCurrDataCounter
    mr_cv.o(i.jpeg_data_process) refers to stm32f4xx_dma.o(i.DMA_SetCurrDataCounter) for DMA_SetCurrDataCounter
    mr_cv.o(i.jpeg_data_process) refers to mr_cv.o(.data) for .data
    mr_cv.o(.data) refers to mr_cv.o(.conststring) for .conststring
    mr_cv.o(.data) refers to mr_cv.o(.conststring) for .conststring
    mr_task.o(i.MR_start) refers to lcd.o(i.LCD_ShowString) for LCD_ShowString
    mr_task.o(i.MR_start) refers to delay.o(i.delay_ms) for delay_ms
    mr_task.o(i.MR_start) refers to lcd.o(i.LCD_Fill) for LCD_Fill
    mr_task.o(i.MR_start) refers to ov2640.o(i.OV2640_Init) for OV2640_Init
    mr_task.o(i.MR_start) refers to tasks.o(i.xTaskCreate) for xTaskCreate
    mr_task.o(i.MR_start) refers to tasks.o(i.vTaskStartScheduler) for vTaskStartScheduler
    mr_task.o(i.MR_start) refers to lcd.o(.data) for POINT_COLOR
    mr_task.o(i.MR_start) refers to mr_task.o(.data) for .data
    mr_task.o(i.MR_start) refers to mr_task.o(i.start_task) for start_task
    mr_task.o(i.rgb565_test_task) refers to _printf_percent.o(.ARM.Collect$$_printf_percent$$00000000) for _printf_percent
    mr_task.o(i.rgb565_test_task) refers to _printf_d.o(.ARM.Collect$$_printf_percent$$00000009) for _printf_d
    mr_task.o(i.rgb565_test_task) refers to _printf_dec.o(.text) for _printf_int_dec
    mr_task.o(i.rgb565_test_task) refers to _printf_s.o(.ARM.Collect$$_printf_percent$$00000014) for _printf_s
    mr_task.o(i.rgb565_test_task) refers to _printf_str.o(.text) for _printf_str
    mr_task.o(i.rgb565_test_task) refers to lcd.o(i.LCD_Clear) for LCD_Clear
    mr_task.o(i.rgb565_test_task) refers to lcd.o(i.LCD_ShowString) for LCD_ShowString
    mr_task.o(i.rgb565_test_task) refers to ov2640.o(i.OV2640_RGB565_Mode) for OV2640_RGB565_Mode
    mr_task.o(i.rgb565_test_task) refers to dcmi.o(i.My_DCMI_Init) for My_DCMI_Init
    mr_task.o(i.rgb565_test_task) refers to dcmi.o(i.DCMI_DMA_Init) for DCMI_DMA_Init
    mr_task.o(i.rgb565_test_task) refers to ov2640.o(i.OV2640_OutSize_Set) for OV2640_OutSize_Set
    mr_task.o(i.rgb565_test_task) refers to dcmi.o(i.DCMI_Start) for DCMI_Start
    mr_task.o(i.rgb565_test_task) refers to key.o(i.KEY_Scan) for KEY_Scan
    mr_task.o(i.rgb565_test_task) refers to dcmi.o(i.DCMI_Stop) for DCMI_Stop
    mr_task.o(i.rgb565_test_task) refers to ov2640.o(i.OV2640_Contrast) for OV2640_Contrast
    mr_task.o(i.rgb565_test_task) refers to ov2640.o(i.OV2640_Color_Saturation) for OV2640_Color_Saturation
    mr_task.o(i.rgb565_test_task) refers to noretval__2sprintf.o(.text) for __2sprintf
    mr_task.o(i.rgb565_test_task) refers to ov2640.o(i.OV2640_Special_Effects) for OV2640_Special_Effects
    mr_task.o(i.rgb565_test_task) refers to ov2640.o(i.OV2640_ImageWin_Set) for OV2640_ImageWin_Set
    mr_task.o(i.rgb565_test_task) refers to delay.o(i.delay_ms) for delay_ms
    mr_task.o(i.rgb565_test_task) refers to lcd.o(.data) for POINT_COLOR
    mr_task.o(i.rgb565_test_task) refers to lcd.o(.bss) for lcddev
    mr_task.o(i.rgb565_test_task) refers to mr_cv.o(.data) for EFFECTS_TBL
    mr_task.o(i.start_task) refers to port.o(i.vPortEnterCritical) for vPortEnterCritical
    mr_task.o(i.start_task) refers to tasks.o(i.xTaskCreate) for xTaskCreate
    mr_task.o(i.start_task) refers to tasks.o(i.vTaskDelete) for vTaskDelete
    mr_task.o(i.start_task) refers to port.o(i.vPortExitCritical) for vPortExitCritical
    mr_task.o(i.start_task) refers to mr_task.o(.data) for .data
    mr_task.o(i.start_task) refers to mr_task.o(i.rgb565_test_task) for rgb565_test_task
    led.o(i.LED_Init) refers to stm32f4xx_rcc.o(i.RCC_AHB1PeriphClockCmd) for RCC_AHB1PeriphClockCmd
[...]
    i.prvSwitchTimerLists                    0x080063f8   Section        0  timers.o(i.prvSwitchTimerLists)
    prvSwitchTimerLists                      0x080063f9   Thumb Code   100  timers.o(i.prvSwitchTimerLists)
    i.prvTaskExitError                       0x08006464   Section        0  port.o(i.prvTaskExitError)
    prvTaskExitError                         0x08006465   Thumb Code    36  port.o(i.prvTaskExitError)
    i.prvTimerTask                           0x080064c8   Section        0  timers.o(i.prvTimerTask)
    prvTimerTask                             0x080064c9   Thumb Code    34  timers.o(i.prvTimerTask)
    i.prvUnlockQueue                         0x080064f0   Section        0  queue.o(i.prvUnlockQueue)
    prvUnlockQueue                           0x080064f1   Thumb Code   120  queue.o(i.prvUnlockQueue)
    i.pvPortMalloc                           0x08006568   Section        0  heap_4.o(i.pvPortMalloc)
    i.pvTaskIncrementMutexHeldCount          0x0800667c   Section        0  tasks.o(i.pvTaskIncrementMutexHeldCount)
    i.pxPortInitialiseStack                  0x08006694   Section        0  port.o(i.pxPortInitialiseStack)
    i.rgb565_test_task                       0x080066c0   Section        0  mr_task.o(i.rgb565_test_task)
    i.start_task                             0x0800692c   Section        0  mr_task.o(i.start_task)
    i.uart_init                              0x0800696c   Section        0  usart.o(i.uart_init)
    i.usart2_init                            0x08006a18   Section        0  usart2.o(i.usart2_init)
    i.uxListRemove                           0x08006a9c   Section        0  list.o(i.uxListRemove)
    i.vListInitialise                        0x08006ac0   Section        0  list.o(i.vListInitialise)
    i.vListInitialiseItem                    0x08006ad6   Section        0  list.o(i.vListInitialiseItem)
    i.vListInsert                            0x08006adc   Section        0  list.o(i.vListInsert)
    i.vListInsertEnd                         0x08006b0c   Section        0  list.o(i.vListInsertEnd)
    i.vPortEnterCritical                     0x08006b24   Section        0  port.o(i.vPortEnterCritical)
    i.vPortExitCritical                      0x08006b9c   Section        0  port.o(i.vPortExitCritical)
    i.vPortFree                              0x08006c00   Section        0  heap_4.o(i.vPortFree)
    i.vPortSetupTimerInterrupt               0x08006c9c   Section        0  port.o(i.vPortSetupTimerInterrupt)
    i.vPortValidateInterruptPriority         0x08006cbc   Section        0  port.o(i.vPortValidateInterruptPriority)
    i.vQueueAddToRegistry                    0x08006d48   Section        0  queue.o(i.vQueueAddToRegistry)
    i.vQueueWaitForMessageRestricted         0x08006d6c   Section        0  queue.o(i.vQueueWaitForMessageRestricted)
    i.vTaskDelay                             0x08006db0   Section        0  tasks.o(i.vTaskDelay)
    i.vTaskDelete                            0x08006e1c   Section        0  tasks.o(i.vTaskDelete)
    i.vTaskMissedYield                       0x08006ee8   Section        0  tasks.o(i.vTaskMissedYield)
    i.vTaskPlaceOnEventList                  0x08006ef4   Section        0  tasks.o(i.vTaskPlaceOnEventList)
    i.vTaskPlaceOnEventListRestricted        0x08006f48   Section        0  tasks.o(i.vTaskPlaceOnEventListRestricted)
    i.vTaskPriorityInherit                   0x08006fa4   Section        0  tasks.o(i.vTaskPriorityInherit)
    i.vTaskSetTimeOutState                   0x08007028   Section        0  tasks.o(i.vTaskSetTimeOutState)
    i.vTaskStartScheduler                    0x08007070   Section        0  tasks.o(i.vTaskStartScheduler)
    i.vTaskSuspendAll                        0x08007104   Section        0  tasks.o(i.vTaskSuspendAll)
    i.vTaskSwitchContext                     0x08007114   Section        0  tasks.o(i.vTaskSwitchContext)
    i.xPortStartScheduler                    0x08007190   Section        0  port.o(i.xPortStartScheduler)
    i.xPortSysTickHandler                    0x080072a4   Section        0  port.o(i.xPortSysTickHandler)
    i.xQueueGenericCreate                    0x080072d0   Section        0  queue.o(i.xQueueGenericCreate)
    i.xQueueGenericReceive                   0x08007348   Section        0  queue.o(i.xQueueGenericReceive)
    i.xQueueGenericReset                     0x080074cc   Section        0  queue.o(i.xQueueGenericReset)
    i.xQueueGenericSend                      0x08007574   Section        0  queue.o(i.xQueueGenericSend)
    i.xQueueGenericSendFromISR               0x080076fc   Section        0  queue.o(i.xQueueGenericSendFromISR)
    i.xTaskCheckForTimeOut                   0x080077dc   Section        0  tasks.o(i.xTaskCheckForTimeOut)
    i.xTaskCreate                            0x08007864   Section        0  tasks.o(i.xTaskCreate)
    i.xTaskGetSchedulerState                 0x080078bc   Section        0  tasks.o(i.xTaskGetSchedulerState)
    i.xTaskGetTickCount                      0x080078d8   Section        0  tasks.o(i.xTaskGetTickCount)
    i.xTaskIncrementTick                     0x080078e4   Section        0  tasks.o(i.xTaskIncrementTick)
    i.xTaskPriorityDisinherit                0x080079cc   Section        0  tasks.o(i.xTaskPriorityDisinherit)
    i.xTaskRemoveFromEventList               0x08007a80   Section        0  tasks.o(i.xTaskRemoveFromEventList)
    i.xTaskResumeAll                         0x08007b18   Section        0  tasks.o(i.xTaskResumeAll)
    i.xTimerCreate                           0x08007bfc   Section        0  timers.o(i.xTimerCreate)
    i.xTimerCreateTimerTask                  0x08007c70   Section        0  timers.o(i.xTimerCreateTimerTask)
    i.xTimerGenericCommand                   0x08007ce4   Section        0  timers.o(i.xTimerGenericCommand)
    x$fpl$dfixu                              0x08007d74   Section       90  dfixu.o(x$fpl$dfixu)
    $v0                                      0x08007d74   Number         0  dfixu.o(x$fpl$dfixu)
    x$fpl$dfltu                              0x08007dce   Section       38  dflt_clz.o(x$fpl$dfltu)
    $v0                                      0x08007dce   Number         0  dflt_clz.o(x$fpl$dfltu)
    x$fpl$dmul                               0x08007df4   Section      340  dmul.o(x$fpl$dmul)
    $v0                                      0x08007df4   Number         0  dmul.o(x$fpl$dmul)
    x$fpl$dnaninf                            0x08007f48   Section      156  dnaninf.o(x$fpl$dnaninf)
    $v0                                      0x08007f48   Number         0  dnaninf.o(x$fpl$dnaninf)
    x$fpl$dretinf                            0x08007fe4   Section       12  dretinf.o(x$fpl$dretinf)
    $v0                                      0x08007fe4   Number         0  dretinf.o(x$fpl$dretinf)
    x$fpl$fpinit                             0x08007ff0   Section       10  fpinit.o(x$fpl$fpinit)
    $v0                                      0x08007ff0   Number         0  fpinit.o(x$fpl$fpinit)
    .constdata                               0x08007ffa   Section     6080  lcd.o(.constdata)
    x$fpl$usenofp                            0x08007ffa   Section        0  usenofp.o(x$fpl$usenofp)
    .constdata                               0x080097ba   Section      454  ov2640.o(.constdata)
    OV2640_AUTOEXPOSURE_LEVEL                0x08009958   Data          40  ov2640.o(.constdata)
    .constdata                               0x08009980   Section       40  _printf_hex_int.o(.constdata)
    uc_hextab                                0x08009980   Data          20  _printf_hex_int.o(.constdata)
    lc_hextab                                0x08009994   Data          20  _printf_hex_int.o(.constdata)
    .conststring                             0x080099a8   Section       59  mr_cv.o(.conststring)
    .data                                    0x20000000   Section       20  system_stm32f4xx.o(.data)
    .data                                    0x20000014   Section        8  mr_cv.o(.data)
    .data                                    0x2000001c   Section       28  mr_cv.o(.data)
    .data                                    0x20000038   Section        8  mr_task.o(.data)
    .data                                    0x20000040   Section        4  lcd.o(.data)
    .data                                    0x20000044   Section        1  dcmi.o(.data)
    .data                                    0x20000045   Section        1  key.o(.data)
    key_up                                   0x20000045   Data           1  key.o(.data)
    .data                                    0x20000046   Section        4  delay.o(.data)
    fac_us                                   0x20000046   Data           1  delay.o(.data)
    fac_ms                                   0x20000048   Data           2  delay.o(.data)
    .data                                    0x2000004a   Section        2  usart.o(.data)
    .data                                    0x2000004c   Section        4  usart.o(.data)
    .data                                    0x20000050   Section       16  stm32f4xx_rcc.o(.data)
    APBAHBPrescTable                         0x20000050   Data          16  stm32f4xx_rcc.o(.data)
    .data                                    0x20000060   Section       60  tasks.o(.data)
    uxDeletedTasksWaitingCleanUp             0x20000064   Data           4  tasks.o(.data)
    uxCurrentNumberOfTasks                   0x20000068   Data           4  tasks.o(.data)
    xTickCount                               0x2000006c   Data           4  tasks.o(.data)
    uxTopReadyPriority                       0x20000070   Data           4  tasks.o(.data)
    xSchedulerRunning                        0x20000074   Data           4  tasks.o(.data)
    uxPendedTicks                            0x20000078   Data           4  tasks.o(.data)
    xYieldPending                            0x2000007c   Data           4  tasks.o(.data)
    xNumOfOverflows                          0x20000080   Data           4  tasks.o(.data)
    uxTaskNumber                             0x20000084   Data           4  tasks.o(.data)
    xNextTaskUnblockTime                     0x20000088   Data           4  tasks.o(.data)
    xIdleTaskHandle                          0x2000008c   Data           4  tasks.o(.data)
    uxSchedulerSuspended                     0x20000090   Data           4  tasks.o(.data)
    pxDelayedTaskList                        0x20000094   Data           4  tasks.o(.data)
    pxOverflowDelayedTaskList                0x20000098   Data           4  tasks.o(.data)
    .data                                    0x2000009c   Section       20  timers.o(.data)
    xTimerQueue                              0x2000009c   Data           4  timers.o(.data)
    xTimerTaskHandle                         0x200000a0   Data           4  timers.o(.data)
    xLastTime                                0x200000a4   Data           4  timers.o(.data)
    pxCurrentTimerList                       0x200000a8   Data           4  timers.o(.data)
    pxOverflowTimerList                      0x200000ac   Data           4  timers.o(.data)
    .data                                    0x200000b0   Section       12  port.o(.data)
    ucMaxSysCallPriority                     0x200000b0   Data           1  port.o(.data)
    uxCriticalNesting                        0x200000b4   Data           4  port.o(.data)
    ulMaxPRIGROUPValue                       0x200000b8   Data           4  port.o(.data)
    .data                                    0x200000bc   Section       24  heap_4.o(.data)
    pxEnd                                    0x200000bc   Data           4  heap_4.o(.data)
    xFreeBytesRemaining                      0x200000c0   Data           4  heap_4.o(.data)
    xMinimumEverFreeBytesRemaining           0x200000c4   Data           4  heap_4.o(.data)
    xBlockAllocatedBit                       0x200000c8   Data           4  heap_4.o(.data)
    xStart                                   0x200000cc   Data           8  heap_4.o(.data)
    .bss                                     0x200000d4   Section       14  lcd.o(.bss)
    .bss                                     0x200000e2   Section       14  dcmi.o(.bss)
    .bss                                     0x200000f0   Section      200  usart.o(.bss)
    .bss                                     0x200001b8   Section       64  queue.o(.bss)
    .bss                                     0x200001f8   Section      740  tasks.o(.bss)
    pxReadyTasksLists                        0x200001f8   Data         640  tasks.o(.bss)
    xDelayedTaskList1                        0x20000478   Data          20  tasks.o(.bss)
    xDelayedTaskList2                        0x2000048c   Data          20  tasks.o(.bss)
    xPendingReadyList                        0x200004a0   Data          20  tasks.o(.bss)
    xTasksWaitingTermination                 0x200004b4   Data          20  tasks.o(.bss)
    xSuspendedTaskList                       0x200004c8   Data          20  tasks.o(.bss)
    .bss                                     0x200004dc   Section       40  timers.o(.bss)
    xActiveTimerList1                        0x200004dc   Data          20  timers.o(.bss)
    xActiveTimerList2                        0x200004f0   Data          20  timers.o(.bss)
    .bss                                     0x20000504   Section    20480  heap_4.o(.bss)
    ucHeap                                   0x20000504   Data       20480  heap_4.o(.bss)
    .bss                                     0x20005504   Section       96  libspace.o(.bss)
    HEAP                                     0x20005568   Section      512  startup_stm32f40_41xxx.o(HEAP)
    Heap_Mem                                 0x20005568   Data         512  startup_stm32f40_41xxx.o(HEAP)
    STACK                                    0x20005768   Section     1024  startup_stm32f40_41xxx.o(STACK)
    Stack_Mem                                0x20005768   Data        1024  startup_stm32f40_41xxx.o(STACK)
    __initial_sp                             0x20005b68   Data           0  startup_stm32f40_41xxx.o(STACK)

    Global Symbols

    Symbol Name                              Value     Ov Type        Size  Object(Section)

    BuildAttributes$$THM_ISAv4$E$P$D$K$B$S$7EM$VFPi3$EXTD16$VFPS$VFMA$PE$A:L22UL41UL21$X:L11$S22US41US21$IEEE1$IW$USESV6$~STKCKD$USESV7$~SHL$OSPACE$ROPI$EBA8$UX$STANDARDLIB$REQ8$PRES8$EABIv2 0x00000000   Number         0  anon$$obj.o ABSOLUTE
    __ARM_use_no_argv                        0x00000000   Number         0  main.o ABSOLUTE
    __ARM_exceptions_init                     - Undefined Weak Reference
    __alloca_initialize                       - Undefined Weak Reference
    __arm_preinit_                            - Undefined Weak Reference
    __cpp_initialize__aeabi_                  - Undefined Weak Reference
    __cxa_finalize                            - Undefined Weak Reference
    __rt_locale                               - Undefined Weak Reference
    __sigvec_lookup                           - Undefined Weak Reference
    _atexit_init                              - Undefined Weak Reference
    _call_atexit_fns                          - Undefined Weak Reference
    _clock_init                               - Undefined Weak Reference
    _fp_trap_init                             - Undefined Weak Reference
    _fp_trap_shutdown                         - Undefined Weak Reference
    _get_lc_collate                           - Undefined Weak Reference
    _get_lc_ctype                             - Undefined Weak Reference
    _get_lc_monetary                          - Undefined Weak Reference
    _get_lc_numeric                           - Undefined Weak Reference
    _get_lc_time                              - Undefined Weak Reference
    _getenv_init                              - Undefined Weak Reference
    _handle_redirection                       - Undefined Weak Reference
    _init_alloc                               - Undefined Weak Reference
    _init_user_alloc                          - Undefined Weak Reference
    _initio                                   - Undefined Weak Reference
    _mutex_acquire                            - Undefined Weak Reference
    _mutex_release                            - Undefined Weak Reference
    _printf_mbtowc                            - Undefined Weak Reference
    _printf_post_padding                      - Undefined Weak Reference
    _printf_pre_padding                       - Undefined Weak Reference
    _printf_truncate_signed                   - Undefined Weak Reference
    _printf_truncate_unsigned                 - Undefined Weak Reference
    _rand_init                                - Undefined Weak Reference
    _signal_finish                            - Undefined Weak Reference
    _signal_init                              - Undefined Weak Reference
    _terminate_alloc                          - Undefined Weak Reference
    _terminate_user_alloc                     - Undefined Weak Reference
    _terminateio                              - Undefined Weak Reference
    __Vectors_Size                           0x00000188   Number         0  startup_stm32f40_41xxx.o ABSOLUTE
    __Vectors                                0x08000000   Data           4  startup_stm32f40_41xxx.o(RESET)
    __Vectors_End                            0x08000188   Data           0  startup_stm32f40_41xxx.o(RESET)
    __main                                   0x08000189   Thumb Code     8  __main.o(!!!main)
    __scatterload                            0x08000191   Thumb Code     0  __scatter.o(!!!scatter)
    __scatterload_rt2                        0x08000191   Thumb Code    44  __scatter.o(!!!scatter)
    __scatterload_rt2_thumb_only             0x08000191   Thumb Code     0  __scatter.o(!!!scatter)
    __scatterload_null                       0x0800019f   Thumb Code     0  __scatter.o(!!!scatter)
    __scatterload_copy                       0x080001c5   Thumb Code    26  __scatter_copy.o(!!handler_copy)
    __scatterload_zeroinit                   0x080001e1   Thumb Code    28  __scatter_zi.o(!!handler_zi)
    _printf_d                                0x080001fd   Thumb Code     0  _printf_d.o(.ARM.Collect$$_printf_percent$$00000009)
    _printf_percent                          0x080001fd   Thumb Code     0  _printf_percent.o(.ARM.Collect$$_printf_percent$$00000000)
    _printf_x                                0x08000203   Thumb Code     0  _printf_x.o(.ARM.Collect$$_printf_percent$$0000000C)
    _printf_s                                0x08000209   Thumb Code     0  _printf_s.o(.ARM.Collect$$_printf_percent$$00000014)
    _printf_percent_end                      0x0800020f   Thumb Code     0  _printf_percent_end.o(.ARM.Collect$$_printf_percent$$00000017)
    __rt_lib_init                            0x08000213   Thumb Code     0  libinit.o(.ARM.Collect$$libinit$$00000000)
    __rt_lib_init_fp_1                       0x08000215   Thumb Code     0  libinit2.o(.ARM.Collect$$libinit$$00000001)
    __rt_lib_init_alloca_1                   0x08000219   Thumb Code     0  libinit2.o(.ARM.Collect$$libinit$$0000002E)
    __rt_lib_init_argv_1                     0x08000219   Thumb Code     0  libinit2.o(.ARM.Collect$$libinit$$0000002C)
    __rt_lib_init_atexit_1                   0x08000219   Thumb Code     0  libinit2.o(.ARM.Collect$$libinit$$0000001B)
    __rt_lib_init_clock_1                    0x08000219   Thumb Code     0  libinit2.o(.ARM.Collect$$libinit$$00000021)
    __rt_lib_init_cpp_1                      0x08000219   Thumb Code     0  libinit2.o(.ARM.Collect$$libinit$$00000032)
    __rt_lib_init_exceptions_1               0x08000219   Thumb Code     0  libinit2.o(.ARM.Collect$$libinit$$00000030)
    __rt_lib_init_fp_trap_1                  0x08000219   Thumb Code     0  libinit2.o(.ARM.Collect$$libinit$$0000001F)
    __rt_lib_init_getenv_1                   0x08000219   Thumb Code     0  libinit2.o(.ARM.Collect$$libinit$$00000023)
    __rt_lib_init_heap_1                     0x08000219   Thumb Code     0  libinit2.o(.ARM.Collect$$libinit$$0000000A)
    __rt_lib_init_lc_collate_1               0x08000219   Thumb Code     0  libinit2.o(.ARM.Collect$$libinit$$00000011)
    __rt_lib_init_lc_ctype_1                 0x08000219   Thumb Code     0  libinit2.o(.ARM.Collect$$libinit$$00000013)
    __rt_lib_init_lc_monetary_1              0x08000219   Thumb Code     0  libinit2.o(.ARM.Collect$$libinit$$00000015)
    __rt_lib_init_lc_numeric_1               0x08000219   Thumb Code     0  libinit2.o(.ARM.Collect$$libinit$$00000017)
    __rt_lib_init_lc_time_1                  0x08000219   Thumb Code     0  libinit2.o(.ARM.Collect$$libinit$$00000019)
    __rt_lib_init_preinit_1                  0x08000219   Thumb Code     0  libinit2.o(.ARM.Collect$$libinit$$00000004)
    __rt_lib_init_rand_1                     0x08000219   Thumb Code     0  libinit2.o(.ARM.Collect$$libinit$$0000000E)
    __rt_lib_init_return                     0x08000219   Thumb Code     0  libinit2.o(.ARM.Collect$$libinit$$00000033)
    __rt_lib_init_signal_1                   0x08000219   Thumb Code     0  libinit2.o(.ARM.Collect$$libinit$$0000001D)
    __rt_lib_init_stdio_1                    0x08000219   Thumb Code     0  libinit2.o(.ARM.Collect$$libinit$$00000025)
    __rt_lib_init_user_alloc_1               0x08000219   Thumb Code     0  libinit2.o(.ARM.Collect$$libinit$$0000000C)
    __rt_lib_shutdown                        0x0800021b   Thumb Code     0  libshutdown.o(.ARM.Collect$$libshutdown$$00000000)
    __rt_lib_shutdown_cpp_1                  0x0800021d   Thumb Code     0  libshutdown2.o(.ARM.Collect$$libshutdown$$00000002)
    __rt_lib_shutdown_fp_trap_1              0x0800021d   Thumb Code     0  libshutdown2.o(.ARM.Collect$$libshutdown$$00000007)
    __rt_lib_shutdown_heap_1                 0x0800021d   Thumb Code     0  libshutdown2.o(.ARM.Collect$$libshutdown$$0000000F)
    __rt_lib_shutdown_return                 0x0800021d   Thumb Code     0  libshutdown2.o(.ARM.Collect$$libshutdown$$00000010)
    __rt_lib_shutdown_signal_1               0x0800021d   Thumb Code     0  libshutdown2.o(.ARM.Collect$$libshutdown$$0000000A)
    __rt_lib_shutdown_stdio_1                0x0800021d   Thumb Code     0  libshutdown2.o(.ARM.Collect$$libshutdown$$00000004)
    __rt_lib_shutdown_user_alloc_1           0x0800021d   Thumb Code     0  libshutdown2.o(.ARM.Collect$$libshutdown$$0000000C)
    __rt_entry                               0x0800021f   Thumb Code     0  __rtentry.o(.ARM.Collect$$rtentry$$00000000)
    __rt_entry_presh_1                       0x0800021f   Thumb Code     0  __rtentry2.o(.ARM.Collect$$rtentry$$00000002)
    __rt_entry_sh                            0x0800021f   Thumb Code     0  __rtentry4.o(.ARM.Collect$$rtentry$$00000004)
    __rt_entry_li                            0x08000225   Thumb Code     0  __rtentry2.o(.ARM.Collect$$rtentry$$0000000A)
    __rt_entry_postsh_1                      0x08000225   Thumb Code     0  __rtentry2.o(.ARM.Collect$$rtentry$$00000009)
    __rt_entry_main                          0x08000229   Thumb Code     0  __rtentry2.o(.ARM.Collect$$rtentry$$0000000D)
    __rt_entry_postli_1                      0x08000229   Thumb Code     0  __rtentry2.o(.ARM.Collect$$rtentry$$0000000C)
    __rt_exit                                0x08000231   Thumb Code     0  rtexit.o(.ARM.Collect$$rtexit$$00000000)
    __rt_exit_ls                             0x08000233   Thumb Code     0  rtexit2.o(.ARM.Collect$$rtexit$$00000003)
    __rt_exit_prels_1                        0x08000233   Thumb Code     0  rtexit2.o(.ARM.Collect$$rtexit$$00000002)
    __rt_exit_exit                           0x08000237   Thumb Code     0  rtexit2.o(.ARM.Collect$$rtexit$$00000004)
    SVC_Handler                              0x0800023d   Thumb Code    28  port.o(.emb_text)
    __asm___6_port_c_39a90d8d__prvStartFirstTask 0x0800025d   Thumb Code    28  port.o(.emb_text)
    __asm___6_port_c_39a90d8d__prvEnableVFP  0x0800027d   Thumb Code    16  port.o(.emb_text)
    PendSV_Handler                           0x08000291   Thumb Code    88  port.o(.emb_text)
    vPortGetIPSR                             0x080002ed   Thumb Code     6  port.o(.emb_text)
    Reset_Handler                            0x080002f5   Thumb Code     8  startup_stm32f40_41xxx.o(.text)
    ADC_IRQHandler                           0x0800030f   Thumb Code     0  startup_stm32f40_41xxx.o(.text)
    CAN1_RX0_IRQHandler                      0x0800030f   Thumb Code     0  startup_stm32f40_41xxx.o(.text)
    CAN1_RX1_IRQHandler                      0x0800030f   Thumb Code     0  startup_stm32f40_41xxx.o(.text)
    CAN1_SCE_IRQHandler                      0x0800030f   Thumb Code     0  startup_stm32f40_41xxx.o(.text)
    CAN1_TX_IRQHandler                       0x0800030f   Thumb Code     0  startup_stm32f40_41xxx.o(.text)
    CAN2_RX0_IRQHandler                      0x0800030f   Thumb Code     0  startup_stm32f40_41xxx.o(.text)
    CAN2_RX1_IRQHandler                      0x0800030f   Thumb Code     0  startup_stm32f40_41xxx.o(.text)
    CAN2_SCE_IRQHandler                      0x0800030f   Thumb Code     0  startup_stm32f40_41xxx.o(.text)
    CAN2_TX_IRQHandler                       0x0800030f   Thumb Code     0  startup_stm32f40_41xxx.o(.text)
    CRYP_IRQHandler                          0x0800030f   Thumb Code     0  startup_stm32f40_41xxx.o(.text)
    DMA1_Stream0_IRQHandler                  0x0800030f   Thumb Code     0  startup_stm32f40_41xxx.o(.text)
    DMA1_Stream1_IRQHandler                  0x0800030f   Thumb Code     0  startup_stm32f40_41xxx.o(.text)
    DMA1_Stream2_IRQHandler                  0x0800030f   Thumb Code     0  startup_stm32f40_41xxx.o(.text)
    DMA1_Stream3_IRQHandler                  0x0800030f   Thumb Code     0  startup_stm32f40_41xxx.o(.text)
    DMA1_Stream4_IRQHandler                  0x0800030f   Thumb Code     0  startup_stm32f40_41xxx.o(.text)
    DMA1_Stream5_IRQHandler                  0x0800030f   Thumb Code     0  startup_stm32f40_41xxx.o(.text)
    DMA1_Stream6_IRQHandler                  0x0800030f   Thumb Code     0  startup_stm32f40_41xxx.o(.text)
    DMA1_Stream7_IRQHandler                  0x0800030f   Thumb Code     0  startup_stm32f40_41xxx.o(.text)
    DMA2_Stream0_IRQHandler                  0x0800030f   Thumb Code     0  startup_stm32f40_41xxx.o(.text)
    DMA2_Stream1_IRQHandler                  0x0800030f   Thumb Code     0  startup_stm32f40_41xxx.o(.text)
    DMA2_Stream2_IRQHandler                  0x0800030f   Thumb Code     0  startup_stm32f40_41xxx.o(.text)
    DMA2_Stream3_IRQHandler                  0x0800030f   Thumb Code     0  startup_stm32f40_41xxx.o(.text)
    DMA2_Stream4_IRQHandler                  0x0800030f   Thumb Code     0  startup_stm32f40_41xxx.o(.text)
    DMA2_Stream5_IRQHandler                  0x0800030f   Thumb Code     0  startup_stm32f40_41xxx.o(.text)
    DMA2_Stream6_IRQHandler                  0x0800030f   Thumb Code     0  startup_stm32f40_41xxx.o(.text)
    DMA2_Stream7_IRQHandler                  0x0800030f   Thumb Code     0  startup_stm32f40_41xxx.o(.text)
    ETH_IRQHandler                           0x0800030f   Thumb Code     0  startup_stm32f40_41xxx.o(.text)
    ETH_WKUP_IRQHandler                      0x0800030f   Thumb Code     0  startup_stm32f40_41xxx.o(.text)
    EXTI0_IRQHandler                         0x0800030f   Thumb Code     0  startup_stm32f40_41xxx.o(.text)
    EXTI15_10_IRQHandler                     0x0800030f   Thumb Code     0  startup_stm32f40_41xxx.o(.text)
    EXTI1_IRQHandler                         0x0800030f   Thumb Code     0  startup_stm32f40_41xxx.o(.text)
    EXTI2_IRQHandler                         0x0800030f   Thumb Code     0  startup_stm32f40_41xxx.o(.text)
    EXTI3_IRQHandler                         0x0800030f   Thumb Code     0  startup_stm32f40_41xxx.o(.text)
    EXTI4_IRQHandler                         0x0800030f   Thumb Code     0  startup_stm32f40_41xxx.o(.text)
    EXTI9_5_IRQHandler                       0x0800030f   Thumb Code     0  startup_stm32f40_41xxx.o(.text)
    FLASH_IRQHandler                         0x0800030f   Thumb Code     0  startup_stm32f40_41xxx.o(.text)
    FPU_IRQHandler                           0x0800030f   Thumb Code     0  startup_stm32f40_41xxx.o(.text)
    FSMC_IRQHandler                          0x0800030f   Thumb Code     0  startup_stm32f40_41xxx.o(.text)
    HASH_RNG_IRQHandler                      0x0800030f   Thumb Code     0  startup_stm32f40_41xxx.o(.text)
    I2C1_ER_IRQHandler                       0x0800030f   Thumb Code     0  startup_stm32f40_41xxx.o(.text)
    I2C1_EV_IRQHandler                       0x0800030f   Thumb Code     0  startup_stm32f40_41xxx.o(.text)
    I2C2_ER_IRQHandler                       0x0800030f   Thumb Code     0  startup_stm32f40_41xxx.o(.text)
    I2C2_EV_IRQHandler                       0x0800030f   Thumb Code     0  startup_stm32f40_41xxx.o(.text)
    I2C3_ER_IRQHandler                       0x0800030f   Thumb Code     0  startup_stm32f40_41xxx.o(.text)
    I2C3_EV_IRQHandler                       0x0800030f   Thumb Code     0  startup_stm32f40_41xxx.o(.text)
    OTG_FS_IRQHandler                        0x0800030f   Thumb Code     0  startup_stm32f40_41xxx.o(.text)
    OTG_FS_WKUP_IRQHandler                   0x0800030f   Thumb Code     0  startup_stm32f40_41xxx.o(.text)
    OTG_HS_EP1_IN_IRQHandler                 0x0800030f   Thumb Code     0  startup_stm32f40_41xxx.o(.text)
    OTG_HS_EP1_OUT_IRQHandler                0x0800030f   Thumb Code     0  startup_stm32f40_41xxx.o(.text)
    OTG_HS_IRQHandler                        0x0800030f   Thumb Code     0  startup_stm32f40_41xxx.o(.text)
    OTG_HS_WKUP_IRQHandler                   0x0800030f   Thumb Code     0  startup_stm32f40_41xxx.o(.text)
    PVD_IRQHandler                           0x0800030f   Thumb Code     0  startup_stm32f40_41xxx.o(.text)
    RCC_IRQHandler                           0x0800030f   Thumb Code     0  startup_stm32f40_41xxx.o(.text)
    RTC_Alarm_IRQHandler                     0x0800030f   Thumb Code     0  startup_stm32f40_41xxx.o(.text)
    RTC_WKUP_IRQHandler                      0x0800030f   Thumb Code     0  startup_stm32f40_41xxx.o(.text)
    SDIO_IRQHandler                          0x0800030f   Thumb Code     0  startup_stm32f40_41xxx.o(.text)
    SPI1_IRQHandler                          0x0800030f   Thumb Code     0  startup_stm32f40_41xxx.o(.text)
    SPI2_IRQHandler                          0x0800030f   Thumb Code     0  startup_stm32f40_41xxx.o(.text)
    SPI3_IRQHandler                          0x0800030f   Thumb Code     0  startup_stm32f40_41xxx.o(.text)
    TAMP_STAMP_IRQHandler                    0x0800030f   Thumb Code     0  startup_stm32f40_41xxx.o(.text)
    TIM1_BRK_TIM9_IRQHandler                 0x0800030f   Thumb Code     0  startup_stm32f40_41xxx.o(.text)
    TIM1_CC_IRQHandler                       0x0800030f   Thumb Code     0  startup_stm32f40_41xxx.o(.text)
    TIM1_TRG_COM_TIM11_IRQHandler            0x0800030f   Thumb Code     0  startup_stm32f40_41xxx.o(.text)
    TIM1_UP_TIM10_IRQHandler                 0x0800030f   Thumb Code     0  startup_stm32f40_41xxx.o(.text)
    TIM2_IRQHandler                          0x0800030f   Thumb Code     0  startup_stm32f40_41xxx.o(.text)
    TIM4_IRQHandler                          0x0800030f   Thumb Code     0  startup_stm32f40_41xxx.o(.text)
    TIM6_DAC_IRQHandler                      0x0800030f   Thumb Code     0  startup_stm32f40_41xxx.o(.text)
    TIM7_IRQHandler                          0x0800030f   Thumb Code     0  startup_stm32f40_41xxx.o(.text)
    TIM8_BRK_TIM12_IRQHandler                0x0800030f   Thumb Code     0  startup_stm32f40_41xxx.o(.text)
    TIM8_CC_IRQHandler                       0x0800030f   Thumb Code     0  startup_stm32f40_41xxx.o(.text)
    TIM8_TRG_COM_TIM14_IRQHandler            0x0800030f   Thumb Code     0  startup_stm32f40_41xxx.o(.text)
    TIM8_UP_TIM13_IRQHandler                 0x0800030f   Thumb Code     0  startup_stm32f40_41xxx.o(.text)
    UART4_IRQHandler                         0x0800030f   Thumb Code     0  startup_stm32f40_41xxx.o(.text)
    UART5_IRQHandler                         0x0800030f   Thumb Code     0  startup_stm32f40_41xxx.o(.text)
    USART2_IRQHandler                        0x0800030f   Thumb Code     0  startup_stm32f40_41xxx.o(.text)
    USART3_IRQHandler                        0x0800030f   Thumb Code     0  startup_stm32f40_41xxx.o(.text)
    USART6_IRQHandler                        0x0800030f   Thumb Code     0  startup_stm32f40_41xxx.o(.text)
    WWDG_IRQHandler                          0x0800030f   Thumb Code     0  startup_stm32f40_41xxx.o(.text)
    __user_initial_stackheap                 0x08000311   Thumb Code     0  startup_stm32f40_41xxx.o(.text)
    __use_no_semihosting                     0x08000335   Thumb Code     2  use_no_semi_2.o(.text)
    __2printf                                0x08000339   Thumb Code    20  noretval__2printf.o(.text)
    __2sprintf                               0x08000351   Thumb Code    34  noretval__2sprintf.o(.text)
    __printf                                 0x08000379   Thumb Code   104  __printf.o(.text)
    _printf_str                              0x080003e1   Thumb Code    82  _printf_str.o(.text)
    _printf_int_dec                          0x08000435   Thumb Code   104  _printf_dec.o(.text)
    _printf_int_hex                          0x080004ad   Thumb Code    84  _printf_hex_int.o(.text)
    _printf_longlong_hex                     0x080004ad   Thumb Code     0  _printf_hex_int.o(.text)
    __aeabi_memcpy                           0x08000505   Thumb Code     0  rt_memcpy_v6.o(.text)
    __rt_memcpy                              0x08000505   Thumb Code   138  rt_memcpy_v6.o(.text)
    _memcpy_lastbytes                        0x0800056b   Thumb Code     0  rt_memcpy_v6.o(.text)
    __aeabi_memset                           0x0800058f   Thumb Code    16  aeabi_memset.o(.text)
    __use_two_region_memory                  0x0800059f   Thumb Code     2  heapauxi.o(.text)
    __rt_heap_escrow$2region                 0x080005a1   Thumb Code     2  heapauxi.o(.text)
    __rt_heap_expand$2region                 0x080005a3   Thumb Code     2  heapauxi.o(.text)
    __I$use$semihosting                      0x080005a5   Thumb Code     0  use_no_semi.o(.text)
    __use_no_semihosting_swi                 0x080005a5   Thumb Code     2  use_no_semi.o(.text)
    _printf_int_common                       0x080005a7   Thumb Code   178  _printf_intcommon.o(.text)
    _printf_char_common                      0x08000663   Thumb Code    32  _printf_char_common.o(.text)
    _sputc                                   0x08000689   Thumb Code    10  _sputc.o(.text)
    _printf_cs_common                        0x08000693   Thumb Code    20  _printf_char.o(.text)
    _printf_char                             0x080006a7   Thumb Code    16  _printf_char.o(.text)
    _printf_string                           0x080006b7   Thumb Code     8  _printf_char.o(.text)
    _printf_char_file                        0x080006c1   Thumb Code    32  _printf_char_file.o(.text)
    __aeabi_memcpy4                          0x080006e5   Thumb Code     0  rt_memcpy_w.o(.text)
    __aeabi_memcpy8                          0x080006e5   Thumb Code     0  rt_memcpy_w.o(.text)
    __rt_memcpy_w                            0x080006e5   Thumb Code   100  rt_memcpy_w.o(.text)
    _memcpy_lastbytes_aligned                0x0800072d   Thumb Code     0  rt_memcpy_w.o(.text)
    __aeabi_memclr                           0x08000749   Thumb Code     0  rt_memclr.o(.text)
    __rt_memclr                              0x08000749   Thumb Code    68  rt_memclr.o(.text)
    _memset                                  0x0800074d   Thumb Code     0  rt_memclr.o(.text)
    ferror                                   0x0800078d   Thumb Code     8  ferror.o(.text)
    __aeabi_memclr4                          0x08000795   Thumb Code     0  rt_memclr_w.o(.text)
    __aeabi_memclr8                          0x08000795   Thumb Code     0  rt_memclr_w.o(.text)
    __rt_memclr_w                            0x08000795   Thumb Code    78  rt_memclr_w.o(.text)
    _memset_w                                0x08000799   Thumb Code     0  rt_memclr_w.o(.text)
    __user_setup_stackheap                   0x080007e3   Thumb Code    74  sys_stackheap_outer.o(.text)
    exit                                     0x0800082d   Thumb Code    18  exit.o(.text)
    __user_libspace                          0x08000841   Thumb Code     8  libspace.o(.text)
    __user_perproc_libspace                  0x08000841   Thumb Code     0  libspace.o(.text)
    __user_perthread_libspace                0x08000841   Thumb Code     0  libspace.o(.text)
    BusFault_Handler                         0x08000849   Thumb Code     2  stm32f4xx_it.o(i.BusFault_Handler)
    DCMI_CaptureCmd                          0x0800084d   Thumb Code    22  stm32f4xx_dcmi.o(i.DCMI_CaptureCmd)
    DCMI_ClearITPendingBit                   0x08000869   Thumb Code     6  stm32f4xx_dcmi.o(i.DCMI_ClearITPendingBit)
    DCMI_Cmd                                 0x08000875   Thumb Code    22  stm32f4xx_dcmi.o(i.DCMI_Cmd)
    DCMI_DMA_Init                            0x08000891   Thumb Code   104  dcmi.o(i.DCMI_DMA_Init)
    DCMI_DeInit                              0x08000901   Thumb Code    22  stm32f4xx_dcmi.o(i.DCMI_DeInit)
    DCMI_GetITStatus                         0x0800091d   Thumb Code    16  stm32f4xx_dcmi.o(i.DCMI_GetITStatus)
    DCMI_IRQHandler                          0x08000931   Thumb Code    50  dcmi.o(i.DCMI_IRQHandler)
    DCMI_ITConfig                            0x0800096d   Thumb Code    22  stm32f4xx_dcmi.o(i.DCMI_ITConfig)
    DCMI_Init                                0x08000989   Thumb Code    54  stm32f4xx_dcmi.o(i.DCMI_Init)
    DCMI_Start                               0x080009c5   Thumb Code    32  dcmi.o(i.DCMI_Start)
    DCMI_Stop                                0x080009e9   Thumb Code    26  dcmi.o(i.DCMI_Stop)
    DMA_Cmd                                  0x08000a0d   Thumb Code    20  stm32f4xx_dma.o(i.DMA_Cmd)
    DMA_DeInit                               0x08000a21   Thumb Code   272  stm32f4xx_dma.o(i.DMA_DeInit)
    DMA_GetCmdStatus                         0x08000b45   Thumb Code    14  stm32f4xx_dma.o(i.DMA_GetCmdStatus)
    DMA_GetCurrDataCounter                   0x08000b53   Thumb Code     6  stm32f4xx_dma.o(i.DMA_GetCurrDataCounter)
    DMA_Init                                 0x08000b59   Thumb Code    80  stm32f4xx_dma.o(i.DMA_Init)
    DMA_SetCurrDataCounter                   0x08000bad   Thumb Code     4  stm32f4xx_dma.o(i.DMA_SetCurrDataCounter)
    DebugMon_Handler                         0x08000bb1   Thumb Code     2  stm32f4xx_it.o(i.DebugMon_Handler)
    FSMC_NORSRAMCmd                          0x08000bb5   Thumb Code    26  stm32f4xx_fsmc.o(i.FSMC_NORSRAMCmd)
    FSMC_NORSRAMInit                         0x08000bd5   Thumb Code   200  stm32f4xx_fsmc.o(i.FSMC_NORSRAMInit)
    GPIO_Init                                0x08000c9d   Thumb Code   120  stm32f4xx_gpio.o(i.GPIO_Init)
    GPIO_PinAFConfig                         0x08000d15   Thumb Code    32  stm32f4xx_gpio.o(i.GPIO_PinAFConfig)
    GPIO_ReadInputDataBit                    0x08000d35   Thumb Code    14  stm32f4xx_gpio.o(i.GPIO_ReadInputDataBit)
    GPIO_SetBits                             0x08000d43   Thumb Code     4  stm32f4xx_gpio.o(i.GPIO_SetBits)
    HardFault_Handler                        0x08000d47   Thumb Code     2  stm32f4xx_it.o(i.HardFault_Handler)
    KEY_Init                                 0x08000d49   Thumb Code    58  key.o(i.KEY_Init)
    KEY_Scan                                 0x08000d8d   Thumb Code   190  key.o(i.KEY_Scan)
    LCD_Clear                                0x08000e59   Thumb Code   104  lcd.o(i.LCD_Clear)
    LCD_Display_Dir                          0x08000ec5   Thumb Code   304  lcd.o(i.LCD_Display_Dir)
    LCD_Fast_DrawPoint                       0x08000ff9   Thumb Code   268  lcd.o(i.LCD_Fast_DrawPoint)
    LCD_Fill                                 0x08001109   Thumb Code   134  lcd.o(i.LCD_Fill)
    LCD_Init                                 0x08001195   Thumb Code 14116  lcd.o(i.LCD_Init)
    LCD_RD_DATA                              0x080048b9   Thumb Code    20  lcd.o(i.LCD_RD_DATA)
    LCD_ReadReg                              0x080048cd   Thumb Code    20  lcd.o(i.LCD_ReadReg)
    LCD_SSD_BackLightSet                     0x080048e1   Thumb Code    72  lcd.o(i.LCD_SSD_BackLightSet)
    LCD_Scan_Dir                             0x08004931   Thumb Code   510  lcd.o(i.LCD_Scan_Dir)
    LCD_SetCursor                            0x08004b35   Thumb Code   332  lcd.o(i.LCD_SetCursor)
    LCD_ShowChar                             0x08004c85   Thumb Code   184  lcd.o(i.LCD_ShowChar)
    LCD_ShowString                           0x08004d51   Thumb Code    84  lcd.o(i.LCD_ShowString)
    LCD_WR_DATA                              0x08004da5   Thumb Code    24  lcd.o(i.LCD_WR_DATA)
    LCD_WR_REG                               0x08004dbd   Thumb Code    24  lcd.o(i.LCD_WR_REG)
    LCD_WriteRAM_Prepare                     0x08004dd5   Thumb Code    14  lcd.o(i.LCD_WriteRAM_Prepare)
    LCD_WriteReg                             0x08004de9   Thumb Code    12  lcd.o(i.LCD_WriteReg)
    LED_Init                                 0x08004df5   Thumb Code    58  led.o(i.LED_Init)
    MR_start                                 0x08004e35   Thumb Code   188  mr_task.o(i.MR_start)
    MemManage_Handler                        0x08004f5d   Thumb Code     2  stm32f4xx_it.o(i.MemManage_Handler)
    My_DCMI_Init                             0x08004f61   Thumb Code   284  dcmi.o(i.My_DCMI_Init)
    NMI_Handler                              0x08005091   Thumb Code     2  stm32f4xx_it.o(i.NMI_Handler)
    NVIC_Init                                0x08005095   Thumb Code    96  misc.o(i.NVIC_Init)
    NVIC_PriorityGroupConfig                 0x080050f9   Thumb Code    10  misc.o(i.NVIC_PriorityGroupConfig)
    OV2640_Color_Saturation                  0x0800510d   Thumb Code    64  ov2640.o(i.OV2640_Color_Saturation)
    OV2640_Contrast                          0x0800514d   Thumb Code   112  ov2640.o(i.OV2640_Contrast)
    OV2640_ImageWin_Set                      0x080051bd   Thumb Code   136  ov2640.o(i.OV2640_ImageWin_Set)
    OV2640_Init                              0x08005245   Thumb Code   208  ov2640.o(i.OV2640_Init)
    OV2640_OutSize_Set                       0x08005339   Thumb Code    84  ov2640.o(i.OV2640_OutSize_Set)
    OV2640_RGB565_Mode                       0x0800538d   Thumb Code    30  ov2640.o(i.OV2640_RGB565_Mode)
    OV2640_Special_Effects                   0x080053b1   Thumb Code   112  ov2640.o(i.OV2640_Special_Effects)
    RCC_AHB1PeriphClockCmd                   0x08005421   Thumb Code    18  stm32f4xx_rcc.o(i.RCC_AHB1PeriphClockCmd)
    RCC_AHB2PeriphClockCmd                   0x08005439   Thumb Code    18  stm32f4xx_rcc.o(i.RCC_AHB2PeriphClockCmd)
    RCC_AHB3PeriphClockCmd                   0x08005451   Thumb Code    18  stm32f4xx_rcc.o(i.RCC_AHB3PeriphClockCmd)
    RCC_APB1PeriphClockCmd                   0x08005469   Thumb Code    18  stm32f4xx_rcc.o(i.RCC_APB1PeriphClockCmd)
    RCC_APB2PeriphClockCmd                   0x08005481   Thumb Code    18  stm32f4xx_rcc.o(i.RCC_APB2PeriphClockCmd)
    RCC_GetClocksFreq                        0x08005499   Thumb Code   132  stm32f4xx_rcc.o(i.RCC_GetClocksFreq)
    SCCB_Init                                0x08005529   Thumb Code    72  sccb.o(i.SCCB_Init)
    SCCB_No_Ack                              0x08005575   Thumb Code    52  sccb.o(i.SCCB_No_Ack)
    SCCB_RD_Byte                             0x080055ad   Thumb Code    94  sccb.o(i.SCCB_RD_Byte)
    SCCB_RD_Reg                              0x08005615   Thumb Code    76  sccb.o(i.SCCB_RD_Reg)
    SCCB_Start                               0x08005661   Thumb Code    38  sccb.o(i.SCCB_Start)
    SCCB_Stop                                0x0800568d   Thumb Code    42  sccb.o(i.SCCB_Stop)
    SCCB_WR_Byte                             0x080056bd   Thumb Code   122  sccb.o(i.SCCB_WR_Byte)
    SCCB_WR_Reg                              0x08005741   Thumb Code    62  sccb.o(i.SCCB_WR_Reg)
    SysTick_CLKSourceConfig                  0x08005835   Thumb Code    24  misc.o(i.SysTick_CLKSourceConfig)
    SysTick_Handler                          0x0800584d   Thumb Code    20  delay.o(i.SysTick_Handler)
    SystemInit                               0x08005861   Thumb Code    74  system_stm32f4xx.o(i.SystemInit)
    TIM3_IRQHandler                          0x080058bd   Thumb Code    34  timer.o(i.TIM3_IRQHandler)
    TIM5_IRQHandler                          0x080058f9   Thumb Code    34  timer.o(i.TIM5_IRQHandler)
    TIM_ClearITPendingBit                    0x08005935   Thumb Code     6  stm32f4xx_tim.o(i.TIM_ClearITPendingBit)
    TIM_GetITStatus                          0x0800593b   Thumb Code    24  stm32f4xx_tim.o(i.TIM_GetITStatus)
    USART1_IRQHandler                        0x08005955   Thumb Code    88  usart.o(i.USART1_IRQHandler)
    USART_Cmd                                0x080059b9   Thumb Code    20  stm32f4xx_usart.o(i.USART_Cmd)
    USART_GetITStatus                        0x080059cd   Thumb Code    62  stm32f4xx_usart.o(i.USART_GetITStatus)
    USART_ITConfig                           0x08005a0b   Thumb Code    48  stm32f4xx_usart.o(i.USART_ITConfig)
    USART_Init                               0x08005a3d   Thumb Code   164  stm32f4xx_usart.o(i.USART_Init)
    USART_ReceiveData                        0x08005ae9   Thumb Code     8  stm32f4xx_usart.o(i.USART_ReceiveData)
    UsageFault_Handler                       0x08005af1   Thumb Code     2  stm32f4xx_it.o(i.UsageFault_Handler)
    _sys_exit                                0x08005af3   Thumb Code     2  usart.o(i._sys_exit)
    delay_init                               0x08005af5   Thumb Code    50  delay.o(i.delay_init)
    delay_ms                                 0x08005b2d   Thumb Code    52  delay.o(i.delay_ms)
    delay_us                                 0x08005b65   Thumb Code    48  delay.o(i.delay_us)
    fputc                                    0x08005b99   Thumb Code    14  usart.o(i.fputc)
    jpeg_data_process                        0x08005bad   Thumb Code    86  mr_cv.o(i.jpeg_data_process)
    main                                     0x08005c0d   Thumb Code   154  main.o(i.main)
    pvPortMalloc                             0x08006569   Thumb Code   214  heap_4.o(i.pvPortMalloc)
    pvTaskIncrementMutexHeldCount            0x0800667d   Thumb Code    18  tasks.o(i.pvTaskIncrementMutexHeldCount)
    pxPortInitialiseStack                    0x08006695   Thumb Code    40  port.o(i.pxPortInitialiseStack)
    rgb565_test_task                         0x080066c1   Thumb Code   442  mr_task.o(i.rgb565_test_task)
    start_task                               0x0800692d   Thumb Code    44  mr_task.o(i.start_task)
    uart_init                                0x0800696d   Thumb Code   164  usart.o(i.uart_init)
    usart2_init                              0x08006a19   Thumb Code   124  usart2.o(i.usart2_init)
    uxListRemove                             0x08006a9d   Thumb Code    36  list.o(i.uxListRemove)
    vListInitialise                          0x08006ac1   Thumb Code    22  list.o(i.vListInitialise)
    vListInitialiseItem                      0x08006ad7   Thumb Code     6  list.o(i.vListInitialiseItem)
    vListInsert                              0x08006add   Thumb Code    48  list.o(i.vListInsert)
    vListInsertEnd                           0x08006b0d   Thumb Code    24  list.o(i.vListInsertEnd)
    vPortEnterCritical                       0x08006b25   Thumb Code    50  port.o(i.vPortEnterCritical)
    vPortExitCritical                        0x08006b9d   Thumb Code    34  port.o(i.vPortExitCritical)
    vPortFree                                0x08006c01   Thumb Code    94  heap_4.o(i.vPortFree)
    vPortSetupTimerInterrupt                 0x08006c9d   Thumb Code    26  port.o(i.vPortSetupTimerInterrupt)
    vPortValidateInterruptPriority           0x08006cbd   Thumb Code    70  port.o(i.vPortValidateInterruptPriority)
    vQueueAddToRegistry                      0x08006d49   Thumb Code    32  queue.o(i.vQueueAddToRegistry)
    vQueueWaitForMessageRestricted           0x08006d6d   Thumb Code    68  queue.o(i.vQueueWaitForMessageRestricted)
    vTaskDelay                               0x08006db1   Thumb Code    62  tasks.o(i.vTaskDelay)
    vTaskDelete                              0x08006e1d   Thumb Code   152  tasks.o(i.vTaskDelete)
    vTaskMissedYield                         0x08006ee9   Thumb Code     8  tasks.o(i.vTaskMissedYield)
    vTaskPlaceOnEventList                    0x08006ef5   Thumb Code    44  tasks.o(i.vTaskPlaceOnEventList)
    vTaskPlaceOnEventListRestricted          0x08006f49   Thumb Code    52  tasks.o(i.vTaskPlaceOnEventListRestricted)
    vTaskPriorityInherit                     0x08006fa5   Thumb Code   124  tasks.o(i.vTaskPriorityInherit)
    vTaskSetTimeOutState                     0x08007029   Thumb Code    30  tasks.o(i.vTaskSetTimeOutState)
    vTaskStartScheduler                      0x08007071   Thumb Code    96  tasks.o(i.vTaskStartScheduler)
    vTaskSuspendAll                          0x08007105   Thumb Code    10  tasks.o(i.vTaskSuspendAll)
    vTaskSwitchContext                       0x08007115   Thumb Code    80  tasks.o(i.vTaskSwitchContext)
    xPortStartScheduler                      0x08007191   Thumb Code   196  port.o(i.xPortStartScheduler)
    xPortSysTickHandler                      0x080072a5   Thumb Code    38  port.o(i.xPortSysTickHandler)
    xQueueGenericCreate                      0x080072d1   Thumb Code    82  queue.o(i.xQueueGenericCreate)
    xQueueGenericReceive                     0x08007349   Thumb Code   348  queue.o(i.xQueueGenericReceive)
    xQueueGenericReset                       0x080074cd   Thumb Code   128  queue.o(i.xQueueGenericReset)
    xQueueGenericSend                        0x08007575   Thumb Code   350  queue.o(i.xQueueGenericSend)
    xQueueGenericSendFromISR                 0x080076fd   Thumb Code   188  queue.o(i.xQueueGenericSendFromISR)
    xTaskCheckForTimeOut                     0x080077dd   Thumb Code    94  tasks.o(i.xTaskCheckForTimeOut)
    xTaskCreate                              0x08007865   Thumb Code    86  tasks.o(i.xTaskCreate)
    xTaskGetSchedulerState                   0x080078bd   Thumb Code    22  tasks.o(i.xTaskGetSchedulerState)
    xTaskGetTickCount                        0x080078d9   Thumb Code     6  tasks.o(i.xTaskGetTickCount)
    xTaskIncrementTick                       0x080078e5   Thumb Code   188  tasks.o(i.xTaskIncrementTick)
    xTaskPriorityDisinherit                  0x080079cd   Thumb Code   136  tasks.o(i.xTaskPriorityDisinherit)
    xTaskRemoveFromEventList                 0x08007a81   Thumb Code   102  tasks.o(i.xTaskRemoveFromEventList)
    xTaskResumeAll                           0x08007b19   Thumb Code   180  tasks.o(i.xTaskResumeAll)
    xTimerCreate                             0x08007bfd   Thumb Code    74  timers.o(i.xTimerCreate)
    xTimerCreateTimerTask                    0x08007c71   Thumb Code    58  timers.o(i.xTimerCreateTimerTask)
    xTimerGenericCommand                     0x08007ce5   Thumb Code    98  timers.o(i.xTimerGenericCommand)
    __aeabi_d2uiz                            0x08007d75   Thumb Code     0  dfixu.o(x$fpl$dfixu)
    _dfixu                                   0x08007d75   Thumb Code    90  dfixu.o(x$fpl$dfixu)
    __aeabi_ui2d                             0x08007dcf   Thumb Code     0  dflt_clz.o(x$fpl$dfltu)
    _dfltu                                   0x08007dcf   Thumb Code    38  dflt_clz.o(x$fpl$dfltu)
    __aeabi_dmul                             0x08007df5   Thumb Code     0  dmul.o(x$fpl$dmul)
    _dmul                                    0x08007df5   Thumb Code   332  dmul.o(x$fpl$dmul)
    __fpl_dnaninf                            0x08007f49   Thumb Code   156  dnaninf.o(x$fpl$dnaninf)
    __fpl_dretinf                            0x08007fe5   Thumb Code    12  dretinf.o(x$fpl$dretinf)
    _fp_init                                 0x08007ff1   Thumb Code    10  fpinit.o(x$fpl$fpinit)
    __fplib_config_fpu_vfp                   0x08007ff9   Thumb Code     0  fpinit.o(x$fpl$fpinit)
    __fplib_config_pureend_doubles           0x08007ff9   Thumb Code     0  fpinit.o(x$fpl$fpinit)
    __I$use$fp                               0x08007ffa   Number         0  usenofp.o(x$fpl$usenofp)
    asc2_1206                                0x08007ffa   Data        1140  lcd.o(.constdata)
    asc2_1608                                0x0800846e   Data        1520  lcd.o(.constdata)
    asc2_2412                                0x08008a5e   Data        3420  lcd.o(.constdata)
    ov2640_sxga_init_reg_tbl                 0x080097ba   Data         356  ov2640.o(.constdata)
    ov2640_jpeg_reg_tbl                      0x0800991e   Data          14  ov2640.o(.constdata)
    ov2640_rgb565_reg_tbl                    0x0800992c   Data          28  ov2640.o(.constdata)
    ov2640_yuv422_reg_tbl                    0x08009948   Data          16  ov2640.o(.constdata)
    Region$$Table$$Base                      0x080099e4   Number         0  anon$$obj.o(Region$$Table)
    Region$$Table$$Limit                     0x08009a04   Number         0  anon$$obj.o(Region$$Table)
    SystemCoreClock                          0x20000000   Data           4  system_stm32f4xx.o(.data)
    AHBPrescTable                            0x20000004   Data          16  system_stm32f4xx.o(.data)
    ov2640_mode                              0x20000014   Data           1  mr_cv.o(.data)
    jpeg_data_ok                             0x20000015   Data           1  mr_cv.o(.data)
    jpeg_data_len                            0x20000018   Data           4  mr_cv.o(.data)
    EFFECTS_TBL                              0x2000001c   Data          28  mr_cv.o(.data)
    StartTask_Handler                        0x20000038   Data           4  mr_task.o(.data)
    Rgb565TestTask_Handler                   0x2000003c   Data           4  mr_task.o(.data)
    POINT_COLOR                              0x20000040   Data           2  lcd.o(.data)
    BACK_COLOR                               0x20000042   Data           2  lcd.o(.data)
    ov_frame                                 0x20000044   Data           1  dcmi.o(.data)
    USART_RX_STA                             0x2000004a   Data           2  usart.o(.data)
    __stdout                                 0x2000004c   Data           4  usart.o(.data)
    pxCurrentTCB                             0x20000060   Data           4  tasks.o(.data)
    lcddev                                   0x200000d4   Data          14  lcd.o(.bss)
    DCMI_InitStructure                       0x200000e2   Data          14  dcmi.o(.bss)
    USART_RX_BUF                             0x200000f0   Data         200  usart.o(.bss)
    xQueueRegistry                           0x200001b8   Data          64  queue.o(.bss)
    __libspace_start                         0x20005504   Data          96  libspace.o(.bss)
    __temporary_stack_top$libspace           0x20005564   Data           0  libspace.o(.bss)



==============================================================================

Memory Map of the image

  Image Entry point : 0x08000189

  Load Region LR_IROM1 (Base: 0x08000000, Size: 0x00009ad8, Max: 0x00100000, ABSOLUTE)

    Execution Region ER_IROM1 (Exec base: 0x08000000, Load base: 0x08000000, Size: 0x00009a04, Max: 0x00100000, ABSOLUTE)

    Exec Addr    Load Addr    Size         Type   Attr      Idx    E Section Name        Object

    0x08000000   0x08000000   0x00000188   Data   RO         1060    RESET               startup_stm32f40_41xxx.o
    0x08000188   0x08000188   0x00000008   Code   RO         3799  * !!!main             c_w.l(__main.o)
    0x08000190   0x08000190   0x00000034   Code   RO         3994    !!!scatter          c_w.l(__scatter.o)
    0x080001c4   0x080001c4   0x0000001a   Code   RO         3996    !!handler_copy      c_w.l(__scatter_copy.o)
    0x080001de   0x080001de   0x00000002   PAD
    0x080001e0   0x080001e0   0x0000001c   Code   RO         3998    !!handler_zi        c_w.l(__scatter_zi.o)
    0x080001fc   0x080001fc   0x00000000   Code   RO         3788    .ARM.Collect$$_printf_percent$$00000000  c_w.l(_printf_percent.o)
    0x080001fc   0x080001fc   0x00000006   Code   RO         3786    .ARM.Collect$$_printf_percent$$00000009  c_w.l(_printf_d.o)
    0x08000202   0x08000202   0x00000006   Code   RO         3785    .ARM.Collect$$_printf_percent$$0000000C  c_w.l(_printf_x.o)
    0x08000208   0x08000208   0x00000006   Code   RO         3784    .ARM.Collect$$_printf_percent$$00000014  c_w.l(_printf_s.o)
    0x0800020e   0x0800020e   0x00000004   Code   RO         3826    .ARM.Collect$$_printf_percent$$00000017  c_w.l(_printf_percent_end.o)
    0x08000212   0x08000212   0x00000002   Code   RO         3868    .ARM.Collect$$libinit$$00000000  c_w.l(libinit.o)
    0x08000214   0x08000214   0x00000004   Code   RO         3874    .ARM.Collect$$libinit$$00000001  c_w.l(libinit2.o)
    0x08000218   0x08000218   0x00000000   Code   RO         3877    .ARM.Collect$$libinit$$00000004  c_w.l(libinit2.o)
    0x08000218   0x08000218   0x00000000   Code   RO         3880    .ARM.Collect$$libinit$$0000000A  c_w.l(libinit2.o)
    0x08000218   0x08000218   0x00000000   Code   RO         3882    .ARM.Collect$$libinit$$0000000C  c_w.l(libinit2.o)
    0x08000218   0x08000218   0x00000000   Code   RO         3884    .ARM.Collect$$libinit$$0000000E  c_w.l(libinit2.o)
    0x08000218   0x08000218   0x00000000   Code   RO         3887    .ARM.Collect$$libinit$$00000011  c_w.l(libinit2.o)
    0x08000218   0x08000218   0x00000000   Code   RO         3889    .ARM.Collect$$libinit$$00000013  c_w.l(libinit2.o)
    0x08000218   0x08000218   0x00000000   Code   RO         3891    .ARM.Collect$$libinit$$00000015  c_w.l(libinit2.o)
    0x08000218   0x08000218   0x00000000   Code   RO         3893    .ARM.Collect$$libinit$$00000017  c_w.l(libinit2.o)
    0x08000218   0x08000218   0x00000000   Code   RO         3895    .ARM.Collect$$libinit$$00000019  c_w.l(libinit2.o)
    0x08000218   0x08000218   0x00000000   Code   RO         3897    .ARM.Collect$$libinit$$0000001B  c_w.l(libinit2.o)
    0x08000218   0x08000218   0x00000000   Code   RO         3899    .ARM.Collect$$libinit$$0000001D  c_w.l(libinit2.o)
    0x08000218   0x08000218   0x00000000   Code   RO         3901    .ARM.Collect$$libinit$$0000001F  c_w.l(libinit2.o)
    0x08000218   0x08000218   0x00000000   Code   RO         3903    .ARM.Collect$$libinit$$00000021  c_w.l(libinit2.o)
    0x08000218   0x08000218   0x00000000   Code   RO         3905    .ARM.Collect$$libinit$$00000023  c_w.l(libinit2.o)
    0x08000218   0x08000218   0x00000000   Code   RO         3907    .ARM.Collect$$libinit$$00000025  c_w.l(libinit2.o)
    0x08000218   0x08000218   0x00000000   Code   RO         3911    .ARM.Collect$$libinit$$0000002C  c_w.l(libinit2.o)
    0x08000218   0x08000218   0x00000000   Code   RO         3913    .ARM.Collect$$libinit$$0000002E  c_w.l(libinit2.o)
    0x08000218   0x08000218   0x00000000   Code   RO         3915    .ARM.Collect$$libinit$$00000030  c_w.l(libinit2.o)
    0x08000218   0x08000218   0x00000000   Code   RO         3917    .ARM.Collect$$libinit$$00000032  c_w.l(libinit2.o)
    0x08000218   0x08000218   0x00000002   Code   RO         3918    .ARM.Collect$$libinit$$00000033  c_w.l(libinit2.o)
    0x0800021a   0x0800021a   0x00000002   Code   RO         3936    .ARM.Collect$$libshutdown$$00000000  c_w.l(libshutdown.o)
    0x0800021c   0x0800021c   0x00000000   Code   RO         3946    .ARM.Collect$$libshutdown$$00000002  c_w.l(libshutdown2.o)
    0x0800021c   0x0800021c   0x00000000   Code   RO         3948    .ARM.Collect$$libshutdown$$00000004  c_w.l(libshutdown2.o)
    0x0800021c   0x0800021c   0x00000000   Code   RO         3951    .ARM.Collect$$libshutdown$$00000007  c_w.l(libshutdown2.o)
    0x0800021c   0x0800021c   0x00000000   Code   RO         3954    .ARM.Collect$$libshutdown$$0000000A  c_w.l(libshutdown2.o)
    0x0800021c   0x0800021c   0x00000000   Code   RO         3956    .ARM.Collect$$libshutdown$$0000000C  c_w.l(libshutdown2.o)
    0x0800021c   0x0800021c   0x00000000   Code   RO         3959    .ARM.Collect$$libshutdown$$0000000F  c_w.l(libshutdown2.o)
    0x0800021c   0x0800021c   0x00000002   Code   RO         3960    .ARM.Collect$$libshutdown$$00000010  c_w.l(libshutdown2.o)
    0x0800021e   0x0800021e   0x00000000   Code   RO         3815    .ARM.Collect$$rtentry$$00000000  c_w.l(__rtentry.o)
    0x0800021e   0x0800021e   0x00000000   Code   RO         3837    .ARM.Collect$$rtentry$$00000002  c_w.l(__rtentry2.o)
    0x0800021e   0x0800021e   0x00000006   Code   RO         3849    .ARM.Collect$$rtentry$$00000004  c_w.l(__rtentry4.o)
    0x08000224   0x08000224   0x00000000   Code   RO         3839    .ARM.Collect$$rtentry$$00000009  c_w.l(__rtentry2.o)
    0x08000224   0x08000224   0x00000004   Code   RO         3840    .ARM.Collect$$rtentry$$0000000A  c_w.l(__rtentry2.o)
    0x08000228   0x08000228   0x00000000   Code   RO         3842    .ARM.Collect$$rtentry$$0000000C  c_w.l(__rtentry2.o)
    0x08000228   0x08000228   0x00000008   Code   RO         3843    .ARM.Collect$$rtentry$$0000000D  c_w.l(__rtentry2.o)
    0x08000230   0x08000230   0x00000002   Code   RO         3872    .ARM.Collect$$rtexit$$00000000  c_w.l(rtexit.o)
    0x08000232   0x08000232   0x00000000   Code   RO         3920    .ARM.Collect$$rtexit$$00000002  c_w.l(rtexit2.o)
    0x08000232   0x08000232   0x00000004   Code   RO         3921    .ARM.Collect$$rtexit$$00000003  c_w.l(rtexit2.o)
    0x08000236   0x08000236   0x00000006   Code   RO         3922    .ARM.Collect$$rtexit$$00000004  c_w.l(rtexit2.o)
    0x0800023c   0x0800023c   0x000000b6   Code   RO         3584    .emb_text           port.o
    0x080002f2   0x080002f2   0x00000002   PAD
    0x080002f4   0x080002f4   0x00000040   Code   RO         1061    .text               startup_stm32f40_41xxx.o
    0x08000334   0x08000334   0x00000002   Code   RO         3726    .text               c_w.l(use_no_semi_2.o)
    0x08000336   0x08000336   0x00000002   PAD
    0x08000338   0x08000338   0x00000018   Code   RO         3732    .text               c_w.l(noretval__2printf.o)
    0x08000350   0x08000350   0x00000028   Code   RO         3734    .text               c_w.l(noretval__2sprintf.o)
    0x08000378   0x08000378   0x00000068   Code   RO         3736    .text               c_w.l(__printf.o)
    0x080003e0   0x080003e0   0x00000052   Code   RO         3738    .text               c_w.l(_printf_str.o)
    0x08000432   0x08000432   0x00000002   PAD
    0x08000434   0x08000434   0x00000078   Code   RO         3740    .text               c_w.l(_printf_dec.o)
    0x080004ac   0x080004ac   0x00000058   Code   RO         3745    .text               c_w.l(_printf_hex_int.o)
    0x08000504   0x08000504   0x0000008a   Code   RO         3793    .text               c_w.l(rt_memcpy_v6.o)
    0x0800058e   0x0800058e   0x00000010   Code   RO         3795    .text               c_w.l(aeabi_memset.o)
    0x0800059e   0x0800059e   0x00000006   Code   RO         3797    .text               c_w.l(heapauxi.o)
    0x080005a4   0x080005a4   0x00000002   Code   RO         3813    .text               c_w.l(use_no_semi.o)
    0x080005a6   0x080005a6   0x000000b2   Code   RO         3816    .text               c_w.l(_printf_intcommon.o)
    0x08000658   0x08000658   0x00000030   Code   RO         3818    .text               c_w.l(_printf_char_common.o)
    0x08000688   0x08000688   0x0000000a   Code   RO         3820    .text               c_w.l(_sputc.o)
    0x08000692   0x08000692   0x0000002c   Code   RO         3822    .text               c_w.l(_printf_char.o)
    0x080006be   0x080006be   0x00000002   PAD
    0x080006c0   0x080006c0   0x00000024   Code   RO         3824    .text               c_w.l(_printf_char_file.o)
    0x080006e4   0x080006e4   0x00000064   Code   RO         3827    .text               c_w.l(rt_memcpy_w.o)
    0x08000748   0x08000748   0x00000044   Code   RO         3829    .text               c_w.l(rt_memclr.o)
    0x0800078c   0x0800078c   0x00000008   Code   RO         3853    .text               c_w.l(ferror.o)
    0x08000794   0x08000794   0x0000004e   Code   RO         3857    .text               c_w.l(rt_memclr_w.o)
    0x080007e2   0x080007e2   0x0000004a   Code   RO         3859    .text               c_w.l(sys_stackheap_outer.o)
    0x0800082c   0x0800082c   0x00000012   Code   RO         3861    .text               c_w.l(exit.o)
    0x0800083e   0x0800083e   0x00000002   PAD
    0x08000840   0x08000840   0x00000008   Code   RO         3869    .text               c_w.l(libspace.o)
    0x08000848   0x08000848   0x00000002   Code   RO          208    i.BusFault_Handler  stm32f4xx_it.o
    0x0800084a   0x0800084a   0x00000002   PAD
    0x0800084c   0x0800084c   0x0000001c   Code   RO         2595    i.DCMI_CaptureCmd   stm32f4xx_dcmi.o
    0x08000868   0x08000868   0x0000000c   Code   RO         2597    i.DCMI_ClearITPendingBit  stm32f4xx_dcmi.o
    0x08000874   0x08000874   0x0000001c   Code   RO         2598    i.DCMI_Cmd          stm32f4xx_dcmi.o
    0x08000890   0x08000890   0x00000070   Code   RO          661    i.DCMI_DMA_Init     dcmi.o
    0x08000900   0x08000900   0x0000001c   Code   RO         2599    i.DCMI_DeInit       stm32f4xx_dcmi.o
    0x0800091c   0x0800091c   0x00000014   Code   RO         2601    i.DCMI_GetITStatus  stm32f4xx_dcmi.o
    0x08000930   0x08000930   0x0000003c   Code   RO          662    i.DCMI_IRQHandler   dcmi.o
    0x0800096c   0x0800096c   0x0000001c   Code   RO         2602    i.DCMI_ITConfig     stm32f4xx_dcmi.o
    0x08000988   0x08000988   0x0000003c   Code   RO         2603    i.DCMI_Init         stm32f4xx_dcmi.o
    0x080009c4   0x080009c4   0x00000024   Code   RO          664    i.DCMI_Start        dcmi.o
    0x080009e8   0x080009e8   0x00000024   Code   RO          665    i.DCMI_Stop         dcmi.o
    0x08000a0c   0x08000a0c   0x00000014   Code   RO         2467    i.DMA_Cmd           stm32f4xx_dma.o
    0x08000a20   0x08000a20   0x00000124   Code   RO         2468    i.DMA_DeInit        stm32f4xx_dma.o
    0x08000b44   0x08000b44   0x0000000e   Code   RO         2472    i.DMA_GetCmdStatus  stm32f4xx_dma.o
    0x08000b52   0x08000b52   0x00000006   Code   RO         2473    i.DMA_GetCurrDataCounter  stm32f4xx_dma.o
    0x08000b58   0x08000b58   0x00000054   Code   RO         2479    i.DMA_Init          stm32f4xx_dma.o
    0x08000bac   0x08000bac   0x00000004   Code   RO         2482    i.DMA_SetCurrDataCounter  stm32f4xx_dma.o
    0x08000bb0   0x08000bb0   0x00000002   Code   RO          209    i.DebugMon_Handler  stm32f4xx_it.o
    0x08000bb2   0x08000bb2   0x00000002   PAD
    0x08000bb4   0x08000bb4   0x00000020   Code   RO         2345    i.FSMC_NORSRAMCmd   stm32f4xx_fsmc.o
    0x08000bd4   0x08000bd4   0x000000c8   Code   RO         2347    i.FSMC_NORSRAMInit  stm32f4xx_fsmc.o
    0x08000c9c   0x08000c9c   0x00000078   Code   RO         1112    i.GPIO_Init         stm32f4xx_gpio.o
    0x08000d14   0x08000d14   0x00000020   Code   RO         1113    i.GPIO_PinAFConfig  stm32f4xx_gpio.o
    0x08000d34   0x08000d34   0x0000000e   Code   RO         1116    i.GPIO_ReadInputDataBit  stm32f4xx_gpio.o
    0x08000d42   0x08000d42   0x00000004   Code   RO         1120    i.GPIO_SetBits      stm32f4xx_gpio.o
    0x08000d46   0x08000d46   0x00000002   Code   RO          210    i.HardFault_Handler  stm32f4xx_it.o
    0x08000d48   0x08000d48   0x00000044   Code   RO          906    i.KEY_Init          key.o
    0x08000d8c   0x08000d8c   0x000000cc   Code   RO          907    i.KEY_Scan          key.o
    0x08000e58   0x08000e58   0x0000006c   Code   RO          452    i.LCD_Clear         lcd.o
    0x08000ec4   0x08000ec4   0x00000134   Code   RO          456    i.LCD_Display_Dir   lcd.o
    0x08000ff8   0x08000ff8   0x00000110   Code   RO          461    i.LCD_Fast_DrawPoint  lcd.o
    0x08001108   0x08001108   0x0000008c   Code   RO          462    i.LCD_Fill          lcd.o
    0x08001194   0x08001194   0x00003724   Code   RO          463    i.LCD_Init          lcd.o
    0x080048b8   0x080048b8   0x00000014   Code   RO          465    i.LCD_RD_DATA       lcd.o
    0x080048cc   0x080048cc   0x00000014   Code   RO          467    i.LCD_ReadReg       lcd.o
    0x080048e0   0x080048e0   0x00000050   Code   RO          468    i.LCD_SSD_BackLightSet  lcd.o
    0x08004930   0x08004930   0x00000204   Code   RO          469    i.LCD_Scan_Dir      lcd.o
    0x08004b34   0x08004b34   0x00000150   Code   RO          470    i.LCD_SetCursor     lcd.o
    0x08004c84   0x08004c84   0x000000cc   Code   RO          472    i.LCD_ShowChar      lcd.o
    0x08004d50   0x08004d50   0x00000054   Code   RO          474    i.LCD_ShowString    lcd.o
    0x08004da4   0x08004da4   0x00000018   Code   RO          476    i.LCD_WR_DATA       lcd.o
    0x08004dbc   0x08004dbc   0x00000018   Code   RO          477    i.LCD_WR_REG        lcd.o
    0x08004dd4   0x08004dd4   0x00000014   Code   RO          479    i.LCD_WriteRAM_Prepare  lcd.o
    0x08004de8   0x08004de8   0x0000000c   Code   RO          480    i.LCD_WriteReg      lcd.o
    0x08004df4   0x08004df4   0x00000040   Code   RO          393    i.LED_Init          led.o
    0x08004e34   0x08004e34   0x00000128   Code   RO          353    i.MR_start          mr_task.o
    0x08004f5c   0x08004f5c   0x00000002   Code   RO          211    i.MemManage_Handler  stm32f4xx_it.o
    0x08004f5e   0x08004f5e   0x00000002   PAD
    0x08004f60   0x08004f60   0x00000130   Code   RO          666    i.My_DCMI_Init      dcmi.o
    0x08005090   0x08005090   0x00000002   Code   RO          212    i.NMI_Handler       stm32f4xx_it.o
    0x08005092   0x08005092   0x00000002   PAD
    0x08005094   0x08005094   0x00000064   Code   RO         1067    i.NVIC_Init         misc.o
    0x080050f8   0x080050f8   0x00000014   Code   RO         1068    i.NVIC_PriorityGroupConfig  misc.o
    0x0800510c   0x0800510c   0x00000040   Code   RO          723    i.OV2640_Color_Saturation  ov2640.o
    0x0800514c   0x0800514c   0x00000070   Code   RO          724    i.OV2640_Contrast   ov2640.o
    0x080051bc   0x080051bc   0x00000088   Code   RO          726    i.OV2640_ImageWin_Set  ov2640.o
    0x08005244   0x08005244   0x000000f4   Code   RO          727    i.OV2640_Init       ov2640.o
    0x08005338   0x08005338   0x00000054   Code   RO          730    i.OV2640_OutSize_Set  ov2640.o
    0x0800538c   0x0800538c   0x00000024   Code   RO          731    i.OV2640_RGB565_Mode  ov2640.o
    0x080053b0   0x080053b0   0x00000070   Code   RO          732    i.OV2640_Special_Effects  ov2640.o
    0x08005420   0x08005420   0x00000018   Code   RO         1209    i.RCC_AHB1PeriphClockCmd  stm32f4xx_rcc.o
    0x08005438   0x08005438   0x00000018   Code   RO         1212    i.RCC_AHB2PeriphClockCmd  stm32f4xx_rcc.o
    0x08005450   0x08005450   0x00000018   Code   RO         1215    i.RCC_AHB3PeriphClockCmd  stm32f4xx_rcc.o
    0x08005468   0x08005468   0x00000018   Code   RO         1218    i.RCC_APB1PeriphClockCmd  stm32f4xx_rcc.o
    0x08005480   0x08005480   0x00000018   Code   RO         1221    i.RCC_APB2PeriphClockCmd  stm32f4xx_rcc.o
    0x08005498   0x08005498   0x00000090   Code   RO         1230    i.RCC_GetClocksFreq  stm32f4xx_rcc.o
    0x08005528   0x08005528   0x0000004c   Code   RO          825    i.SCCB_Init         sccb.o
    0x08005574   0x08005574   0x00000038   Code   RO          826    i.SCCB_No_Ack       sccb.o
    0x080055ac   0x080055ac   0x00000068   Code   RO          827    i.SCCB_RD_Byte      sccb.o
    0x08005614   0x08005614   0x0000004c   Code   RO          828    i.SCCB_RD_Reg       sccb.o
    0x08005660   0x08005660   0x0000002c   Code   RO          829    i.SCCB_Start        sccb.o
    0x0800568c   0x0800568c   0x00000030   Code   RO          830    i.SCCB_Stop         sccb.o
    0x080056bc   0x080056bc   0x00000084   Code   RO          831    i.SCCB_WR_Byte      sccb.o
    0x08005740   0x08005740   0x0000003e   Code   RO          832    i.SCCB_WR_Reg       sccb.o
    0x0800577e   0x0800577e   0x00000002   PAD
    0x08005780   0x08005780   0x000000b4   Code   RO          287    i.SetSysClock       system_stm32f4xx.o
    0x08005834   0x08005834   0x00000018   Code   RO         1071    i.SysTick_CLKSourceConfig  misc.o
    0x0800584c   0x0800584c   0x00000014   Code   RO          933    i.SysTick_Handler   delay.o
    0x08005860   0x08005860   0x0000005c   Code   RO          289    i.SystemInit        system_stm32f4xx.o
    0x080058bc   0x080058bc   0x0000003c   Code   RO          413    i.TIM3_IRQHandler   timer.o
    0x080058f8   0x080058f8   0x0000003c   Code   RO          415    i.TIM5_IRQHandler   timer.o
    0x08005934   0x08005934   0x00000006   Code   RO         1796    i.TIM_ClearITPendingBit  stm32f4xx_tim.o
    0x0800593a   0x0800593a   0x00000018   Code   RO         1822    i.TIM_GetITStatus   stm32f4xx_tim.o
    0x08005952   0x08005952   0x00000002   PAD
    0x08005954   0x08005954   0x00000064   Code   RO         1007    i.USART1_IRQHandler  usart.o
    0x080059b8   0x080059b8   0x00000014   Code   RO         1603    i.USART_Cmd         stm32f4xx_usart.o
    0x080059cc   0x080059cc   0x0000003e   Code   RO         1607    i.USART_GetITStatus  stm32f4xx_usart.o
    0x08005a0a   0x08005a0a   0x00000030   Code   RO         1609    i.USART_ITConfig    stm32f4xx_usart.o
    0x08005a3a   0x08005a3a   0x00000002   PAD
    0x08005a3c   0x08005a3c   0x000000ac   Code   RO         1610    i.USART_Init        stm32f4xx_usart.o
    0x08005ae8   0x08005ae8   0x00000008   Code   RO         1617    i.USART_ReceiveData  stm32f4xx_usart.o
    0x08005af0   0x08005af0   0x00000002   Code   RO          213    i.UsageFault_Handler  stm32f4xx_it.o
    0x08005af2   0x08005af2   0x00000002   Code   RO         1008    i._sys_exit         usart.o
    0x08005af4   0x08005af4   0x00000038   Code   RO          934    i.delay_init        delay.o
    0x08005b2c   0x08005b2c   0x00000038   Code   RO          935    i.delay_ms          delay.o
    0x08005b64   0x08005b64   0x00000034   Code   RO          936    i.delay_us          delay.o
    0x08005b98   0x08005b98   0x00000014   Code   RO         1009    i.fputc             usart.o
    0x08005bac   0x08005bac   0x00000060   Code   RO          324    i.jpeg_data_process  mr_cv.o
    0x08005c0c   0x08005c0c   0x000000f8   Code   RO            3    i.main              main.o
    0x08005d04   0x08005d04   0x00000070   Code   RO         3103    i.prvAddCurrentTaskToDelayedList  tasks.o
    0x08005d74   0x08005d74   0x000000d0   Code   RO         3104    i.prvAddNewTaskToReadyList  tasks.o
    0x08005e44   0x08005e44   0x00000050   Code   RO         3456    i.prvCheckForValidListAndQueue  timers.o
    0x08005e94   0x08005e94   0x00000054   Code   RO         3105    i.prvCheckTasksWaitingTermination  tasks.o
    0x08005ee8   0x08005ee8   0x00000026   Code   RO         2874    i.prvCopyDataFromQueue  queue.o
    0x08005f0e   0x08005f0e   0x0000006c   Code   RO         2875    i.prvCopyDataToQueue  queue.o
    0x08005f7a   0x08005f7a   0x00000014   Code   RO         3106    i.prvDeleteTCB      tasks.o
    0x08005f8e   0x08005f8e   0x00000002   PAD
    0x08005f90   0x08005f90   0x0000004c   Code   RO         3669    i.prvHeapInit       heap_4.o
    0x08005fdc   0x08005fdc   0x00000028   Code   RO         3107    i.prvIdleTask       tasks.o
    0x08006004   0x08006004   0x000000c0   Code   RO         3108    i.prvInitialiseNewTask  tasks.o
    0x080060c4   0x080060c4   0x0000004c   Code   RO         3670    i.prvInsertBlockIntoFreeList  heap_4.o
    0x08006110   0x08006110   0x00000038   Code   RO         3457    i.prvInsertTimerInActiveList  timers.o
    0x08006148   0x08006148   0x0000001a   Code   RO         2876    i.prvIsQueueEmpty   queue.o
    0x08006162   0x08006162   0x00000002   PAD
    0x08006164   0x08006164   0x00000090   Code   RO         2877    i.prvNotifyQueueSetContainer  queue.o
    0x080061f4   0x080061f4   0x00000060   Code   RO         3458    i.prvProcessExpiredTimer  timers.o
    0x08006254   0x08006254   0x000000f0   Code   RO         3459    i.prvProcessReceivedCommands  timers.o
    0x08006344   0x08006344   0x0000006c   Code   RO         3460    i.prvProcessTimerOrBlockTask  timers.o
    0x080063b0   0x080063b0   0x00000020   Code   RO         3110    i.prvResetNextTaskUnblockTime  tasks.o
    0x080063d0   0x080063d0   0x00000028   Code   RO         3461    i.prvSampleTimeNow  timers.o
    0x080063f8   0x080063f8   0x0000006c   Code   RO         3462    i.prvSwitchTimerLists  timers.o
    0x08006464   0x08006464   0x00000064   Code   RO         3585    i.prvTaskExitError  port.o
    0x080064c8   0x080064c8   0x00000028   Code   RO         3463    i.prvTimerTask      timers.o
    0x080064f0   0x080064f0   0x00000078   Code   RO         2878    i.prvUnlockQueue    queue.o
    0x08006568   0x08006568   0x00000114   Code   RO         3671    i.pvPortMalloc      heap_4.o
    0x0800667c   0x0800667c   0x00000018   Code   RO         3112    i.pvTaskIncrementMutexHeldCount  tasks.o
    0x08006694   0x08006694   0x0000002c   Code   RO         3586    i.pxPortInitialiseStack  port.o
    0x080066c0   0x080066c0   0x0000026c   Code   RO          354    i.rgb565_test_task  mr_task.o
    0x0800692c   0x0800692c   0x00000040   Code   RO          355    i.start_task        mr_task.o
    0x0800696c   0x0800696c   0x000000ac   Code   RO         1010    i.uart_init         usart.o
    0x08006a18   0x08006a18   0x00000084   Code   RO          886    i.usart2_init       usart2.o
    0x08006a9c   0x08006a9c   0x00000024   Code   RO         2829    i.uxListRemove      list.o
    0x08006ac0   0x08006ac0   0x00000016   Code   RO         2830    i.vListInitialise   list.o
    0x08006ad6   0x08006ad6   0x00000006   Code   RO         2831    i.vListInitialiseItem  list.o
    0x08006adc   0x08006adc   0x00000030   Code   RO         2832    i.vListInsert       list.o
    0x08006b0c   0x08006b0c   0x00000018   Code   RO         2833    i.vListInsertEnd    list.o
    0x08006b24   0x08006b24   0x00000078   Code   RO         3588    i.vPortEnterCritical  port.o
    0x08006b9c   0x08006b9c   0x00000064   Code   RO         3589    i.vPortExitCritical  port.o
    0x08006c00   0x08006c00   0x0000009c   Code   RO         3672    i.vPortFree         heap_4.o
    0x08006c9c   0x08006c9c   0x00000020   Code   RO         3590    i.vPortSetupTimerInterrupt  port.o
    0x08006cbc   0x08006cbc   0x0000008c   Code   RO         3591    i.vPortValidateInterruptPriority  port.o
    0x08006d48   0x08006d48   0x00000024   Code   RO         2884    i.vQueueAddToRegistry  queue.o
    0x08006d6c   0x08006d6c   0x00000044   Code   RO         2888    i.vQueueWaitForMessageRestricted  queue.o
    0x08006db0   0x08006db0   0x0000006c   Code   RO         3120    i.vTaskDelay        tasks.o
    0x08006e1c   0x08006e1c   0x000000cc   Code   RO         3122    i.vTaskDelete       tasks.o
    0x08006ee8   0x08006ee8   0x0000000c   Code   RO         3126    i.vTaskMissedYield  tasks.o
    0x08006ef4   0x08006ef4   0x00000054   Code   RO         3128    i.vTaskPlaceOnEventList  tasks.o
    0x08006f48   0x08006f48   0x0000005c   Code   RO         3129    i.vTaskPlaceOnEventListRestricted  tasks.o
    0x08006fa4   0x08006fa4   0x00000084   Code   RO         3131    i.vTaskPriorityInherit  tasks.o
    0x08007028   0x08007028   0x00000048   Code   RO         3135    i.vTaskSetTimeOutState  tasks.o
    0x08007070   0x08007070   0x00000094   Code   RO         3136    i.vTaskStartScheduler  tasks.o
    0x08007104   0x08007104   0x00000010   Code   RO         3138    i.vTaskSuspendAll   tasks.o
    0x08007114   0x08007114   0x0000007c   Code   RO         3139    i.vTaskSwitchContext  tasks.o
    0x08007190   0x08007190   0x00000114   Code   RO         3592    i.xPortStartScheduler  port.o
    0x080072a4   0x080072a4   0x0000002c   Code   RO         3593    i.xPortSysTickHandler  port.o
    0x080072d0   0x080072d0   0x00000078   Code   RO         2893    i.xQueueGenericCreate  queue.o
    0x08007348   0x08007348   0x00000184   Code   RO         2894    i.xQueueGenericReceive  queue.o
    0x080074cc   0x080074cc   0x000000a8   Code   RO         2895    i.xQueueGenericReset  queue.o
    0x08007574   0x08007574   0x00000188   Code   RO         2896    i.xQueueGenericSend  queue.o
    0x080076fc   0x080076fc   0x000000e0   Code   RO         2897    i.xQueueGenericSendFromISR  queue.o
    0x080077dc   0x080077dc   0x00000088   Code   RO         3140    i.xTaskCheckForTimeOut  tasks.o
    0x08007864   0x08007864   0x00000056   Code   RO         3141    i.xTaskCreate       tasks.o
    0x080078ba   0x080078ba   0x00000002   PAD
    0x080078bc   0x080078bc   0x0000001c   Code   RO         3145    i.xTaskGetSchedulerState  tasks.o
    0x080078d8   0x080078d8   0x0000000c   Code   RO         3146    i.xTaskGetTickCount  tasks.o
    0x080078e4   0x080078e4   0x000000e8   Code   RO         3148    i.xTaskIncrementTick  tasks.o
    0x080079cc   0x080079cc   0x000000b4   Code   RO         3151    i.xTaskPriorityDisinherit  tasks.o
    0x08007a80   0x08007a80   0x00000098   Code   RO         3152    i.xTaskRemoveFromEventList  tasks.o
    0x08007b18   0x08007b18   0x000000e4   Code   RO         3154    i.xTaskResumeAll    tasks.o
    0x08007bfc   0x08007bfc   0x00000074   Code   RO         3466    i.xTimerCreate      timers.o
    0x08007c70   0x08007c70   0x00000074   Code   RO         3467    i.xTimerCreateTimerTask  timers.o
    0x08007ce4   0x08007ce4   0x00000090   Code   RO         3468    i.xTimerGenericCommand  timers.o
    0x08007d74   0x08007d74   0x0000005a   Code   RO         3801    x$fpl$dfixu         fz_wm.l(dfixu.o)
    0x08007dce   0x08007dce   0x00000026   Code   RO         3805    x$fpl$dfltu         fz_wm.l(dflt_clz.o)
    0x08007df4   0x08007df4   0x00000154   Code   RO         3811    x$fpl$dmul          fz_wm.l(dmul.o)
    0x08007f48   0x08007f48   0x0000009c   Code   RO         3831    x$fpl$dnaninf       fz_wm.l(dnaninf.o)
    0x08007fe4   0x08007fe4   0x0000000c   Code   RO         3833    x$fpl$dretinf       fz_wm.l(dretinf.o)
    0x08007ff0   0x08007ff0   0x0000000a   Code   RO         3928    x$fpl$fpinit        fz_wm.l(fpinit.o)
    0x08007ffa   0x08007ffa   0x00000000   Code   RO         3835    x$fpl$usenofp       fz_wm.l(usenofp.o)
    0x08007ffa   0x08007ffa   0x000017c0   Data   RO          483    .constdata          lcd.o
    0x080097ba   0x080097ba   0x000001c6   Data   RO          734    .constdata          ov2640.o
    0x08009980   0x08009980   0x00000028   Data   RO         3746    .constdata          c_w.l(_printf_hex_int.o)
    0x080099a8   0x080099a8   0x0000003b   Data   RO          327    .conststring        mr_cv.o
    0x080099e3   0x080099e3   0x00000001   PAD
    0x080099e4   0x080099e4   0x00000020   Data   RO         3992    Region$$Table       anon$$obj.o


    Execution Region RW_IRAM1 (Exec base: 0x20000000, Load base: 0x08009a04, Size: 0x00005b68, Max: 0x00020000, ABSOLUTE)

    Exec Addr    Load Addr    Size         Type   Attr      Idx    E Section Name        Object

    0x20000000   0x08009a04   0x00000014   Data   RW          290    .data               system_stm32f4xx.o
    0x20000014   0x08009a18   0x00000008   Data   RW          329    .data               mr_cv.o
    0x2000001c   0x08009a20   0x0000001c   Data   RW          330    .data               mr_cv.o
    0x20000038   0x08009a3c   0x00000008   Data   RW          357    .data               mr_task.o
    0x20000040   0x08009a44   0x00000004   Data   RW          484    .data               lcd.o
    0x20000044   0x08009a48   0x00000001   Data   RW          668    .data               dcmi.o
    0x20000045   0x08009a49   0x00000001   Data   RW          908    .data               key.o
    0x20000046   0x08009a4a   0x00000004   Data   RW          938    .data               delay.o
    0x2000004a   0x08009a4e   0x00000002   Data   RW         1012    .data               usart.o
    0x2000004c   0x08009a50   0x00000004   Data   RW         1013    .data               usart.o
    0x20000050   0x08009a54   0x00000010   Data   RW         1262    .data               stm32f4xx_rcc.o
    0x20000060   0x08009a64   0x0000003c   Data   RW         3157    .data               tasks.o
    0x2000009c   0x08009aa0   0x00000014   Data   RW         3476    .data               timers.o
    0x200000b0   0x08009ab4   0x0000000c   Data   RW         3594    .data               port.o
    0x200000bc   0x08009ac0   0x00000018   Data   RW         3677    .data               heap_4.o
    0x200000d4        -       0x0000000e   Zero   RW          482    .bss                lcd.o
    0x200000e2        -       0x0000000e   Zero   RW          667    .bss                dcmi.o
    0x200000f0        -       0x000000c8   Zero   RW         1011    .bss                usart.o
    0x200001b8        -       0x00000040   Zero   RW         2908    .bss                queue.o
    0x200001f8        -       0x000002e4   Zero   RW         3156    .bss                tasks.o
    0x200004dc        -       0x00000028   Zero   RW         3475    .bss                timers.o
    0x20000504        -       0x00005000   Zero   RW         3676    .bss                heap_4.o
    0x20005504        -       0x00000060   Zero   RW         3870    .bss                c_w.l(libspace.o)
    0x20005564   0x08009ad8   0x00000004   PAD
    0x20005568        -       0x00000200   Zero   RW         1059    HEAP                startup_stm32f40_41xxx.o
    0x20005768        -       0x00000400   Zero   RW         1058    STACK               startup_stm32f40_41xxx.o


==============================================================================

Image component sizes


      Code (inc. data)   RO Data    RW Data    ZI Data      Debug   Object Name

       548         52          0          1         14       4028   dcmi.o
       184         14          0          4          0       2737   delay.o
         0          0          0          0          0      10420   event_groups.o
       584        138          0         24      20480       4323   heap_4.o
       272         24          0          1          0       1374   key.o
     16284        134       6080          4         14      24772   lcd.o
        64          6          0          0          0        571   led.o
       136          0          0          0          0       3390   list.o
       248         94          0          0          0     317011   main.o
       144         14          0          0          0       2233   misc.o
        96         10         59         36          0       1542   mr_cv.o
       980        306          0          8          0       3187   mr_task.o
       788         50        454          0          0       6883   ov2640.o
      1038        382          0         12          0      11181   port.o
      1832        236          0          0         64      16317   queue.o
       598         40          0          0          0       5463   sccb.o
        64         26        392          0       1536        860   startup_stm32f40_41xxx.o
       204         40          0          0          0       4471   stm32f4xx_dcmi.o
       420         24          0          0          0       5271   stm32f4xx_dma.o
       232          6          0          0          0       1981   stm32f4xx_fsmc.o
       170          0          0          0          0       3126   stm32f4xx_gpio.o
        12          0          0          0          0       2881   stm32f4xx_it.o
       264         42          0         16          0       6177   stm32f4xx_rcc.o
        30          0          0          0          0       2889   stm32f4xx_tim.o
       310          8          0          0          0       4622   stm32f4xx_usart.o
       272         36          0         20          0       1881   system_stm32f4xx.o
      2758        670          0         60        740      30779   tasks.o
       120         52          0          0          0       1116   timer.o
      1144        260          0         20         40      10406   timers.o
       294         26          0          6        200       4536   usart.o
       132          8          0          0          0        790   usart2.o

    ----------------------------------------------------------------------
     30244       2698       7018        212      23088     497218   Object Totals
         0          0         32          0          0          0   (incl. Generated)
        22          0          1          0          0          0   (incl. Padding)

    ----------------------------------------------------------------------

      Code (inc. data)   RO Data    RW Data    ZI Data      Debug   Library Member Name

         8          0          0          0          0         68   __main.o
       104          0          0          0          0         84   __printf.o
         0          0          0          0          0          0   __rtentry.o
        12          0          0          0          0          0   __rtentry2.o
         6          0          0          0          0          0   __rtentry4.o
        52          8          0          0          0          0   __scatter.o
        26          0          0          0          0          0   __scatter_copy.o
        28          0          0          0          0          0   __scatter_zi.o
        44          0          0          0          0        108   _printf_char.o
        48          6          0          0          0         96   _printf_char_common.o
        36          4          0          0          0         80   _printf_char_file.o
         6          0          0          0          0          0   _printf_d.o
       120         16          0          0          0         92   _printf_dec.o
        88          4         40          0          0         88   _printf_hex_int.o
       178          0          0          0          0         88   _printf_intcommon.o
         0          0          0          0          0          0   _printf_percent.o
         4          0          0          0          0          0   _printf_percent_end.o
         6          0          0          0          0          0   _printf_s.o
        82          0          0          0          0         80   _printf_str.o
         6          0          0          0          0          0   _printf_x.o
        10          0          0          0          0         68   _sputc.o
        16          0          0          0          0         68   aeabi_memset.o
        18          0          0          0          0         80   exit.o
         8          0          0          0          0         68   ferror.o
         6          0          0          0          0        152   heapauxi.o
         2          0          0          0          0          0   libinit.o
         6          0          0          0          0          0   libinit2.o
         2          0          0          0          0          0   libshutdown.o
         2          0          0          0          0          0   libshutdown2.o
         8          4          0          0         96         68   libspace.o
        24          4          0          0          0         84   noretval__2printf.o
        40          6          0          0          0         84   noretval__2sprintf.o
        68          0          0          0          0         68   rt_memclr.o
        78          0          0          0          0         80   rt_memclr_w.o
       138          0          0          0          0         68   rt_memcpy_v6.o
       100          0          0          0          0         80   rt_memcpy_w.o
         2          0          0          0          0          0   rtexit.o
        10          0          0          0          0          0   rtexit2.o
        74          0          0          0          0         80   sys_stackheap_outer.o
         2          0          0          0          0         68   use_no_semi.o
         2          0          0          0          0         68   use_no_semi_2.o
        90          4          0          0          0        140   dfixu.o
        38          0          0          0          0        116   dflt_clz.o
       340         12          0          0          0        152   dmul.o
       156          4          0          0          0        140   dnaninf.o
        12          0          0          0          0        116   dretinf.o
        10          0          0          0          0        116   fpinit.o
         0          0          0          0          0          0   usenofp.o

    ----------------------------------------------------------------------
      2126         72         40          0        100       2748   Library Totals
        10          0          0          0          4          0   (incl. Padding)

    ----------------------------------------------------------------------

      Code (inc. data)   RO Data    RW Data    ZI Data      Debug   Library Name

      1470         52         40          0         96       1968   c_w.l
       646         20          0          0          0        780   fz_wm.l

    ----------------------------------------------------------------------
      2126         72         40          0        100       2748   Library Totals

    ----------------------------------------------------------------------

==============================================================================


      Code (inc. data)   RO Data    RW Data    ZI Data      Debug   

     32370       2770       7058        212      23188     482826   Grand Totals
     32370       2770       7058        212      23188     482826   ELF Image Totals
     32370       2770       7058        212          0          0   ROM Totals

==============================================================================

    Total RO  Size (Code + RO Data)                39428 (  38.50kB)
    Total RW  Size (RW Data + ZI Data)             23400 (  22.85kB)
    Total ROM Size (Code + RO Data + RW Data)      39640 (  38.71kB)

==============================================================================

