Component: ARM Compiler 5.06 update 6 (build 750) Tool: armlink [4d35ed]

==============================================================================

Section Cross References

    main.o(i.main) refers to misc.o(i.NVIC_PriorityGroupConfig) for NVIC_PriorityGroupConfig
    main.o(i.main) refers to delay.o(i.delay_init) for delay_init
    main.o(i.main) refers to usart.o(i.uart_init) for uart_init
    main.o(i.main) refers to usart2.o(i.usart2_init) for usart2_init
    main.o(i.main) refers to led.o(i.LED_Init) for LED_Init
    main.o(i.main) refers to lcd.o(i.LCD_Init) for LCD_Init
    main.o(i.main) refers to key.o(i.KEY_Init) for KEY_Init
    main.o(i.main) refers to mr_task.o(i.MR_start) for MR_start
    system_stm32f4xx.o(i.SystemCoreClockUpdate) refers to system_stm32f4xx.o(.data) for .data
    system_stm32f4xx.o(i.SystemInit) refers to system_stm32f4xx.o(i.SetSysClock) for SetSysClock
    mr_cv.o(i.jpeg_data_process) refers to stm32f4xx_dma.o(i.DMA_Cmd) for DMA_Cmd
    mr_cv.o(i.jpeg_data_process) refers to stm32f4xx_dma.o(i.DMA_GetCmdStatus) for DMA_GetCmdStatus
    mr_cv.o(i.jpeg_data_process) refers to stm32f4xx_dma.o(i.DMA_GetCurrDataCounter) for DMA_GetCurrDataCounter
    mr_cv.o(i.jpeg_data_process) refers to stm32f4xx_dma.o(i.DMA_SetCurrDataCounter) for DMA_SetCurrDataCounter
    mr_cv.o(i.jpeg_data_process) refers to mr_cv.o(.data) for .data
    mr_cv.o(.data) refers to mr_cv.o(.conststring) for .conststring
    mr_cv.o(.data) refers to mr_cv.o(.conststring) for .conststring
    mr_task.o(i.MR_start) refers to lcd.o(i.LCD_ShowString) for LCD_ShowString
    mr_task.o(i.MR_start) refers to delay.o(i.delay_ms) for delay_ms
    mr_task.o(i.MR_start) refers to lcd.o(i.LCD_Fill) for LCD_Fill
    mr_task.o(i.MR_start) refers to ov2640.o(i.OV2640_Init) for OV2640_Init
    mr_task.o(i.MR_start) refers to tasks.o(i.xTaskCreate) for xTaskCreate
    mr_task.o(i.MR_start) refers to tasks.o(i.vTaskStartScheduler) for vTaskStartScheduler
    mr_task.o(i.MR_start) refers to lcd.o(.data) for POINT_COLOR
    mr_task.o(i.MR_start) refers to mr_task.o(.data) for .data
    mr_task.o(i.MR_start) refers to mr_task.o(i.start_task) for start_task
    mr_task.o(i.rgb565_test_task) refers to _printf_percent.o(.ARM.Collect$$_printf_percent$$00000000) for _printf_percent
    mr_task.o(i.rgb565_test_task) refers to _printf_d.o(.ARM.Collect$$_printf_percent$$00000009) for _printf_d
    mr_task.o(i.rgb565_test_task) refers to _printf_dec.o(.text) for _printf_int_dec
    mr_task.o(i.rgb565_test_task) refers to _printf_s.o(.ARM.Collect$$_printf_percent$$00000014) for _printf_s
    mr_task.o(i.rgb565_test_task) refers to _printf_str.o(.text) for _printf_str
    mr_task.o(i.rgb565_test_task) refers to lcd.o(i.LCD_Clear) for LCD_Clear
    mr_task.o(i.rgb565_test_task) refers to lcd.o(i.LCD_ShowString) for LCD_ShowString
    mr_task.o(i.rgb565_test_task) refers to ov2640.o(i.OV2640_RGB565_Mode) for OV2640_RGB565_Mode
    mr_task.o(i.rgb565_test_task) refers to dcmi.o(i.My_DCMI_Init) for My_DCMI_Init
    mr_task.o(i.rgb565_test_task) refers to dcmi.o(i.DCMI_DMA_Init) for DCMI_DMA_Init
    mr_task.o(i.rgb565_test_task) refers to ov2640.o(i.OV2640_OutSize_Set) for OV2640_OutSize_Set
    mr_task.o(i.rgb565_test_task) refers to dcmi.o(i.DCMI_Start) for DCMI_Start
    mr_task.o(i.rgb565_test_task) refers to key.o(i.KEY_Scan) for KEY_Scan
    mr_task.o(i.rgb565_test_task) refers to dcmi.o(i.DCMI_Stop) for DCMI_Stop
    mr_task.o(i.rgb565_test_task) refers to ov2640.o(i.OV2640_Contrast) for OV2640_Contrast
    mr_task.o(i.rgb565_test_task) refers to ov2640.o(i.OV2640_Color_Saturation) for OV2640_Color_Saturation
    mr_task.o(i.rgb565_test_task) refers to noretval__2sprintf.o(.text) for __2sprintf
    mr_task.o(i.rgb565_test_task) refers to ov2640.o(i.OV2640_Special_Effects) for OV2640_Special_Effects
    mr_task.o(i.rgb565_test_task) refers to ov2640.o(i.OV2640_ImageWin_Set) for OV2640_ImageWin_Set
    mr_task.o(i.rgb565_test_task) refers to delay.o(i.delay_ms) for delay_ms
    mr_task.o(i.rgb565_test_task) refers to lcd.o(.data) for POINT_COLOR
    mr_task.o(i.rgb565_test_task) refers to lcd.o(.bss) for lcddev
    mr_task.o(i.rgb565_test_task) refers to mr_cv.o(.data) for EFFECTS_TBL
    mr_task.o(i.start_task) refers to port.o(i.vPortEnterCritical) for vPortEnterCritical
    mr_task.o(i.start_task) refers to tasks.o(i.xTaskCreate) for xTaskCreate
    mr_task.o(i.start_task) refers to tasks.o(i.vTaskDelete) for vTaskDelete
    mr_task.o(i.start_task) refers to port.o(i.vPortExitCritical) for vPortExitCritical
    mr_task.o(i.start_task) refers to mr_task.o(.data) for .data
    mr_task.o(i.start_task) refers to mr_task.o(i.tcp_client_task) for tcp_client_task
    mr_task.o(i.tcp_client_task) refers to _printf_percent.o(.ARM.Collect$$_printf_percent$$00000000) for _printf_percent
    mr_task.o(i.tcp_client_task) refers to _printf_d.o(.ARM.Collect$$_printf_percent$$00000009) for _printf_d
[...]
    tcp_recv                                 0x08010fa9   Thumb Code    30  tcp.o(i.tcp_recv)
    tcp_recv_null                            0x08011041   Thumb Code    36  tcp.o(i.tcp_recv_null)
    tcp_recved                               0x08011065   Thumb Code   104  tcp.o(i.tcp_recved)
    tcp_rexmit                               0x08011169   Thumb Code    82  tcp_out.o(i.tcp_rexmit)
    tcp_rexmit_fast                          0x080111bb   Thumb Code    88  tcp_out.o(i.tcp_rexmit_fast)
    tcp_rexmit_rto                           0x08011213   Thumb Code    46  tcp_out.o(i.tcp_rexmit_rto)
    tcp_rst                                  0x08011241   Thumb Code   138  tcp_out.o(i.tcp_rst)
    tcp_seg_free                             0x08011351   Thumb Code    28  tcp.o(i.tcp_seg_free)
    tcp_segs_free                            0x0801136d   Thumb Code    18  tcp.o(i.tcp_segs_free)
    tcp_send_empty_ack                       0x0801137f   Thumb Code    72  tcp_out.o(i.tcp_send_empty_ack)
    tcp_send_fin                             0x080113c7   Thumb Code    70  tcp_out.o(i.tcp_send_fin)
    tcp_sent                                 0x0801140d   Thumb Code    30  tcp.o(i.tcp_sent)
    tcp_shutdown                             0x080114a5   Thumb Code    78  tcp.o(i.tcp_shutdown)
    tcp_slowtmr                              0x080114f5   Thumb Code   754  tcp.o(i.tcp_slowtmr)
    tcp_timer_needed                         0x080119a9   Thumb Code    36  timers.o(i.tcp_timer_needed)
    tcp_tmr                                  0x08011a49   Thumb Code    28  tcp.o(i.tcp_tmr)
    tcp_update_rcv_ann_wnd                   0x08011a69   Thumb Code    76  tcp.o(i.tcp_update_rcv_ann_wnd)
    tcp_write                                0x08011b21   Thumb Code  1528  tcp_out.o(i.tcp_write)
    tcp_zero_window_probe                    0x0801224d   Thumb Code   146  tcp_out.o(i.tcp_zero_window_probe)
    tcpip_apimsg                             0x080122e1   Thumb Code    58  tcpip.o(i.tcpip_apimsg)
    tcpip_init                               0x08012321   Thumb Code    62  tcpip.o(i.tcpip_init)
    tcpip_input                              0x080123ed   Thumb Code    70  tcpip.o(i.tcpip_input)
    uart_init                                0x08012571   Thumb Code   164  usart.o(i.uart_init)
    udp_bind                                 0x0801261d   Thumb Code   192  udp.o(i.udp_bind)
    udp_connect                              0x0801273d   Thumb Code    70  udp.o(i.udp_connect)
    udp_init                                 0x08012789   Thumb Code     2  udp.o(i.udp_init)
    udp_input                                0x0801278d   Thumb Code   390  udp.o(i.udp_input)
    udp_new                                  0x08012999   Thumb Code    26  udp.o(i.udp_new)
    udp_recv                                 0x080129b3   Thumb Code     6  udp.o(i.udp_recv)
    udp_remove                               0x080129b9   Thumb Code    40  udp.o(i.udp_remove)
    udp_sendto_if                            0x080129e5   Thumb Code   202  udp.o(i.udp_sendto_if)
    usart2_init                              0x08012b31   Thumb Code   124  usart2.o(i.usart2_init)
    usmart_cmd_rec                           0x08012bb5   Thumb Code   144  usmart.o(i.usmart_cmd_rec)
    usmart_exe                               0x08012c49   Thumb Code   510  usmart.o(i.usmart_exe)
    usmart_get_aparm                         0x08012ea9   Thumb Code   156  usmart_str.o(i.usmart_get_aparm)
    usmart_get_cmdname                       0x08012f45   Thumb Code    46  usmart_str.o(i.usmart_get_cmdname)
    usmart_get_fname                         0x08012f75   Thumb Code   352  usmart_str.o(i.usmart_get_fname)
    usmart_get_fparam                        0x080130dd   Thumb Code   202  usmart_str.o(i.usmart_get_fparam)
    usmart_get_parmpos                       0x080131ad   Thumb Code    30  usmart_str.o(i.usmart_get_parmpos)
    usmart_get_runtime                       0x080131d1   Thumb Code    48  usmart.o(i.usmart_get_runtime)
    usmart_init                              0x08013209   Thumb Code    36  usmart.o(i.usmart_init)
    usmart_pow                               0x08013231   Thumb Code    16  usmart_str.o(i.usmart_pow)
    usmart_reset_runtime                     0x08013241   Thumb Code    40  usmart.o(i.usmart_reset_runtime)
    usmart_scan                              0x08013271   Thumb Code    94  usmart.o(i.usmart_scan)
    usmart_search_nextc                      0x08013315   Thumb Code    16  usmart_str.o(i.usmart_search_nextc)
    usmart_str2num                           0x08013325   Thumb Code   160  usmart_str.o(i.usmart_str2num)
    usmart_strcmp                            0x080133c5   Thumb Code    24  usmart_str.o(i.usmart_strcmp)
    usmart_strcopy                           0x080133dd   Thumb Code    18  usmart_str.o(i.usmart_strcopy)
    usmart_strlen                            0x080133ef   Thumb Code    18  usmart_str.o(i.usmart_strlen)
    usmart_sys_cmd_exe                       0x08013401   Thumb Code  1442  usmart.o(i.usmart_sys_cmd_exe)
    uxListRemove                             0x08013a71   Thumb Code    36  list.o(i.uxListRemove)
    vListInitialise                          0x08013a95   Thumb Code    22  list.o(i.vListInitialise)
    vListInitialiseItem                      0x08013aab   Thumb Code     6  list.o(i.vListInitialiseItem)
    vListInsert                              0x08013ab1   Thumb Code    48  list.o(i.vListInsert)
    vListInsertEnd                           0x08013ae1   Thumb Code    24  list.o(i.vListInsertEnd)
    vPortEnterCritical                       0x08013af9   Thumb Code    50  port.o(i.vPortEnterCritical)
    vPortExitCritical                        0x08013b71   Thumb Code    34  port.o(i.vPortExitCritical)
    vPortFree                                0x08013bd5   Thumb Code    94  heap_4.o(i.vPortFree)
    vPortSetupTimerInterrupt                 0x08013c71   Thumb Code    26  port.o(i.vPortSetupTimerInterrupt)
    vPortValidateInterruptPriority           0x08013c91   Thumb Code    70  port.o(i.vPortValidateInterruptPriority)
    vQueueAddToRegistry                      0x08013d1d   Thumb Code    32  queue.o(i.vQueueAddToRegistry)
    vQueueDelete                             0x08013d41   Thumb Code    34  queue.o(i.vQueueDelete)
    vQueueUnregisterQueue                    0x08013d89   Thumb Code    36  queue.o(i.vQueueUnregisterQueue)
    vQueueWaitForMessageRestricted           0x08013db1   Thumb Code    68  queue.o(i.vQueueWaitForMessageRestricted)
    vTaskDelay                               0x08013df5   Thumb Code    62  tasks.o(i.vTaskDelay)
    vTaskDelete                              0x08013e61   Thumb Code   152  tasks.o(i.vTaskDelete)
    vTaskMissedYield                         0x08013f2d   Thumb Code     8  tasks.o(i.vTaskMissedYield)
    vTaskPlaceOnEventList                    0x08013f39   Thumb Code    44  tasks.o(i.vTaskPlaceOnEventList)
    vTaskPlaceOnEventListRestricted          0x08013f8d   Thumb Code    52  tasks.o(i.vTaskPlaceOnEventListRestricted)
    vTaskPriorityInherit                     0x08013fe9   Thumb Code   124  tasks.o(i.vTaskPriorityInherit)
    vTaskSetTimeOutState                     0x0801406d   Thumb Code    30  tasks.o(i.vTaskSetTimeOutState)
    vTaskStartScheduler                      0x080140b5   Thumb Code    96  tasks.o(i.vTaskStartScheduler)
    vTaskSuspendAll                          0x08014149   Thumb Code    10  tasks.o(i.vTaskSuspendAll)
    vTaskSwitchContext                       0x08014159   Thumb Code    80  tasks.o(i.vTaskSwitchContext)
    write_addr                               0x080141d5   Thumb Code     4  usmart.o(i.write_addr)
    xPortStartScheduler                      0x080141d9   Thumb Code   196  port.o(i.xPortStartScheduler)
    xPortSysTickHandler                      0x080142ed   Thumb Code    38  port.o(i.xPortSysTickHandler)
    xQueueCreateCountingSemaphore            0x08014319   Thumb Code    54  queue.o(i.xQueueCreateCountingSemaphore)
    xQueueGenericCreate                      0x08014375   Thumb Code    82  queue.o(i.xQueueGenericCreate)
    xQueueGenericReceive                     0x080143ed   Thumb Code   348  queue.o(i.xQueueGenericReceive)
    xQueueGenericReset                       0x08014571   Thumb Code   128  queue.o(i.xQueueGenericReset)
    xQueueGenericSend                        0x08014619   Thumb Code   350  queue.o(i.xQueueGenericSend)
    xQueueGenericSendFromISR                 0x080147a1   Thumb Code   188  queue.o(i.xQueueGenericSendFromISR)
    xQueueGiveFromISR                        0x08014881   Thumb Code   162  queue.o(i.xQueueGiveFromISR)
    xTaskCheckForTimeOut                     0x08014949   Thumb Code    94  tasks.o(i.xTaskCheckForTimeOut)
    xTaskCreate                              0x080149d1   Thumb Code    86  tasks.o(i.xTaskCreate)
    xTaskGetSchedulerState                   0x08014a29   Thumb Code    22  tasks.o(i.xTaskGetSchedulerState)
    xTaskGetTickCount                        0x08014a45   Thumb Code     6  tasks.o(i.xTaskGetTickCount)
    xTaskGetTickCountFromISR                 0x08014a51   Thumb Code    12  tasks.o(i.xTaskGetTickCountFromISR)
    xTaskIncrementTick                       0x08014a61   Thumb Code   188  tasks.o(i.xTaskIncrementTick)
    xTaskPriorityDisinherit                  0x08014b49   Thumb Code   136  tasks.o(i.xTaskPriorityDisinherit)
    xTaskRemoveFromEventList                 0x08014bfd   Thumb Code   102  tasks.o(i.xTaskRemoveFromEventList)
    xTaskResumeAll                           0x08014c95   Thumb Code   180  tasks.o(i.xTaskResumeAll)
    xTimerCreate                             0x08014d79   Thumb Code    74  timers_1.o(i.xTimerCreate)
    xTimerCreateTimerTask                    0x08014ded   Thumb Code    58  timers_1.o(i.xTimerCreateTimerTask)
    xTimerGenericCommand                     0x08014e61   Thumb Code    98  timers_1.o(i.xTimerGenericCommand)
    __aeabi_d2uiz                            0x08014ef1   Thumb Code     0  dfixu.o(x$fpl$dfixu)
    _dfixu                                   0x08014ef1   Thumb Code    90  dfixu.o(x$fpl$dfixu)
    __aeabi_ui2d                             0x08014f4b   Thumb Code     0  dflt_clz.o(x$fpl$dfltu)
    _dfltu                                   0x08014f4b   Thumb Code    38  dflt_clz.o(x$fpl$dfltu)
    __aeabi_dmul                             0x08014f71   Thumb Code     0  dmul.o(x$fpl$dmul)
    _dmul                                    0x08014f71   Thumb Code   332  dmul.o(x$fpl$dmul)
    __fpl_dnaninf                            0x080150c5   Thumb Code   156  dnaninf.o(x$fpl$dnaninf)
    __fpl_dretinf                            0x08015161   Thumb Code    12  dretinf.o(x$fpl$dretinf)
    _fp_init                                 0x0801516d   Thumb Code    10  fpinit.o(x$fpl$fpinit)
    __fplib_config_fpu_vfp                   0x08015175   Thumb Code     0  fpinit.o(x$fpl$fpinit)
    __fplib_config_pureend_doubles           0x08015175   Thumb Code     0  fpinit.o(x$fpl$fpinit)
    __I$use$fp                               0x08015176   Number         0  usenofp.o(x$fpl$usenofp)
    asc2_1206                                0x08015176   Data        1140  lcd.o(.constdata)
    asc2_1608                                0x080155ea   Data        1520  lcd.o(.constdata)
    asc2_2412                                0x08015bda   Data        3420  lcd.o(.constdata)
    ov2640_sxga_init_reg_tbl                 0x08016936   Data         356  ov2640.o(.constdata)
    ov2640_jpeg_reg_tbl                      0x08016a9a   Data          14  ov2640.o(.constdata)
    ov2640_rgb565_reg_tbl                    0x08016aa8   Data          28  ov2640.o(.constdata)
    ov2640_yuv422_reg_tbl                    0x08016ac4   Data          16  ov2640.o(.constdata)
    ethbroadcast                             0x08016afc   Data           6  etharp.o(.constdata)
    ethzero                                  0x08016b02   Data           6  etharp.o(.constdata)
    ip_addr_any                              0x08016b08   Data           4  ip_addr.o(.constdata)
    ip_addr_broadcast                        0x08016b0c   Data           4  ip_addr.o(.constdata)
    tcp_persist_backoff                      0x08016b48   Data           7  tcp.o(.constdata)
    tcp_state_str                            0x08016b50   Data          44  tcp.o(.constdata)
    tcp_backoff                              0x08016b7c   Data          13  tcp.o(.constdata)
    tcp_pcb_lists                            0x08016b8c   Data          16  tcp.o(.constdata)
    NullValue                                0x08016b9c   Data           4  sys_arch.o(.constdata)
    Region$$Table$$Base                      0x080170b8   Number         0  anon$$obj.o(Region$$Table)
    Region$$Table$$Limit                     0x080170d8   Number         0  anon$$obj.o(Region$$Table)
    SystemCoreClock                          0x20000000   Data           4  system_stm32f4xx.o(.data)
    AHBPrescTable                            0x20000004   Data          16  system_stm32f4xx.o(.data)
    ov2640_mode                              0x20000014   Data           1  mr_cv.o(.data)
    jpeg_data_ok                             0x20000015   Data           1  mr_cv.o(.data)
    jpeg_data_len                            0x20000018   Data           4  mr_cv.o(.data)
    StartTask_Handler                        0x2000001c   Data           4  mr_task.o(.data)
    TcpClientTask_Handler                    0x20000020   Data           4  mr_task.o(.data)
    POINT_COLOR                              0x20000024   Data           2  lcd.o(.data)
    BACK_COLOR                               0x20000026   Data           2  lcd.o(.data)
    ov_frame                                 0x20000028   Data           1  dcmi.o(.data)
    USART_RX_STA                             0x2000002e   Data           2  usart.o(.data)
    __stdout                                 0x20000030   Data           4  usart.o(.data)
    DMATxDescToSet                           0x20000044   Data           4  stm32f4x7_eth.o(.data)
    DMARxDescToGet                           0x20000048   Data           4  stm32f4x7_eth.o(.data)
    DMA_RX_FRAME_infos                       0x2000004c   Data           4  stm32f4x7_eth.o(.data)
    sys_cmd_tab                              0x20000050   Data          28  usmart.o(.data)
    usmart_nametab                           0x2000006c   Data         168  usmart_config.o(.data)
    usmart_dev                               0x20000114   Data         244  usmart_config.o(.data)
    current_netif                            0x2000021c   Data           4  ip.o(.data)
    current_header                           0x20000220   Data           4  ip.o(.data)
    current_iphdr_src                        0x20000224   Data           4  ip.o(.data)
    current_iphdr_dest                       0x20000228   Data           4  ip.o(.data)
    netif_list                               0x2000023c   Data           4  netif.o(.data)
    netif_default                            0x20000240   Data           4  netif.o(.data)
    tcp_active_pcbs_changed                  0x20000248   Data           1  tcp.o(.data)
    tcp_ticks                                0x20000254   Data           4  tcp.o(.data)
    tcp_bound_pcbs                           0x20000258   Data           4  tcp.o(.data)
    tcp_listen_pcbs                          0x2000025c   Data           4  tcp.o(.data)
    tcp_active_pcbs                          0x20000260   Data           4  tcp.o(.data)
    tcp_tw_pcbs                              0x20000264   Data           4  tcp.o(.data)
    tcp_tmp_pcb                              0x20000268   Data           4  tcp.o(.data)
    tcp_input_pcb                            0x20000284   Data           4  tcp_in.o(.data)
    udp_pcbs                                 0x20000294   Data           4  udp.o(.data)
    pxCurrentTCB                             0x200002c4   Data           4  tasks.o(.data)
    lcddev                                   0x20000338   Data          14  lcd.o(.bss)
    DCMI_InitStructure                       0x20000346   Data          14  dcmi.o(.bss)
    USART_RX_BUF                             0x20000354   Data         200  usart.o(.bss)
    RX_Frame_Descriptor                      0x2000041c   Data          12  stm32f4x7_eth.o(.bss)
    dhcp_rx_options_val                      0x200004f0   Data          40  dhcp.o(.bss)
    dhcp_rx_options_given                    0x20000518   Data          10  dhcp.o(.bss)
    ram_heap                                 0x20003d68   Data       16020  mem.o(.bss)
    eth0                                     0x20007bfc   Data          52  sys_eth.o(.bss)
    xQueueRegistry                           0x20007c30   Data          64  queue.o(.bss)
    __libspace_start                         0x2000cf7c   Data          96  libspace.o(.bss)
    __temporary_stack_top$libspace           0x2000cfdc   Data           0  libspace.o(.bss)



==============================================================================

Memory Map of the image

  Image Entry point : 0x08000189

  Load Region LR_IROM1 (Base: 0x08000000, Size: 0x00017410, Max: 0x00100000, ABSOLUTE, COMPRESSED[0x000171c0])

    Execution Region ER_IROM1 (Exec base: 0x08000000, Load base: 0x08000000, Size: 0x000170d8, Max: 0x00100000, ABSOLUTE)

    Exec Addr    Load Addr    Size         Type   Attr      Idx    E Section Name        Object

    0x08000000   0x08000000   0x00000188   Data   RO         1122    RESET               startup_stm32f40_41xxx.o
    0x08000188   0x08000188   0x00000008   Code   RO         7641  * !!!main             c_w.l(__main.o)
    0x08000190   0x08000190   0x00000034   Code   RO         7834    !!!scatter          c_w.l(__scatter.o)
    0x080001c4   0x080001c4   0x0000005a   Code   RO         7832    !!dczerorl2         c_w.l(__dczerorl2.o)
    0x0800021e   0x0800021e   0x00000002   PAD
    0x08000220   0x08000220   0x0000001c   Code   RO         7836    !!handler_zi        c_w.l(__scatter_zi.o)
    0x0800023c   0x0800023c   0x00000000   Code   RO         7624    .ARM.Collect$$_printf_percent$$00000000  c_w.l(_printf_percent.o)
    0x0800023c   0x0800023c   0x00000006   Code   RO         7622    .ARM.Collect$$_printf_percent$$00000009  c_w.l(_printf_d.o)
    0x08000242   0x08000242   0x00000006   Code   RO         7623    .ARM.Collect$$_printf_percent$$0000000A  c_w.l(_printf_u.o)
    0x08000248   0x08000248   0x00000006   Code   RO         7621    .ARM.Collect$$_printf_percent$$0000000C  c_w.l(_printf_x.o)
    0x0800024e   0x0800024e   0x00000006   Code   RO         7619    .ARM.Collect$$_printf_percent$$00000013  c_w.l(_printf_c.o)
    0x08000254   0x08000254   0x00000006   Code   RO         7620    .ARM.Collect$$_printf_percent$$00000014  c_w.l(_printf_s.o)
    0x0800025a   0x0800025a   0x00000004   Code   RO         7668    .ARM.Collect$$_printf_percent$$00000017  c_w.l(_printf_percent_end.o)
    0x0800025e   0x0800025e   0x00000002   Code   RO         7706    .ARM.Collect$$libinit$$00000000  c_w.l(libinit.o)
    0x08000260   0x08000260   0x00000004   Code   RO         7712    .ARM.Collect$$libinit$$00000001  c_w.l(libinit2.o)
    0x08000264   0x08000264   0x00000000   Code   RO         7715    .ARM.Collect$$libinit$$00000004  c_w.l(libinit2.o)
    0x08000264   0x08000264   0x00000000   Code   RO         7718    .ARM.Collect$$libinit$$0000000A  c_w.l(libinit2.o)
    0x08000264   0x08000264   0x00000000   Code   RO         7720    .ARM.Collect$$libinit$$0000000C  c_w.l(libinit2.o)
    0x08000264   0x08000264   0x00000000   Code   RO         7722    .ARM.Collect$$libinit$$0000000E  c_w.l(libinit2.o)
    0x08000264   0x08000264   0x00000000   Code   RO         7725    .ARM.Collect$$libinit$$00000011  c_w.l(libinit2.o)
    0x08000264   0x08000264   0x00000000   Code   RO         7727    .ARM.Collect$$libinit$$00000013  c_w.l(libinit2.o)
    0x08000264   0x08000264   0x00000000   Code   RO         7729    .ARM.Collect$$libinit$$00000015  c_w.l(libinit2.o)
    0x08000264   0x08000264   0x00000000   Code   RO         7731    .ARM.Collect$$libinit$$00000017  c_w.l(libinit2.o)
    0x08000264   0x08000264   0x00000000   Code   RO         7733    .ARM.Collect$$libinit$$00000019  c_w.l(libinit2.o)
    0x08000264   0x08000264   0x00000000   Code   RO         7735    .ARM.Collect$$libinit$$0000001B  c_w.l(libinit2.o)
    0x08000264   0x08000264   0x00000000   Code   RO         7737    .ARM.Collect$$libinit$$0000001D  c_w.l(libinit2.o)
    0x08000264   0x08000264   0x00000000   Code   RO         7739    .ARM.Collect$$libinit$$0000001F  c_w.l(libinit2.o)
    0x08000264   0x08000264   0x00000000   Code   RO         7741    .ARM.Collect$$libinit$$00000021  c_w.l(libinit2.o)
    0x08000264   0x08000264   0x00000000   Code   RO         7743    .ARM.Collect$$libinit$$00000023  c_w.l(libinit2.o)
    0x08000264   0x08000264   0x00000000   Code   RO         7745    .ARM.Collect$$libinit$$00000025  c_w.l(libinit2.o)
    0x08000264   0x08000264   0x00000000   Code   RO         7749    .ARM.Collect$$libinit$$0000002C  c_w.l(libinit2.o)
    0x08000264   0x08000264   0x00000000   Code   RO         7751    .ARM.Collect$$libinit$$0000002E  c_w.l(libinit2.o)
    0x08000264   0x08000264   0x00000000   Code   RO         7753    .ARM.Collect$$libinit$$00000030  c_w.l(libinit2.o)
    0x08000264   0x08000264   0x00000000   Code   RO         7755    .ARM.Collect$$libinit$$00000032  c_w.l(libinit2.o)
    0x08000264   0x08000264   0x00000002   Code   RO         7756    .ARM.Collect$$libinit$$00000033  c_w.l(libinit2.o)
    0x08000266   0x08000266   0x00000002   Code   RO         7774    .ARM.Collect$$libshutdown$$00000000  c_w.l(libshutdown.o)
    0x08000268   0x08000268   0x00000000   Code   RO         7784    .ARM.Collect$$libshutdown$$00000002  c_w.l(libshutdown2.o)
    0x08000268   0x08000268   0x00000000   Code   RO         7786    .ARM.Collect$$libshutdown$$00000004  c_w.l(libshutdown2.o)
    0x08000268   0x08000268   0x00000000   Code   RO         7789    .ARM.Collect$$libshutdown$$00000007  c_w.l(libshutdown2.o)
    0x08000268   0x08000268   0x00000000   Code   RO         7792    .ARM.Collect$$libshutdown$$0000000A  c_w.l(libshutdown2.o)
    0x08000268   0x08000268   0x00000000   Code   RO         7794    .ARM.Collect$$libshutdown$$0000000C  c_w.l(libshutdown2.o)
    0x08000268   0x08000268   0x00000000   Code   RO         7797    .ARM.Collect$$libshutdown$$0000000F  c_w.l(libshutdown2.o)
    0x08000268   0x08000268   0x00000002   Code   RO         7798    .ARM.Collect$$libshutdown$$00000010  c_w.l(libshutdown2.o)
    0x0800026a   0x0800026a   0x00000000   Code   RO         7657    .ARM.Collect$$rtentry$$00000000  c_w.l(__rtentry.o)
    0x0800026a   0x0800026a   0x00000000   Code   RO         7677    .ARM.Collect$$rtentry$$00000002  c_w.l(__rtentry2.o)
    0x0800026a   0x0800026a   0x00000006   Code   RO         7689    .ARM.Collect$$rtentry$$00000004  c_w.l(__rtentry4.o)
    0x08000270   0x08000270   0x00000000   Code   RO         7679    .ARM.Collect$$rtentry$$00000009  c_w.l(__rtentry2.o)
    0x08000270   0x08000270   0x00000004   Code   RO         7680    .ARM.Collect$$rtentry$$0000000A  c_w.l(__rtentry2.o)
    0x08000274   0x08000274   0x00000000   Code   RO         7682    .ARM.Collect$$rtentry$$0000000C  c_w.l(__rtentry2.o)
    0x08000274   0x08000274   0x00000008   Code   RO         7683    .ARM.Collect$$rtentry$$0000000D  c_w.l(__rtentry2.o)
    0x0800027c   0x0800027c   0x00000002   Code   RO         7710    .ARM.Collect$$rtexit$$00000000  c_w.l(rtexit.o)
    0x0800027e   0x0800027e   0x00000000   Code   RO         7758    .ARM.Collect$$rtexit$$00000002  c_w.l(rtexit2.o)
    0x0800027e   0x0800027e   0x00000004   Code   RO         7759    .ARM.Collect$$rtexit$$00000003  c_w.l(rtexit2.o)
    0x08000282   0x08000282   0x00000006   Code   RO         7760    .ARM.Collect$$rtexit$$00000004  c_w.l(rtexit2.o)
    0x08000288   0x08000288   0x000000b6   Code   RO         7418    .emb_text           port.o
    0x0800033e   0x0800033e   0x00000002   PAD
    0x08000340   0x08000340   0x00000040   Code   RO         1123    .text               startup_stm32f40_41xxx.o
    0x08000380   0x08000380   0x00000002   Code   RO         7560    .text               c_w.l(use_no_semi_2.o)
    0x08000382   0x08000382   0x00000002   PAD
    0x08000384   0x08000384   0x00000018   Code   RO         7566    .text               c_w.l(noretval__2printf.o)
    0x0800039c   0x0800039c   0x00000028   Code   RO         7568    .text               c_w.l(noretval__2sprintf.o)
    0x080003c4   0x080003c4   0x0000004e   Code   RO         7572    .text               c_w.l(_printf_pad.o)
    0x08000412   0x08000412   0x00000052   Code   RO         7574    .text               c_w.l(_printf_str.o)
    0x08000464   0x08000464   0x00000078   Code   RO         7576    .text               c_w.l(_printf_dec.o)
    0x080004dc   0x080004dc   0x00000058   Code   RO         7581    .text               c_w.l(_printf_hex_int.o)
    0x08000534   0x08000534   0x00000188   Code   RO         7616    .text               c_w.l(__printf_flags_ss_wp.o)
    0x080006bc   0x080006bc   0x00000058   Code   RO         7625    .text               c_w.l(memcmp.o)
    0x08000714   0x08000714   0x0000008a   Code   RO         7631    .text               c_w.l(rt_memcpy_v6.o)
    0x0800079e   0x0800079e   0x00000010   Code   RO         7633    .text               c_w.l(aeabi_memset.o)
    0x080007ae   0x080007ae   0x00000044   Code   RO         7635    .text               c_w.l(rt_memclr.o)
    0x080007f2   0x080007f2   0x0000004e   Code   RO         7637    .text               c_w.l(rt_memclr_w.o)
    0x08000840   0x08000840   0x00000006   Code   RO         7639    .text               c_w.l(heapauxi.o)
    0x08000846   0x08000846   0x00000002   Code   RO         7655    .text               c_w.l(use_no_semi.o)
    0x08000848   0x08000848   0x000000b2   Code   RO         7658    .text               c_w.l(_printf_intcommon.o)
    0x080008fa   0x080008fa   0x00000002   PAD
    0x080008fc   0x080008fc   0x00000030   Code   RO         7660    .text               c_w.l(_printf_char_common.o)
    0x0800092c   0x0800092c   0x0000000a   Code   RO         7662    .text               c_w.l(_sputc.o)
    0x08000936   0x08000936   0x0000002c   Code   RO         7664    .text               c_w.l(_printf_char.o)
    0x08000962   0x08000962   0x00000002   PAD
    0x08000964   0x08000964   0x00000024   Code   RO         7666    .text               c_w.l(_printf_char_file.o)
    0x08000988   0x08000988   0x00000064   Code   RO         7669    .text               c_w.l(rt_memcpy_w.o)
    0x080009ec   0x080009ec   0x00000008   Code   RO         7693    .text               c_w.l(ferror.o)
    0x080009f4   0x080009f4   0x0000004a   Code   RO         7697    .text               c_w.l(sys_stackheap_outer.o)
    0x08000a3e   0x08000a3e   0x00000012   Code   RO         7699    .text               c_w.l(exit.o)
    0x08000a50   0x08000a50   0x00000008   Code   RO         7707    .text               c_w.l(libspace.o)
    0x08000a58   0x08000a58   0x00000002   Code   RO          217    i.BusFault_Handler  stm32f4xx_it.o
    0x08000a5a   0x08000a5a   0x00000002   PAD
    0x08000a5c   0x08000a5c   0x00000040   Code   RO          676    i.DCMI_CR_Set       dcmi.o
    0x08000a9c   0x08000a9c   0x0000001c   Code   RO         3297    i.DCMI_CaptureCmd   stm32f4xx_dcmi.o
    0x08000ab8   0x08000ab8   0x0000000c   Code   RO         3299    i.DCMI_ClearITPendingBit  stm32f4xx_dcmi.o
    0x08000ac4   0x08000ac4   0x0000001c   Code   RO         3300    i.DCMI_Cmd          stm32f4xx_dcmi.o
    0x08000ae0   0x08000ae0   0x0000001c   Code   RO         3301    i.DCMI_DeInit       stm32f4xx_dcmi.o
    0x08000afc   0x08000afc   0x00000014   Code   RO         3303    i.DCMI_GetITStatus  stm32f4xx_dcmi.o
    0x08000b10   0x08000b10   0x0000003c   Code   RO          678    i.DCMI_IRQHandler   dcmi.o
    0x08000b4c   0x08000b4c   0x0000003c   Code   RO         3305    i.DCMI_Init         stm32f4xx_dcmi.o
    0x08000b88   0x08000b88   0x00000050   Code   RO          679    i.DCMI_Set_Window   dcmi.o
    0x08000bd8   0x08000bd8   0x00000024   Code   RO          681    i.DCMI_Stop         dcmi.o
    0x08000bfc   0x08000bfc   0x00000014   Code   RO         3401    i.DMA_Cmd           stm32f4xx_dma.o
    0x08000c10   0x08000c10   0x0000000e   Code   RO         3406    i.DMA_GetCmdStatus  stm32f4xx_dma.o
    0x08000c1e   0x08000c1e   0x00000006   Code   RO         3407    i.DMA_GetCurrDataCounter  stm32f4xx_dma.o
    0x08000c24   0x08000c24   0x00000004   Code   RO         3416    i.DMA_SetCurrDataCounter  stm32f4xx_dma.o
    0x08000c28   0x08000c28   0x00000002   Code   RO          218    i.DebugMon_Handler  stm32f4xx_it.o
    0x08000c2a   0x08000c2a   0x00000002   PAD
    0x08000c2c   0x08000c2c   0x0000000c   Code   RO         2772    i.ETH_DMAClearITPendingBit  stm32f4x7_eth.o
    0x08000c38   0x08000c38   0x00000018   Code   RO         2773    i.ETH_DMAITConfig   stm32f4x7_eth.o
    0x08000c50   0x08000c50   0x0000001c   Code   RO         2774    i.ETH_DMAReceptionCmd  stm32f4x7_eth.o
    0x08000c6c   0x08000c6c   0x00000058   Code   RO         2775    i.ETH_DMARxDescChainInit  stm32f4x7_eth.o
    0x08000cc4   0x08000cc4   0x0000001c   Code   RO         2777    i.ETH_DMATransmissionCmd  stm32f4x7_eth.o
    0x08000ce0   0x08000ce0   0x00000048   Code   RO         2780    i.ETH_DMATxDescChainInit  stm32f4x7_eth.o
    0x08000d28   0x08000d28   0x00000008   Code   RO         2781    i.ETH_DMATxDescChecksumInsertionConfig  stm32f4x7_eth.o
    0x08000d30   0x08000d30   0x00000018   Code   RO         2786    i.ETH_DeInit        stm32f4x7_eth.o
    0x08000d48   0x08000d48   0x00000012   Code   RO         2787    i.ETH_Delay         stm32f4x7_eth.o
    0x08000d5a   0x08000d5a   0x00000002   PAD
    0x08000d5c   0x08000d5c   0x00000010   Code   RO         2789    i.ETH_FlushTransmitFIFO  stm32f4x7_eth.o
    0x08000d6c   0x08000d6c   0x0000001e   Code   RO         2814    i.ETH_GetRxPktSize  stm32f4x7_eth.o
    0x08000d8a   0x08000d8a   0x00000002   PAD
    0x08000d8c   0x08000d8c   0x00000014   Code   RO         2815    i.ETH_GetSoftwareResetStatus  stm32f4x7_eth.o
    0x08000da0   0x08000da0   0x00000030   Code   RO         5727    i.ETH_IRQHandler    sys_eth.o
    0x08000dd0   0x08000dd0   0x00000240   Code   RO         2820    i.ETH_Init          stm32f4x7_eth.o
    0x08001010   0x08001010   0x0000001c   Code   RO         2822    i.ETH_MACAddressConfig  stm32f4x7_eth.o
    0x0800102c   0x0800102c   0x0000001c   Code   RO         2827    i.ETH_MACReceptionCmd  stm32f4x7_eth.o
    0x08001048   0x08001048   0x0000001c   Code   RO         2828    i.ETH_MACTransmissionCmd  stm32f4x7_eth.o
    0x08001064   0x08001064   0x00000058   Code   RO         2840    i.ETH_ReadPHYRegister  stm32f4x7_eth.o
    0x080010bc   0x080010bc   0x00000010   Code   RO         2848    i.ETH_SoftwareReset  stm32f4x7_eth.o
    0x080010cc   0x080010cc   0x00000022   Code   RO         2849    i.ETH_Start         stm32f4x7_eth.o
    0x080010ee   0x080010ee   0x00000088   Code   RO         2850    i.ETH_StructInit    stm32f4x7_eth.o
    0x08001176   0x08001176   0x00000002   PAD
    0x08001178   0x08001178   0x00000054   Code   RO         2852    i.ETH_WritePHYRegister  stm32f4x7_eth.o
    0x080011cc   0x080011cc   0x0000002c   Code   RO         5566    i.Enter_Critical    sys_arch.o
    0x080011f8   0x080011f8   0x00000018   Code   RO         5567    i.Exit_Critical     sys_arch.o
    0x08001210   0x08001210   0x00000020   Code   RO         2649    i.FSMC_NORSRAMCmd   stm32f4xx_fsmc.o
    0x08001230   0x08001230   0x000000c8   Code   RO         2651    i.FSMC_NORSRAMInit  stm32f4xx_fsmc.o
    0x080012f8   0x080012f8   0x00000078   Code   RO         2541    i.GPIO_Init         stm32f4xx_gpio.o
    0x08001370   0x08001370   0x00000020   Code   RO         2542    i.GPIO_PinAFConfig  stm32f4xx_gpio.o
    0x08001390   0x08001390   0x00000004   Code   RO         2548    i.GPIO_ResetBits    stm32f4xx_gpio.o
    0x08001394   0x08001394   0x00000004   Code   RO         2549    i.GPIO_SetBits      stm32f4xx_gpio.o
    0x08001398   0x08001398   0x00000002   Code   RO          219    i.HardFault_Handler  stm32f4xx_it.o
    0x0800139a   0x0800139a   0x00000002   PAD
    0x0800139c   0x0800139c   0x00000044   Code   RO          922    i.KEY_Init          key.o
    0x080013e0   0x080013e0   0x0000006c   Code   RO          468    i.LCD_Clear         lcd.o
    0x0800144c   0x0800144c   0x00000134   Code   RO          472    i.LCD_Display_Dir   lcd.o
    0x08001580   0x08001580   0x00000110   Code   RO          477    i.LCD_Fast_DrawPoint  lcd.o
    0x08001690   0x08001690   0x0000008c   Code   RO          478    i.LCD_Fill          lcd.o
    0x0800171c   0x0800171c   0x00003724   Code   RO          479    i.LCD_Init          lcd.o
    0x08004e40   0x08004e40   0x00000014   Code   RO          481    i.LCD_RD_DATA       lcd.o
    0x08004e54   0x08004e54   0x00000014   Code   RO          483    i.LCD_ReadReg       lcd.o
    0x08004e68   0x08004e68   0x00000050   Code   RO          484    i.LCD_SSD_BackLightSet  lcd.o
    0x08004eb8   0x08004eb8   0x00000204   Code   RO          485    i.LCD_Scan_Dir      lcd.o
    0x080050bc   0x080050bc   0x00000150   Code   RO          486    i.LCD_SetCursor     lcd.o
    0x0800520c   0x0800520c   0x000001d8   Code   RO          487    i.LCD_Set_Window    lcd.o
    0x080053e4   0x080053e4   0x000000cc   Code   RO          488    i.LCD_ShowChar      lcd.o
    0x080054b0   0x080054b0   0x00000054   Code   RO          490    i.LCD_ShowString    lcd.o
    0x08005504   0x08005504   0x00000018   Code   RO          492    i.LCD_WR_DATA       lcd.o
    0x0800551c   0x0800551c   0x00000018   Code   RO          493    i.LCD_WR_REG        lcd.o
    0x08005534   0x08005534   0x00000014   Code   RO          495    i.LCD_WriteRAM_Prepare  lcd.o
    0x08005548   0x08005548   0x0000000c   Code   RO          496    i.LCD_WriteReg      lcd.o
    0x08005554   0x08005554   0x00000040   Code   RO          409    i.LED_Init          led.o
    0x08005594   0x08005594   0x00000128   Code   RO          362    i.MR_start          mr_task.o
    0x080056bc   0x080056bc   0x00000002   Code   RO          220    i.MemManage_Handler  stm32f4xx_it.o
    0x080056be   0x080056be   0x00000002   Code   RO          221    i.NMI_Handler       stm32f4xx_it.o
    0x080056c0   0x080056c0   0x00000064   Code   RO         1129    i.NVIC_Init         misc.o
    0x08005724   0x08005724   0x00000014   Code   RO         1130    i.NVIC_PriorityGroupConfig  misc.o
    0x08005738   0x08005738   0x00000028   Code   RO          736    i.OV2640_Auto_Exposure  ov2640.o
    0x08005760   0x08005760   0x0000003a   Code   RO          737    i.OV2640_Brightness  ov2640.o
    0x0800579a   0x0800579a   0x00000026   Code   RO          738    i.OV2640_Color_Bar  ov2640.o
    0x080057c0   0x080057c0   0x00000040   Code   RO          739    i.OV2640_Color_Saturation  ov2640.o
    0x08005800   0x08005800   0x00000070   Code   RO          740    i.OV2640_Contrast   ov2640.o
    0x08005870   0x08005870   0x0000004e   Code   RO          741    i.OV2640_ImageSize_Set  ov2640.o
    0x080058be   0x080058be   0x00000088   Code   RO          742    i.OV2640_ImageWin_Set  ov2640.o
    0x08005946   0x08005946   0x00000002   PAD
    0x08005948   0x08005948   0x000000f4   Code   RO          743    i.OV2640_Init       ov2640.o
    0x08005a3c   0x08005a3c   0x00000040   Code   RO          744    i.OV2640_JPEG_Mode  ov2640.o
    0x08005a7c   0x08005a7c   0x00000064   Code   RO          745    i.OV2640_Light_Mode  ov2640.o
    0x08005ae0   0x08005ae0   0x00000054   Code   RO          746    i.OV2640_OutSize_Set  ov2640.o
    0x08005b34   0x08005b34   0x00000024   Code   RO          747    i.OV2640_RGB565_Mode  ov2640.o
    0x08005b58   0x08005b58   0x00000070   Code   RO          748    i.OV2640_Special_Effects  ov2640.o
    0x08005bc8   0x08005bc8   0x0000007c   Code   RO          749    i.OV2640_Window_Set  ov2640.o
    0x08005c44   0x08005c44   0x00000018   Code   RO         1415    i.RCC_AHB1PeriphClockCmd  stm32f4xx_rcc.o
    0x08005c5c   0x08005c5c   0x00000018   Code   RO         1417    i.RCC_AHB1PeriphResetCmd  stm32f4xx_rcc.o
    0x08005c74   0x08005c74   0x00000018   Code   RO         1421    i.RCC_AHB3PeriphClockCmd  stm32f4xx_rcc.o
    0x08005c8c   0x08005c8c   0x00000018   Code   RO         1424    i.RCC_APB1PeriphClockCmd  stm32f4xx_rcc.o
    0x08005ca4   0x08005ca4   0x00000018   Code   RO         1427    i.RCC_APB2PeriphClockCmd  stm32f4xx_rcc.o
    0x08005cbc   0x08005cbc   0x00000090   Code   RO         1436    i.RCC_GetClocksFreq  stm32f4xx_rcc.o
    0x08005d4c   0x08005d4c   0x0000004c   Code   RO          841    i.SCCB_Init         sccb.o
    0x08005d98   0x08005d98   0x00000038   Code   RO          842    i.SCCB_No_Ack       sccb.o
    0x08005dd0   0x08005dd0   0x00000068   Code   RO          843    i.SCCB_RD_Byte      sccb.o
    0x08005e38   0x08005e38   0x0000004c   Code   RO          844    i.SCCB_RD_Reg       sccb.o
    0x08005e84   0x08005e84   0x0000002c   Code   RO          845    i.SCCB_Start        sccb.o
    0x08005eb0   0x08005eb0   0x00000030   Code   RO          846    i.SCCB_Stop         sccb.o
    0x08005ee0   0x08005ee0   0x00000084   Code   RO          847    i.SCCB_WR_Byte      sccb.o
    0x08005f64   0x08005f64   0x0000003e   Code   RO          848    i.SCCB_WR_Reg       sccb.o
    0x08005fa2   0x08005fa2   0x00000002   PAD
    0x08005fa4   0x08005fa4   0x0000000c   Code   RO         1751    i.SYSCFG_ETH_MediaInterfaceConfig  stm32f4xx_syscfg.o
    0x08005fb0   0x08005fb0   0x000000b4   Code   RO          296    i.SetSysClock       system_stm32f4xx.o
    0x08006064   0x08006064   0x00000018   Code   RO         1133    i.SysTick_CLKSourceConfig  misc.o
    0x0800607c   0x0800607c   0x00000014   Code   RO          995    i.SysTick_Handler   delay.o
    0x08006090   0x08006090   0x0000005c   Code   RO          298    i.SystemInit        system_stm32f4xx.o
    0x080060ec   0x080060ec   0x0000003c   Code   RO          429    i.TIM3_IRQHandler   timer.o
    0x08006128   0x08006128   0x0000003c   Code   RO         3527    i.TIM4_IRQHandler   usmart.o
    0x08006164   0x08006164   0x0000003c   Code   RO          431    i.TIM5_IRQHandler   timer.o
    0x080061a0   0x080061a0   0x00000006   Code   RO         1813    i.TIM_ClearFlag     stm32f4xx_tim.o
    0x080061a6   0x080061a6   0x00000006   Code   RO         1814    i.TIM_ClearITPendingBit  stm32f4xx_tim.o
    0x080061ac   0x080061ac   0x00000014   Code   RO         1819    i.TIM_Cmd           stm32f4xx_tim.o
    0x080061c0   0x080061c0   0x00000004   Code   RO         1838    i.TIM_GetCounter    stm32f4xx_tim.o
    0x080061c4   0x080061c4   0x0000000e   Code   RO         1839    i.TIM_GetFlagStatus  stm32f4xx_tim.o
    0x080061d2   0x080061d2   0x00000018   Code   RO         1840    i.TIM_GetITStatus   stm32f4xx_tim.o
    0x080061ea   0x080061ea   0x00000010   Code   RO         1844    i.TIM_ITConfig      stm32f4xx_tim.o
    0x080061fa   0x080061fa   0x00000004   Code   RO         1879    i.TIM_SetAutoreload  stm32f4xx_tim.o
    0x080061fe   0x080061fe   0x00000004   Code   RO         1885    i.TIM_SetCounter    stm32f4xx_tim.o
    0x08006202   0x08006202   0x00000002   PAD
    0x08006204   0x08006204   0x0000007c   Code   RO         1891    i.TIM_TimeBaseInit  stm32f4xx_tim.o
    0x08006280   0x08006280   0x0000005c   Code   RO         3528    i.Timer4_Init       usmart.o
    0x080062dc   0x080062dc   0x00000064   Code   RO         1069    i.USART1_IRQHandler  usart.o
    0x08006340   0x08006340   0x00000014   Code   RO         2356    i.USART_Cmd         stm32f4xx_usart.o
    0x08006354   0x08006354   0x0000003e   Code   RO         2360    i.USART_GetITStatus  stm32f4xx_usart.o
    0x08006392   0x08006392   0x00000030   Code   RO         2362    i.USART_ITConfig    stm32f4xx_usart.o
    0x080063c2   0x080063c2   0x00000002   PAD
    0x080063c4   0x080063c4   0x000000ac   Code   RO         2363    i.USART_Init        stm32f4xx_usart.o
    0x08006470   0x08006470   0x00000008   Code   RO         2370    i.USART_ReceiveData  stm32f4xx_usart.o
    0x08006478   0x08006478   0x00000002   Code   RO          222    i.UsageFault_Handler  stm32f4xx_it.o
    0x0800647a   0x0800647a   0x0000000e   Code   RO         7609    i._is_digit         c_w.l(__printf_wp.o)
    0x08006488   0x08006488   0x00000002   Code   RO         1070    i._sys_exit         usart.o
    0x0800648a   0x0800648a   0x00000002   PAD
    0x0800648c   0x0800648c   0x0000003c   Code   RO         5728    i.arp_output        sys_eth.o
    0x080064c8   0x080064c8   0x0000001c   Code   RO         5318    i.arp_timer         timers.o
    0x080064e4   0x080064e4   0x00000038   Code   RO          996    i.delay_init        delay.o
    0x0800651c   0x0800651c   0x00000038   Code   RO          997    i.delay_ms          delay.o
    0x08006554   0x08006554   0x00000034   Code   RO          998    i.delay_us          delay.o
    0x08006588   0x08006588   0x0000008c   Code   RO         4341    i.dhcp_arp_reply    dhcp.o
    0x08006614   0x08006614   0x00000164   Code   RO         4342    i.dhcp_bind         dhcp.o
    0x08006778   0x08006778   0x00000030   Code   RO         4343    i.dhcp_check        dhcp.o
    0x080067a8   0x080067a8   0x00000060   Code   RO         4345    i.dhcp_coarse_tmr   dhcp.o
    0x08006808   0x08006808   0x0000029c   Code   RO         4346    i.dhcp_create_msg   dhcp.o
    0x08006aa4   0x08006aa4   0x00000078   Code   RO         4347    i.dhcp_decline      dhcp.o
    0x08006b1c   0x08006b1c   0x00000110   Code   RO         4348    i.dhcp_delete_msg   dhcp.o
    0x08006c2c   0x08006c2c   0x000000bc   Code   RO         4349    i.dhcp_discover     dhcp.o
    0x08006ce8   0x08006ce8   0x00000034   Code   RO         4350    i.dhcp_fine_tmr     dhcp.o
    0x08006d1c   0x08006d1c   0x0000005c   Code   RO         4351    i.dhcp_handle_ack   dhcp.o
    0x08006d78   0x08006d78   0x00000094   Code   RO         4354    i.dhcp_option       dhcp.o
    0x08006e0c   0x08006e0c   0x000000b8   Code   RO         4355    i.dhcp_option_byte  dhcp.o
    0x08006ec4   0x08006ec4   0x000000ec   Code   RO         4356    i.dhcp_option_long  dhcp.o
    0x08006fb0   0x08006fb0   0x00000090   Code   RO         4357    i.dhcp_option_short  dhcp.o
    0x08007040   0x08007040   0x00000148   Code   RO         4358    i.dhcp_option_trailer  dhcp.o
    0x08007188   0x08007188   0x00000374   Code   RO         4359    i.dhcp_parse_reply  dhcp.o
    0x080074fc   0x080074fc   0x00000088   Code   RO         4360    i.dhcp_rebind       dhcp.o
    0x08007584   0x08007584   0x000000a0   Code   RO         4361    i.dhcp_reboot       dhcp.o
    0x08007624   0x08007624   0x00000188   Code   RO         4362    i.dhcp_recv         dhcp.o
    0x080077ac   0x080077ac   0x000000a4   Code   RO         4363    i.dhcp_release      dhcp.o
    0x08007850   0x08007850   0x00000084   Code   RO         4364    i.dhcp_renew        dhcp.o
    0x080078d4   0x080078d4   0x000000e8   Code   RO         4365    i.dhcp_select       dhcp.o
    0x080079bc   0x080079bc   0x00000010   Code   RO         4366    i.dhcp_set_state    dhcp.o
    0x080079cc   0x080079cc   0x00000160   Code   RO         4368    i.dhcp_start        dhcp.o
    0x08007b2c   0x08007b2c   0x000000d4   Code   RO         4369    i.dhcp_stop         dhcp.o
    0x08007c00   0x08007c00   0x00000078   Code   RO         5729    i.dhcp_task         sys_eth.o
    0x08007c78   0x08007c78   0x00000088   Code   RO         4370    i.dhcp_timeout      dhcp.o
    0x08007d00   0x08007d00   0x0000001c   Code   RO         5319    i.dhcp_timer_coarse  timers.o
    0x08007d1c   0x08007d1c   0x0000001c   Code   RO         5320    i.dhcp_timer_fine   timers.o
    0x08007d38   0x08007d38   0x00000052   Code   RO         5980    i.do_bind           api_msg.o
    0x08007d8a   0x08007d8a   0x00000002   PAD
    0x08007d8c   0x08007d8c   0x00000118   Code   RO         5981    i.do_close          api_msg.o
    0x08007ea4   0x08007ea4   0x00000260   Code   RO         5982    i.do_close_internal  api_msg.o
    0x08008104   0x08008104   0x00000114   Code   RO         5983    i.do_connect        api_msg.o
    0x08008218   0x08008218   0x00000150   Code   RO         5984    i.do_connected      api_msg.o
    0x08008368   0x08008368   0x0000018c   Code   RO         5985    i.do_delconn        api_msg.o
    0x080084f4   0x080084f4   0x00000020   Code   RO         5989    i.do_newconn        api_msg.o
    0x08008514   0x08008514   0x00000044   Code   RO         5990    i.do_recv           api_msg.o
    0x08008558   0x08008558   0x000000fc   Code   RO         5992    i.do_write          api_msg.o
    0x08008654   0x08008654   0x00000294   Code   RO         5993    i.do_writemore      api_msg.o
    0x080088e8   0x080088e8   0x000001ac   Code   RO         5730    i.eht_init          sys_eth.o
    0x08008a94   0x08008a94   0x00000174   Code   RO         5994    i.err_tcp           api_msg.o
    0x08008c08   0x08008c08   0x00000044   Code   RO         5731    i.eth_default_ip_get  sys_eth.o
    0x08008c4c   0x08008c4c   0x00000060   Code   RO         5732    i.eth_init          sys_eth.o
    0x08008cac   0x08008cac   0x00000088   Code   RO         5733    i.eth_mac_dma_config  sys_eth.o
    0x08008d34   0x08008d34   0x0000007c   Code   RO         5734    i.eth_mem_malloc    sys_eth.o
    0x08008db0   0x08008db0   0x00000058   Code   RO         5735    i.eth_rx_packet     sys_eth.o
    0x08008e08   0x08008e08   0x00000044   Code   RO         5736    i.eth_tx_packet     sys_eth.o
    0x08008e4c   0x08008e4c   0x00000164   Code   RO         3816    i.etharp_arp_input  etharp.o
    0x08008fb0   0x08008fb0   0x00000030   Code   RO         3817    i.etharp_cleanup_netif  etharp.o
    0x08008fe0   0x08008fe0   0x0000023c   Code   RO         3819    i.etharp_find_entry  etharp.o
    0x0800921c   0x0800921c   0x0000003c   Code   RO         3820    i.etharp_free_entry  etharp.o
    0x08009258   0x08009258   0x000001b0   Code   RO         3821    i.etharp_output     etharp.o
    0x08009408   0x08009408   0x000000dc   Code   RO         3822    i.etharp_output_to_arp_index  etharp.o
    0x080094e4   0x080094e4   0x000001c4   Code   RO         3823    i.etharp_query      etharp.o
    0x080096a8   0x080096a8   0x00000178   Code   RO         3824    i.etharp_raw        etharp.o
    0x08009820   0x08009820   0x00000024   Code   RO         3825    i.etharp_request    etharp.o
    0x08009844   0x08009844   0x000000a0   Code   RO         3826    i.etharp_send_ip    etharp.o
    0x080098e4   0x080098e4   0x00000048   Code   RO         3827    i.etharp_tmr        etharp.o
    0x0800992c   0x0800992c   0x00000110   Code   RO         3828    i.etharp_update_arp_entry  etharp.o
    0x08009a3c   0x08009a3c   0x00000118   Code   RO         3829    i.ethernet_input    etharp.o
    0x08009b54   0x08009b54   0x000000ac   Code   RO         5737    i.ethernetif_init   sys_eth.o
    0x08009c00   0x08009c00   0x00000078   Code   RO         5738    i.ethernetif_input  sys_eth.o
    0x08009c78   0x08009c78   0x00000014   Code   RO         1071    i.fputc             usart.o
    0x08009c8c   0x08009c8c   0x00000008   Code   RO         3984    i.icmp_dest_unreach  icmp.o
    0x08009c94   0x08009c94   0x00000290   Code   RO         3985    i.icmp_input        icmp.o
    0x08009f24   0x08009f24   0x000000f8   Code   RO         3986    i.icmp_send_response  icmp.o
    0x0800a01c   0x0800a01c   0x00000008   Code   RO         3987    i.icmp_time_exceeded  icmp.o
    0x0800a024   0x0800a024   0x0000000c   Code   RO         4069    i.inet_chksum       inet_chksum.o
    0x0800a030   0x0800a030   0x00000048   Code   RO         4070    i.inet_chksum_pbuf  inet_chksum.o
    0x0800a078   0x0800a078   0x0000002e   Code   RO         4175    i.ip4_addr_isbroadcast  ip_addr.o
    0x0800a0a6   0x0800a0a6   0x00000002   PAD
    0x0800a0a8   0x0800a0a8   0x000001f8   Code   RO         4237    i.ip_frag           ip_frag.o
    0x0800a2a0   0x0800a2a0   0x00000084   Code   RO         4238    i.ip_frag_free_pbuf_custom_ref  ip_frag.o
    0x0800a324   0x0800a324   0x00000178   Code   RO         4112    i.ip_input          ip.o
    0x0800a49c   0x0800a49c   0x000000a8   Code   RO         4113    i.ip_output         ip.o
    0x0800a544   0x0800a544   0x00000164   Code   RO         4114    i.ip_output_if      ip.o
    0x0800a6a8   0x0800a6a8   0x000001a4   Code   RO         4239    i.ip_reass          ip_frag.o
    0x0800a84c   0x0800a84c   0x00000274   Code   RO         4240    i.ip_reass_chain_frag_into_datagram_and_validate  ip_frag.o
    0x0800aac0   0x0800aac0   0x000000ac   Code   RO         4241    i.ip_reass_dequeue_datagram  ip_frag.o
    0x0800ab6c   0x0800ab6c   0x00000184   Code   RO         4242    i.ip_reass_free_complete_datagram  ip_frag.o
    0x0800acf0   0x0800acf0   0x00000074   Code   RO         4243    i.ip_reass_remove_oldest_datagram  ip_frag.o
    0x0800ad64   0x0800ad64   0x0000001c   Code   RO         5321    i.ip_reass_timer    timers.o
    0x0800ad80   0x0800ad80   0x0000002c   Code   RO         4244    i.ip_reass_tmr      ip_frag.o
    0x0800adac   0x0800adac   0x00000040   Code   RO         4115    i.ip_route          ip.o
    0x0800adec   0x0800adec   0x0000008c   Code   RO         4245    i.ipfrag_free_pbuf_custom  ip_frag.o
    0x0800ae78   0x0800ae78   0x00000060   Code   RO          333    i.jpeg_data_process  mr_cv.o
    0x0800aed8   0x0800aed8   0x00000004   Code   RO         4304    i.lwip_htonl        def.o
    0x0800aedc   0x0800aedc   0x00000004   Code   RO         4305    i.lwip_htons        def.o
    0x0800aee0   0x0800aee0   0x00000026   Code   RO         4542    i.lwip_init         init.o
    0x0800af06   0x0800af06   0x00000004   Code   RO         4306    i.lwip_ntohl        def.o
    0x0800af0a   0x0800af0a   0x00000004   Code   RO         4307    i.lwip_ntohs        def.o
    0x0800af0e   0x0800af0e   0x00000002   Code   RO         6287    i.lwip_socket_init  sockets.o
    0x0800af10   0x0800af10   0x00000056   Code   RO         4073    i.lwip_standard_chksum  inet_chksum.o
    0x0800af66   0x0800af66   0x00000036   Code   RO            3    i.main              main.o
    0x0800af9c   0x0800af9c   0x00000130   Code   RO         5514    i.mem_free          mem.o
    0x0800b0cc   0x0800b0cc   0x000000c0   Code   RO         5515    i.mem_init          mem.o
    0x0800b18c   0x0800b18c   0x00000208   Code   RO         5516    i.mem_malloc        mem.o
    0x0800b394   0x0800b394   0x0000019c   Code   RO         5517    i.mem_trim          mem.o
    0x0800b530   0x0800b530   0x000000a8   Code   RO         4583    i.memp_free         memp.o
    0x0800b5d8   0x0800b5d8   0x00000058   Code   RO         4584    i.memp_init         memp.o
    0x0800b630   0x0800b630   0x000000e4   Code   RO         4585    i.memp_malloc       memp.o
    0x0800b714   0x0800b714   0x00000022   Code   RO         6165    i.netbuf_delete     netbuf.o
    0x0800b736   0x0800b736   0x00000002   PAD
    0x0800b738   0x0800b738   0x00000110   Code   RO         5995    i.netconn_alloc     api_msg.o
    0x0800b848   0x0800b848   0x000000bc   Code   RO         5841    i.netconn_bind      api_lib.o
    0x0800b904   0x0800b904   0x00000006   Code   RO         5842    i.netconn_close     api_lib.o
    0x0800b90a   0x0800b90a   0x00000002   PAD
    0x0800b90c   0x0800b90c   0x000000bc   Code   RO         5843    i.netconn_close_shutdown  api_lib.o
    0x0800b9c8   0x0800b9c8   0x000000c0   Code   RO         5844    i.netconn_connect   api_lib.o
    0x0800ba88   0x0800ba88   0x00000024   Code   RO         5845    i.netconn_delete    api_lib.o
    0x0800baac   0x0800baac   0x00000134   Code   RO         5996    i.netconn_drain     api_msg.o
    0x0800bbe0   0x0800bbe0   0x00000164   Code   RO         5997    i.netconn_free      api_msg.o
    0x0800bd44   0x0800bd44   0x0000016c   Code   RO         5849    i.netconn_new_with_proto_and_callback  api_lib.o
    0x0800beb0   0x0800beb0   0x00000184   Code   RO         5850    i.netconn_recv      api_lib.o
    0x0800c034   0x0800c034   0x000001c8   Code   RO         5851    i.netconn_recv_data  api_lib.o
    0x0800c1fc   0x0800c1fc   0x0000013c   Code   RO         5857    i.netconn_write_partly  api_lib.o
    0x0800c338   0x0800c338   0x000000cc   Code   RO         4638    i.netif_add         netif.o
    0x0800c404   0x0800c404   0x00000002   Code   RO         4640    i.netif_init        netif.o
    0x0800c406   0x0800c406   0x00000020   Code   RO         4642    i.netif_set_addr    netif.o
    0x0800c426   0x0800c426   0x00000002   PAD
    0x0800c428   0x0800c428   0x0000000c   Code   RO         4643    i.netif_set_default  netif.o
    0x0800c434   0x0800c434   0x0000001a   Code   RO         4644    i.netif_set_down    netif.o
    0x0800c44e   0x0800c44e   0x00000008   Code   RO         4645    i.netif_set_gw      netif.o
    0x0800c456   0x0800c456   0x00000002   PAD
    0x0800c458   0x0800c458   0x00000068   Code   RO         4646    i.netif_set_ipaddr  netif.o
    0x0800c4c0   0x0800c4c0   0x00000008   Code   RO         4649    i.netif_set_netmask  netif.o
    0x0800c4c8   0x0800c4c8   0x00000020   Code   RO         4650    i.netif_set_up      netif.o
    0x0800c4e8   0x0800c4e8   0x0000035c   Code   RO         4736    i.pbuf_alloc        pbuf.o
    0x0800c844   0x0800c844   0x000000d8   Code   RO         4737    i.pbuf_alloced_custom  pbuf.o
    0x0800c91c   0x0800c91c   0x00000128   Code   RO         4738    i.pbuf_cat          pbuf.o
    0x0800ca44   0x0800ca44   0x00000012   Code   RO         4739    i.pbuf_chain        pbuf.o
    0x0800ca56   0x0800ca56   0x00000012   Code   RO         4740    i.pbuf_clen         pbuf.o
    0x0800ca68   0x0800ca68   0x000001e0   Code   RO         4742    i.pbuf_copy         pbuf.o
    0x0800cc48   0x0800cc48   0x00000114   Code   RO         4743    i.pbuf_copy_partial  pbuf.o
    0x0800cd5c   0x0800cd5c   0x0000016c   Code   RO         4745    i.pbuf_free         pbuf.o
    0x0800cec8   0x0800cec8   0x00000118   Code   RO         4747    i.pbuf_header       pbuf.o
    0x0800cfe0   0x0800cfe0   0x00000188   Code   RO         4750    i.pbuf_realloc      pbuf.o
    0x0800d168   0x0800d168   0x0000001a   Code   RO         4751    i.pbuf_ref          pbuf.o
    0x0800d182   0x0800d182   0x00000002   PAD
    0x0800d184   0x0800d184   0x00000108   Code   RO         5998    i.pcb_new           api_msg.o
    0x0800d28c   0x0800d28c   0x0000016c   Code   RO         5518    i.plug_holes        mem.o
    0x0800d3f8   0x0800d3f8   0x000000cc   Code   RO         5999    i.poll_tcp          api_msg.o
    0x0800d4c4   0x0800d4c4   0x00000070   Code   RO         6937    i.prvAddCurrentTaskToDelayedList  tasks.o
    0x0800d534   0x0800d534   0x000000d0   Code   RO         6938    i.prvAddNewTaskToReadyList  tasks.o
    0x0800d604   0x0800d604   0x00000050   Code   RO         7290    i.prvCheckForValidListAndQueue  timers_1.o
    0x0800d654   0x0800d654   0x00000054   Code   RO         6939    i.prvCheckTasksWaitingTermination  tasks.o
    0x0800d6a8   0x0800d6a8   0x00000026   Code   RO         6711    i.prvCopyDataFromQueue  queue.o
    0x0800d6ce   0x0800d6ce   0x0000006c   Code   RO         6712    i.prvCopyDataToQueue  queue.o
    0x0800d73a   0x0800d73a   0x00000014   Code   RO         6940    i.prvDeleteTCB      tasks.o
    0x0800d74e   0x0800d74e   0x00000002   PAD
    0x0800d750   0x0800d750   0x0000004c   Code   RO         7503    i.prvHeapInit       heap_4.o
    0x0800d79c   0x0800d79c   0x00000028   Code   RO         6941    i.prvIdleTask       tasks.o
    0x0800d7c4   0x0800d7c4   0x000000c0   Code   RO         6942    i.prvInitialiseNewTask  tasks.o
    0x0800d884   0x0800d884   0x0000004c   Code   RO         7504    i.prvInsertBlockIntoFreeList  heap_4.o
    0x0800d8d0   0x0800d8d0   0x00000038   Code   RO         7291    i.prvInsertTimerInActiveList  timers_1.o
    0x0800d908   0x0800d908   0x0000001a   Code   RO         6713    i.prvIsQueueEmpty   queue.o
    0x0800d922   0x0800d922   0x00000002   PAD
    0x0800d924   0x0800d924   0x00000090   Code   RO         6714    i.prvNotifyQueueSetContainer  queue.o
    0x0800d9b4   0x0800d9b4   0x00000060   Code   RO         7292    i.prvProcessExpiredTimer  timers_1.o
    0x0800da14   0x0800da14   0x000000f0   Code   RO         7293    i.prvProcessReceivedCommands  timers_1.o
    0x0800db04   0x0800db04   0x0000006c   Code   RO         7294    i.prvProcessTimerOrBlockTask  timers_1.o
    0x0800db70   0x0800db70   0x00000020   Code   RO         6944    i.prvResetNextTaskUnblockTime  tasks.o
    0x0800db90   0x0800db90   0x00000028   Code   RO         7295    i.prvSampleTimeNow  timers_1.o
    0x0800dbb8   0x0800dbb8   0x0000006c   Code   RO         7296    i.prvSwitchTimerLists  timers_1.o
    0x0800dc24   0x0800dc24   0x00000064   Code   RO         7419    i.prvTaskExitError  port.o
    0x0800dc88   0x0800dc88   0x00000028   Code   RO         7297    i.prvTimerTask      timers_1.o
    0x0800dcb0   0x0800dcb0   0x00000078   Code   RO         6715    i.prvUnlockQueue    queue.o
    0x0800dd28   0x0800dd28   0x00000114   Code   RO         7505    i.pvPortMalloc      heap_4.o
    0x0800de3c   0x0800de3c   0x00000018   Code   RO         6946    i.pvTaskIncrementMutexHeldCount  tasks.o
    0x0800de54   0x0800de54   0x0000002c   Code   RO         7420    i.pxPortInitialiseStack  port.o
    0x0800de80   0x0800de80   0x0000000a   Code   RO         4857    i.raw_bind          raw.o
    0x0800de8a   0x0800de8a   0x0000000a   Code   RO         4858    i.raw_connect       raw.o
    0x0800de94   0x0800de94   0x00000074   Code   RO         4859    i.raw_input         raw.o
    0x0800df08   0x0800df08   0x0000002c   Code   RO         4860    i.raw_new           raw.o
    0x0800df34   0x0800df34   0x00000006   Code   RO         4861    i.raw_recv          raw.o
    0x0800df3a   0x0800df3a   0x00000002   PAD
    0x0800df3c   0x0800df3c   0x0000002c   Code   RO         4862    i.raw_remove        raw.o
    0x0800df68   0x0800df68   0x00000004   Code   RO         3529    i.read_addr         usmart.o
    0x0800df6c   0x0800df6c   0x00000078   Code   RO         6000    i.recv_raw          api_msg.o
    0x0800dfe4   0x0800dfe4   0x00000158   Code   RO         6001    i.recv_tcp          api_msg.o
    0x0800e13c   0x0800e13c   0x00000158   Code   RO         6002    i.recv_udp          api_msg.o
    0x0800e294   0x0800e294   0x000000cc   Code   RO         6003    i.sent_tcp          api_msg.o
    0x0800e360   0x0800e360   0x00000044   Code   RO         6004    i.setup_tcp         api_msg.o
    0x0800e3a4   0x0800e3a4   0x00000044   Code   RO          364    i.start_task        mr_task.o
    0x0800e3e8   0x0800e3e8   0x00000058   Code   RO         5568    i.sys_arch_mbox_fetch  sys_arch.o
    0x0800e440   0x0800e440   0x00000006   Code   RO         5569    i.sys_arch_mbox_tryfetch  sys_arch.o
    0x0800e446   0x0800e446   0x00000042   Code   RO         5570    i.sys_arch_sem_wait  sys_arch.o
    0x0800e488   0x0800e488   0x00000002   Code   RO         5571    i.sys_init          sys_arch.o
    0x0800e48a   0x0800e48a   0x00000010   Code   RO         5572    i.sys_mbox_free     sys_arch.o
    0x0800e49a   0x0800e49a   0x00000024   Code   RO         5573    i.sys_mbox_new      sys_arch.o
    0x0800e4be   0x0800e4be   0x00000002   PAD
    0x0800e4c0   0x0800e4c0   0x00000060   Code   RO         5574    i.sys_mbox_post     sys_arch.o
    0x0800e520   0x0800e520   0x00000006   Code   RO         5575    i.sys_mbox_set_invalid  sys_arch.o
    0x0800e526   0x0800e526   0x00000002   PAD
    0x0800e528   0x0800e528   0x0000004c   Code   RO         5576    i.sys_mbox_trypost  sys_arch.o
    0x0800e574   0x0800e574   0x0000000a   Code   RO         5577    i.sys_mbox_valid    sys_arch.o
    0x0800e57e   0x0800e57e   0x00000002   PAD
    0x0800e580   0x0800e580   0x00000018   Code   RO         5579    i.sys_now           sys_arch.o
    0x0800e598   0x0800e598   0x00000010   Code   RO         5580    i.sys_sem_free      sys_arch.o
    0x0800e5a8   0x0800e5a8   0x00000018   Code   RO         5581    i.sys_sem_new       sys_arch.o
    0x0800e5c0   0x0800e5c0   0x00000006   Code   RO         5582    i.sys_sem_set_invalid  sys_arch.o
    0x0800e5c6   0x0800e5c6   0x00000002   PAD
    0x0800e5c8   0x0800e5c8   0x00000038   Code   RO         5583    i.sys_sem_signal    sys_arch.o
    0x0800e600   0x0800e600   0x0000000a   Code   RO         5584    i.sys_sem_valid     sys_arch.o
    0x0800e60a   0x0800e60a   0x00000038   Code   RO         5585    i.sys_thread_new    sys_arch.o
    0x0800e642   0x0800e642   0x00000002   PAD
    0x0800e644   0x0800e644   0x00000100   Code   RO         5322    i.sys_timeout       timers.o
    0x0800e744   0x0800e744   0x00000048   Code   RO         5323    i.sys_timeouts_init  timers.o
    0x0800e78c   0x0800e78c   0x00000064   Code   RO         5324    i.sys_timeouts_mbox_fetch  timers.o
    0x0800e7f0   0x0800e7f0   0x00000048   Code   RO         5325    i.sys_untimeout     timers.o
    0x0800e838   0x0800e838   0x00000128   Code   RO         4935    i.tcp_abandon       tcp.o
    0x0800e960   0x0800e960   0x00000006   Code   RO         4936    i.tcp_abort         tcp.o
    0x0800e966   0x0800e966   0x00000004   Code   RO         4937    i.tcp_accept        tcp.o
    0x0800e96a   0x0800e96a   0x00000002   PAD
    0x0800e96c   0x0800e96c   0x000000f8   Code   RO         4939    i.tcp_alloc         tcp.o
    0x0800ea64   0x0800ea64   0x00000004   Code   RO         4940    i.tcp_arg           tcp.o
    0x0800ea68   0x0800ea68   0x00000108   Code   RO         4941    i.tcp_bind          tcp.o
    0x0800eb70   0x0800eb70   0x0000005c   Code   RO         3716    i.tcp_client_init   tcp_client.o
    0x0800ebcc   0x0800ebcc   0x0000000c   Code   RO         3717    i.tcp_client_queue  tcp_client.o
    0x0800ebd8   0x0800ebd8   0x0000000c   Code   RO         3718    i.tcp_client_reconnect  tcp_client.o
    0x0800ebe4   0x0800ebe4   0x0000026c   Code   RO          365    i.tcp_client_task   mr_task.o
    0x0800ee50   0x0800ee50   0x00000100   Code   RO         3719    i.tcp_client_thread  tcp_client.o
    0x0800ef50   0x0800ef50   0x00000054   Code   RO         3720    i.tcp_client_write  tcp_client.o
    0x0800efa4   0x0800efa4   0x00000014   Code   RO         4942    i.tcp_close         tcp.o
    0x0800efb8   0x0800efb8   0x000001a4   Code   RO         4943    i.tcp_close_shutdown  tcp.o
    0x0800f15c   0x0800f15c   0x0000018c   Code   RO         4944    i.tcp_connect       tcp.o
    0x0800f2e8   0x0800f2e8   0x0000009c   Code   RO         5212    i.tcp_create_segment  tcp_out.o
    0x0800f384   0x0800f384   0x00000020   Code   RO         4946    i.tcp_eff_send_mss  tcp.o
    0x0800f3a4   0x0800f3a4   0x00000220   Code   RO         5213    i.tcp_enqueue_flags  tcp_out.o
    0x0800f5c4   0x0800f5c4   0x00000098   Code   RO         4947    i.tcp_err           tcp.o
    0x0800f65c   0x0800f65c   0x0000005c   Code   RO         4948    i.tcp_fasttmr       tcp.o
    0x0800f6b8   0x0800f6b8   0x00000002   Code   RO         4949    i.tcp_init          tcp.o
    0x0800f6ba   0x0800f6ba   0x00000002   PAD
    0x0800f6bc   0x0800f6bc   0x0000050c   Code   RO         5156    i.tcp_input         tcp_in.o
    0x0800fbc8   0x0800fbc8   0x0000003c   Code   RO         5214    i.tcp_keepalive     tcp_out.o
    0x0800fc04   0x0800fc04   0x000000e4   Code   RO         5157    i.tcp_listen_input  tcp_in.o
    0x0800fce8   0x0800fce8   0x00000006   Code   RO         4951    i.tcp_new           tcp.o
    0x0800fcee   0x0800fcee   0x00000002   PAD
    0x0800fcf0   0x0800fcf0   0x0000005c   Code   RO         4952    i.tcp_new_port      tcp.o
    0x0800fd4c   0x0800fd4c   0x00000010   Code   RO         4953    i.tcp_next_iss      tcp.o
    0x0800fd5c   0x0800fd5c   0x0000024c   Code   RO         5215    i.tcp_output        tcp_out.o
    0x0800ffa8   0x0800ffa8   0x00000104   Code   RO         5216    i.tcp_output_alloc_header  tcp_out.o
    0x080100ac   0x080100ac   0x000000b0   Code   RO         5217    i.tcp_output_segment  tcp_out.o
    0x0801015c   0x0801015c   0x00000080   Code   RO         5158    i.tcp_parseopt      tcp_in.o
    0x080101dc   0x080101dc   0x000000d0   Code   RO         5218    i.tcp_pbuf_prealloc  tcp_out.o
    0x080102ac   0x080102ac   0x0000003a   Code   RO         4954    i.tcp_pcb_purge     tcp.o
    0x080102e6   0x080102e6   0x00000002   PAD
    0x080102e8   0x080102e8   0x00000108   Code   RO         4955    i.tcp_pcb_remove    tcp.o
    0x080103f0   0x080103f0   0x00000098   Code   RO         4956    i.tcp_poll          tcp.o
    0x08010488   0x08010488   0x00000420   Code   RO         5159    i.tcp_process       tcp_in.o
    0x080108a8   0x080108a8   0x00000064   Code   RO         4957    i.tcp_process_refused_data  tcp.o
    0x0801090c   0x0801090c   0x0000069c   Code   RO         5160    i.tcp_receive       tcp_in.o
    0x08010fa8   0x08010fa8   0x00000098   Code   RO         4958    i.tcp_recv          tcp.o
    0x08011040   0x08011040   0x00000024   Code   RO         4959    i.tcp_recv_null     tcp.o
    0x08011064   0x08011064   0x00000104   Code   RO         4960    i.tcp_recved        tcp.o
    0x08011168   0x08011168   0x00000052   Code   RO         5219    i.tcp_rexmit        tcp_out.o
    0x080111ba   0x080111ba   0x00000058   Code   RO         5220    i.tcp_rexmit_fast   tcp_out.o
    0x08011212   0x08011212   0x0000002e   Code   RO         5221    i.tcp_rexmit_rto    tcp_out.o
    0x08011240   0x08011240   0x00000110   Code   RO         5222    i.tcp_rst           tcp_out.o
    0x08011350   0x08011350   0x0000001c   Code   RO         4961    i.tcp_seg_free      tcp.o
    0x0801136c   0x0801136c   0x00000012   Code   RO         4962    i.tcp_segs_free     tcp.o
    0x0801137e   0x0801137e   0x00000048   Code   RO         5223    i.tcp_send_empty_ack  tcp_out.o
    0x080113c6   0x080113c6   0x00000046   Code   RO         5224    i.tcp_send_fin      tcp_out.o
    0x0801140c   0x0801140c   0x00000098   Code   RO         4963    i.tcp_sent          tcp.o
    0x080114a4   0x080114a4   0x0000004e   Code   RO         4965    i.tcp_shutdown      tcp.o
    0x080114f2   0x080114f2   0x00000002   PAD
    0x080114f4   0x080114f4   0x000004b4   Code   RO         4966    i.tcp_slowtmr       tcp.o
    0x080119a8   0x080119a8   0x00000034   Code   RO         5326    i.tcp_timer_needed  timers.o
    0x080119dc   0x080119dc   0x0000006c   Code   RO         5161    i.tcp_timewait_input  tcp_in.o
    0x08011a48   0x08011a48   0x00000020   Code   RO         4967    i.tcp_tmr           tcp.o
    0x08011a68   0x08011a68   0x000000b8   Code   RO         4968    i.tcp_update_rcv_ann_wnd  tcp.o
    0x08011b20   0x08011b20   0x000005f8   Code   RO         5225    i.tcp_write         tcp_out.o
    0x08012118   0x08012118   0x00000134   Code   RO         5226    i.tcp_write_checks  tcp_out.o
    0x0801224c   0x0801224c   0x00000092   Code   RO         5227    i.tcp_zero_window_probe  tcp_out.o
    0x080122de   0x080122de   0x00000002   PAD
    0x080122e0   0x080122e0   0x00000040   Code   RO         6448    i.tcpip_apimsg      tcpip.o
    0x08012320   0x08012320   0x000000cc   Code   RO         6452    i.tcpip_init        tcpip.o
    0x080123ec   0x080123ec   0x0000004c   Code   RO         6453    i.tcpip_input       tcpip.o
    0x08012438   0x08012438   0x00000038   Code   RO         5327    i.tcpip_tcp_timer   timers.o
    0x08012470   0x08012470   0x00000100   Code   RO         6454    i.tcpip_thread      tcpip.o
    0x08012570   0x08012570   0x000000ac   Code   RO         1072    i.uart_init         usart.o
    0x0801261c   0x0801261c   0x00000120   Code   RO         5416    i.udp_bind          udp.o
    0x0801273c   0x0801273c   0x0000004c   Code   RO         5417    i.udp_connect       udp.o
    0x08012788   0x08012788   0x00000002   Code   RO         5419    i.udp_init          udp.o
    0x0801278a   0x0801278a   0x00000002   PAD
    0x0801278c   0x0801278c   0x0000020c   Code   RO         5420    i.udp_input         udp.o
    0x08012998   0x08012998   0x0000001a   Code   RO         5421    i.udp_new           udp.o
    0x080129b2   0x080129b2   0x00000006   Code   RO         5422    i.udp_recv          udp.o
    0x080129b8   0x080129b8   0x0000002c   Code   RO         5423    i.udp_remove        udp.o
    0x080129e4   0x080129e4   0x0000014c   Code   RO         5426    i.udp_sendto_if     udp.o
    0x08012b30   0x08012b30   0x00000084   Code   RO          902    i.usart2_init       usart2.o
    0x08012bb4   0x08012bb4   0x00000094   Code   RO         3530    i.usmart_cmd_rec    usmart.o
    0x08012c48   0x08012c48   0x00000260   Code   RO         3531    i.usmart_exe        usmart.o
    0x08012ea8   0x08012ea8   0x0000009c   Code   RO         3640    i.usmart_get_aparm  usmart_str.o
    0x08012f44   0x08012f44   0x0000002e   Code   RO         3641    i.usmart_get_cmdname  usmart_str.o
    0x08012f72   0x08012f72   0x00000002   PAD
    0x08012f74   0x08012f74   0x00000168   Code   RO         3642    i.usmart_get_fname  usmart_str.o
    0x080130dc   0x080130dc   0x000000d0   Code   RO         3643    i.usmart_get_fparam  usmart_str.o
    0x080131ac   0x080131ac   0x00000024   Code   RO         3644    i.usmart_get_parmpos  usmart_str.o
    0x080131d0   0x080131d0   0x00000038   Code   RO         3532    i.usmart_get_runtime  usmart.o
    0x08013208   0x08013208   0x00000028   Code   RO         3533    i.usmart_init       usmart.o
    0x08013230   0x08013230   0x00000010   Code   RO         3645    i.usmart_pow        usmart_str.o
    0x08013240   0x08013240   0x00000030   Code   RO         3534    i.usmart_reset_runtime  usmart.o
    0x08013270   0x08013270   0x000000a4   Code   RO         3535    i.usmart_scan       usmart.o
    0x08013314   0x08013314   0x00000010   Code   RO         3646    i.usmart_search_nextc  usmart_str.o
    0x08013324   0x08013324   0x000000a0   Code   RO         3647    i.usmart_str2num    usmart_str.o
    0x080133c4   0x080133c4   0x00000018   Code   RO         3648    i.usmart_strcmp     usmart_str.o
    0x080133dc   0x080133dc   0x00000012   Code   RO         3649    i.usmart_strcopy    usmart_str.o
    0x080133ee   0x080133ee   0x00000012   Code   RO         3650    i.usmart_strlen     usmart_str.o
    0x08013400   0x08013400   0x00000670   Code   RO         3536    i.usmart_sys_cmd_exe  usmart.o
    0x08013a70   0x08013a70   0x00000024   Code   RO         6666    i.uxListRemove      list.o
    0x08013a94   0x08013a94   0x00000016   Code   RO         6667    i.vListInitialise   list.o
    0x08013aaa   0x08013aaa   0x00000006   Code   RO         6668    i.vListInitialiseItem  list.o
    0x08013ab0   0x08013ab0   0x00000030   Code   RO         6669    i.vListInsert       list.o
    0x08013ae0   0x08013ae0   0x00000018   Code   RO         6670    i.vListInsertEnd    list.o
    0x08013af8   0x08013af8   0x00000078   Code   RO         7422    i.vPortEnterCritical  port.o
    0x08013b70   0x08013b70   0x00000064   Code   RO         7423    i.vPortExitCritical  port.o
    0x08013bd4   0x08013bd4   0x0000009c   Code   RO         7506    i.vPortFree         heap_4.o
    0x08013c70   0x08013c70   0x00000020   Code   RO         7424    i.vPortSetupTimerInterrupt  port.o
    0x08013c90   0x08013c90   0x0000008c   Code   RO         7425    i.vPortValidateInterruptPriority  port.o
    0x08013d1c   0x08013d1c   0x00000024   Code   RO         6721    i.vQueueAddToRegistry  queue.o
    0x08013d40   0x08013d40   0x00000048   Code   RO         6722    i.vQueueDelete      queue.o
    0x08013d88   0x08013d88   0x00000028   Code   RO         6724    i.vQueueUnregisterQueue  queue.o
    0x08013db0   0x08013db0   0x00000044   Code   RO         6725    i.vQueueWaitForMessageRestricted  queue.o
    0x08013df4   0x08013df4   0x0000006c   Code   RO         6954    i.vTaskDelay        tasks.o
    0x08013e60   0x08013e60   0x000000cc   Code   RO         6956    i.vTaskDelete       tasks.o
    0x08013f2c   0x08013f2c   0x0000000c   Code   RO         6960    i.vTaskMissedYield  tasks.o
    0x08013f38   0x08013f38   0x00000054   Code   RO         6962    i.vTaskPlaceOnEventList  tasks.o
    0x08013f8c   0x08013f8c   0x0000005c   Code   RO         6963    i.vTaskPlaceOnEventListRestricted  tasks.o
    0x08013fe8   0x08013fe8   0x00000084   Code   RO         6965    i.vTaskPriorityInherit  tasks.o
    0x0801406c   0x0801406c   0x00000048   Code   RO         6969    i.vTaskSetTimeOutState  tasks.o
    0x080140b4   0x080140b4   0x00000094   Code   RO         6970    i.vTaskStartScheduler  tasks.o
    0x08014148   0x08014148   0x00000010   Code   RO         6972    i.vTaskSuspendAll   tasks.o
    0x08014158   0x08014158   0x0000007c   Code   RO         6973    i.vTaskSwitchContext  tasks.o
    0x080141d4   0x080141d4   0x00000004   Code   RO         3537    i.write_addr        usmart.o
    0x080141d8   0x080141d8   0x00000114   Code   RO         7426    i.xPortStartScheduler  port.o
    0x080142ec   0x080142ec   0x0000002c   Code   RO         7427    i.xPortSysTickHandler  port.o
    0x08014318   0x08014318   0x0000005c   Code   RO         6727    i.xQueueCreateCountingSemaphore  queue.o
    0x08014374   0x08014374   0x00000078   Code   RO         6730    i.xQueueGenericCreate  queue.o
    0x080143ec   0x080143ec   0x00000184   Code   RO         6731    i.xQueueGenericReceive  queue.o
    0x08014570   0x08014570   0x000000a8   Code   RO         6732    i.xQueueGenericReset  queue.o
    0x08014618   0x08014618   0x00000188   Code   RO         6733    i.xQueueGenericSend  queue.o
    0x080147a0   0x080147a0   0x000000e0   Code   RO         6734    i.xQueueGenericSendFromISR  queue.o
    0x08014880   0x08014880   0x000000c8   Code   RO         6735    i.xQueueGiveFromISR  queue.o
    0x08014948   0x08014948   0x00000088   Code   RO         6974    i.xTaskCheckForTimeOut  tasks.o
    0x080149d0   0x080149d0   0x00000056   Code   RO         6975    i.xTaskCreate       tasks.o
    0x08014a26   0x08014a26   0x00000002   PAD
    0x08014a28   0x08014a28   0x0000001c   Code   RO         6979    i.xTaskGetSchedulerState  tasks.o
    0x08014a44   0x08014a44   0x0000000c   Code   RO         6980    i.xTaskGetTickCount  tasks.o
    0x08014a50   0x08014a50   0x00000010   Code   RO         6981    i.xTaskGetTickCountFromISR  tasks.o
    0x08014a60   0x08014a60   0x000000e8   Code   RO         6982    i.xTaskIncrementTick  tasks.o
    0x08014b48   0x08014b48   0x000000b4   Code   RO         6985    i.xTaskPriorityDisinherit  tasks.o
    0x08014bfc   0x08014bfc   0x00000098   Code   RO         6986    i.xTaskRemoveFromEventList  tasks.o
    0x08014c94   0x08014c94   0x000000e4   Code   RO         6988    i.xTaskResumeAll    tasks.o
    0x08014d78   0x08014d78   0x00000074   Code   RO         7300    i.xTimerCreate      timers_1.o
    0x08014dec   0x08014dec   0x00000074   Code   RO         7301    i.xTimerCreateTimerTask  timers_1.o
    0x08014e60   0x08014e60   0x00000090   Code   RO         7302    i.xTimerGenericCommand  timers_1.o
    0x08014ef0   0x08014ef0   0x0000005a   Code   RO         7643    x$fpl$dfixu         fz_wm.l(dfixu.o)
    0x08014f4a   0x08014f4a   0x00000026   Code   RO         7647    x$fpl$dfltu         fz_wm.l(dflt_clz.o)
    0x08014f70   0x08014f70   0x00000154   Code   RO         7653    x$fpl$dmul          fz_wm.l(dmul.o)
    0x080150c4   0x080150c4   0x0000009c   Code   RO         7671    x$fpl$dnaninf       fz_wm.l(dnaninf.o)
    0x08015160   0x08015160   0x0000000c   Code   RO         7673    x$fpl$dretinf       fz_wm.l(dretinf.o)
    0x0801516c   0x0801516c   0x0000000a   Code   RO         7766    x$fpl$fpinit        fz_wm.l(fpinit.o)
    0x08015176   0x08015176   0x00000000   Code   RO         7675    x$fpl$usenofp       fz_wm.l(usenofp.o)
    0x08015176   0x08015176   0x000017c0   Data   RO          499    .constdata          lcd.o
    0x08016936   0x08016936   0x000001c6   Data   RO          750    .constdata          ov2640.o
    0x08016afc   0x08016afc   0x0000000c   Data   RO         3831    .constdata          etharp.o
    0x08016b08   0x08016b08   0x00000004   Data   RO         4182    .constdata          ip_addr.o
    0x08016b0c   0x08016b0c   0x00000004   Data   RO         4183    .constdata          ip_addr.o
    0x08016b10   0x08016b10   0x00000038   Data   RO         4587    .constdata          memp.o
    0x08016b48   0x08016b48   0x00000054   Data   RO         4969    .constdata          tcp.o
    0x08016b9c   0x08016b9c   0x00000004   Data   RO         5586    .constdata          sys_arch.o
    0x08016ba0   0x08016ba0   0x00000028   Data   RO         7582    .constdata          c_w.l(_printf_hex_int.o)
    0x08016bc8   0x08016bc8   0x00000011   Data   RO         7617    .constdata          c_w.l(__printf_flags_ss_wp.o)
    0x08016bd9   0x08016bd9   0x00000003   PAD
    0x08016bdc   0x08016bdc   0x00000028   Data   RO         3538    .conststring        usmart.o
    0x08016c04   0x08016c04   0x00000311   Data   RO         3618    .conststring        usmart_config.o
    0x08016f15   0x08016f15   0x00000003   PAD
    0x08016f18   0x08016f18   0x00000044   Data   RO         3832    .conststring        etharp.o
    0x08016f5c   0x08016f5c   0x0000008c   Data   RO         4372    .conststring        dhcp.o
    0x08016fe8   0x08016fe8   0x00000075   Data   RO         4970    .conststring        tcp.o
    0x0801705d   0x0801705d   0x00000003   PAD
    0x08017060   0x08017060   0x00000055   Data   RO         5228    .conststring        tcp_out.o
    0x080170b5   0x080170b5   0x00000003   PAD
    0x080170b8   0x080170b8   0x00000020   Data   RO         7830    Region$$Table       anon$$obj.o


    Execution Region RW_IRAM1 (Exec base: 0x20000000, Load base: 0x080170d8, Size: 0x0000d5e0, Max: 0x00020000, ABSOLUTE, COMPRESSED[0x000000e8])

    Exec Addr    Load Addr    Size         Type   Attr      Idx    E Section Name        Object

    0x20000000   COMPRESSED   0x00000014   Data   RW          299    .data               system_stm32f4xx.o
    0x20000014   COMPRESSED   0x00000008   Data   RW          338    .data               mr_cv.o
    0x2000001c   COMPRESSED   0x00000008   Data   RW          367    .data               mr_task.o
    0x20000024   COMPRESSED   0x00000004   Data   RW          500    .data               lcd.o
    0x20000028   COMPRESSED   0x00000001   Data   RW          684    .data               dcmi.o
    0x20000029   COMPRESSED   0x00000001   PAD
    0x2000002a   COMPRESSED   0x00000004   Data   RW         1000    .data               delay.o
    0x2000002e   COMPRESSED   0x00000002   Data   RW         1074    .data               usart.o
    0x20000030   COMPRESSED   0x00000004   Data   RW         1075    .data               usart.o
    0x20000034   COMPRESSED   0x00000010   Data   RW         1468    .data               stm32f4xx_rcc.o
    0x20000044   COMPRESSED   0x0000000c   Data   RW         2854    .data               stm32f4x7_eth.o
    0x20000050   COMPRESSED   0x0000001c   Data   RW         3539    .data               usmart.o
    0x2000006c   COMPRESSED   0x000000a8   Data   RW         3619    .data               usmart_config.o
    0x20000114   COMPRESSED   0x000000f4   Data   RW         3620    .data               usmart_config.o
    0x20000208   COMPRESSED   0x0000000c   Data   RW         3721    .data               tcp_client.o
    0x20000214   COMPRESSED   0x00000001   Data   RW         3833    .data               etharp.o
    0x20000215   COMPRESSED   0x00000003   PAD
    0x20000218   COMPRESSED   0x00000014   Data   RW         4116    .data               ip.o
    0x2000022c   COMPRESSED   0x00000008   Data   RW         4246    .data               ip_frag.o
    0x20000234   COMPRESSED   0x00000004   Data   RW         4373    .data               dhcp.o
    0x20000238   COMPRESSED   0x0000000c   Data   RW         4651    .data               netif.o
    0x20000244   COMPRESSED   0x00000004   Data   RW         4865    .data               raw.o
    0x20000248   COMPRESSED   0x00000024   Data   RW         4971    .data               tcp.o
    0x2000026c   COMPRESSED   0x0000001c   Data   RW         5163    .data               tcp_in.o
    0x20000288   COMPRESSED   0x00000008   Data   RW         5328    .data               timers.o
    0x20000290   COMPRESSED   0x00000008   Data   RW         5427    .data               udp.o
    0x20000298   COMPRESSED   0x00000010   Data   RW         5520    .data               mem.o
    0x200002a8   COMPRESSED   0x00000010   Data   RW         5740    .data               sys_eth.o
    0x200002b8   COMPRESSED   0x0000000c   Data   RW         6458    .data               tcpip.o
    0x200002c4   COMPRESSED   0x0000003c   Data   RW         6991    .data               tasks.o
    0x20000300   COMPRESSED   0x00000014   Data   RW         7310    .data               timers_1.o
    0x20000314   COMPRESSED   0x0000000c   Data   RW         7428    .data               port.o
    0x20000320   COMPRESSED   0x00000018   Data   RW         7511    .data               heap_4.o
    0x20000338        -       0x0000000e   Zero   RW          498    .bss                lcd.o
    0x20000346        -       0x0000000e   Zero   RW          683    .bss                dcmi.o
    0x20000354        -       0x000000c8   Zero   RW         1073    .bss                usart.o
    0x2000041c        -       0x0000000c   Zero   RW         2853    .bss                stm32f4x7_eth.o
    0x20000428        -       0x000000c8   Zero   RW         3830    .bss                etharp.o
    0x200004f0        -       0x00000032   Zero   RW         4371    .bss                dhcp.o
    0x20000522   COMPRESSED   0x00000002   PAD
    0x20000524        -       0x0000382f   Zero   RW         4586    .bss                memp.o
    0x20003d53   COMPRESSED   0x00000001   PAD
    0x20003d54        -       0x00000014   Zero   RW         5162    .bss                tcp_in.o
    0x20003d68        -       0x00003e94   Zero   RW         5519    .bss                mem.o
    0x20007bfc        -       0x00000034   Zero   RW         5739    .bss                sys_eth.o
    0x20007c30        -       0x00000040   Zero   RW         6745    .bss                queue.o
    0x20007c70        -       0x000002e4   Zero   RW         6990    .bss                tasks.o
    0x20007f54        -       0x00000028   Zero   RW         7309    .bss                timers_1.o
    0x20007f7c        -       0x00005000   Zero   RW         7510    .bss                heap_4.o
    0x2000cf7c        -       0x00000060   Zero   RW         7708    .bss                c_w.l(libspace.o)
    0x2000cfdc   COMPRESSED   0x00000004   PAD
    0x2000cfe0        -       0x00000200   Zero   RW         1121    HEAP                startup_stm32f40_41xxx.o
    0x2000d1e0        -       0x00000400   Zero   RW         1120    STACK               startup_stm32f40_41xxx.o


==============================================================================

Image component sizes


      Code (inc. data)   RO Data    RW Data    ZI Data      Debug   Object Name

      2134       1110          0          0          0      18329   api_lib.o
      5846       2676          0          0          0      18592   api_msg.o
       240         32          0          1         14       3328   dcmi.o
        16          0          0          0          0       2746   def.o
       184         14          0          4          0       3293   delay.o
      5888       2054        140          4         50      23320   dhcp.o
      3336       1312         80          1        200      26886   etharp.o
         0          0          0          0          0       2436   event_groups.o
       584        138          0         24      20480       4323   heap_4.o
       920        456          0          0          0       9105   icmp.o
       170          0          0          0          0       3021   inet_chksum.o
        38          0          0          0          0       2224   init.o
       964        264          0         20          0      17598   ip.o
        46          0          8          0          0       7334   ip_addr.o
      2544        932          0          8          0      11616   ip_frag.o
        68         10          0          0          0        559   key.o
     16756        140       6080          4         14      26405   lcd.o
        64          6          0          0          0        571   led.o
       136          0          0          0          0       3390   list.o
        54          0          0          0          0     321631   main.o
      1792        876          0         16      16020       5769   mem.o
       484        278         56          0      14383       3862   memp.o
       144         14          0          0          0       2473   misc.o
        96         10          0          8          0       1542   mr_cv.o
       984        322          0          8          0       3072   mr_task.o
        34          0          0          0          0       1132   netbuf.o
       428        122          0         12          0       8719   netif.o
      1290         62        454          0          0      11755   ov2640.o
      3226       1632          0          0          0      10863   pbuf.o
      1038        382          0         12          0      11181   port.o
      2236        354          0          0         64      16940   queue.o
       230         22          0          4          0       4803   raw.o
       598         40          0          0          0       5463   sccb.o
         2          0          0          0          0        527   sockets.o
        64         26        392          0       1536        860   startup_stm32f40_41xxx.o
      1386        152          0         12         12      51951   stm32f4x7_eth.o
       176         34          0          0          0       4271   stm32f4xx_dcmi.o
        44          0          0          0          0       3943   stm32f4xx_dma.o
       232          6          0          0          0       2169   stm32f4xx_fsmc.o
       160          0          0          0          0       3311   stm32f4xx_gpio.o
        12          0          0          0          0       2881   stm32f4xx_it.o
       264         42          0         16          0       6601   stm32f4xx_rcc.o
        12          4          0          0          0        658   stm32f4xx_syscfg.o
       222         28          0          0          0       8567   stm32f4xx_tim.o
       310          8          0          0          0       4978   stm32f4xx_usart.o
       662         40          4          0          0      21176   sys_arch.o
      1528         90          0         16         52      23598   sys_eth.o
       272         36          0         20          0       1881   system_stm32f4xx.o
      2774        674          0         60        740      31390   tasks.o
      4768       1886        201         36          0      33777   tcp.o
       456         46          0         12          0      20723   tcp_client.o
      4504        994          0         28         20      17371   tcp_in.o
      4604       1516         85          0          0      17407   tcp_out.o
       600        278          0         12          0       9170   tcpip.o
       120         52          0          0          0       1116   timer.o
       720        234          0          8          0       7743   timers.o
      1144        260          0         20         40      10406   timers_1.o
      1298        370          0          8          0      16957   udp.o
       294         26          0          6        200       4536   usart.o
       132          8          0          0          0        790   usart2.o
      2872       1330         40         28          0       8514   usmart.o
         0          0        785        412          0       1664   usmart_config.o
      1058         20          0          0          0       9811   usmart_str.o

    ----------------------------------------------------------------------
     83330      21418       8366        824      53828     923028   Object Totals
         0          0         32          0          0          0   (incl. Generated)
        72          0          9          4          3          0   (incl. Padding)

    ----------------------------------------------------------------------

      Code (inc. data)   RO Data    RW Data    ZI Data      Debug   Library Member Name

        90          0          0          0          0          0   __dczerorl2.o
         8          0          0          0          0         68   __main.o
       392          4         17          0          0         92   __printf_flags_ss_wp.o
        14          0          0          0          0         68   __printf_wp.o
         0          0          0          0          0          0   __rtentry.o
        12          0          0          0          0          0   __rtentry2.o
         6          0          0          0          0          0   __rtentry4.o
        52          8          0          0          0          0   __scatter.o
        28          0          0          0          0          0   __scatter_zi.o
         6          0          0          0          0          0   _printf_c.o
        44          0          0          0          0        108   _printf_char.o
        48          6          0          0          0         96   _printf_char_common.o
        36          4          0          0          0         80   _printf_char_file.o
         6          0          0          0          0          0   _printf_d.o
       120         16          0          0          0         92   _printf_dec.o
        88          4         40          0          0         88   _printf_hex_int.o
       178          0          0          0          0         88   _printf_intcommon.o
        78          0          0          0          0        108   _printf_pad.o
         0          0          0          0          0          0   _printf_percent.o
         4          0          0          0          0          0   _printf_percent_end.o
         6          0          0          0          0          0   _printf_s.o
        82          0          0          0          0         80   _printf_str.o
         6          0          0          0          0          0   _printf_u.o
         6          0          0          0          0          0   _printf_x.o
        10          0          0          0          0         68   _sputc.o
        16          0          0          0          0         68   aeabi_memset.o
        18          0          0          0          0         80   exit.o
         8          0          0          0          0         68   ferror.o
         6          0          0          0          0        152   heapauxi.o
         2          0          0          0          0          0   libinit.o
         6          0          0          0          0          0   libinit2.o
         2          0          0          0          0          0   libshutdown.o
         2          0          0          0          0          0   libshutdown2.o
         8          4          0          0         96         68   libspace.o
        88          0          0          0          0         76   memcmp.o
        24          4          0          0          0         84   noretval__2printf.o
        40          6          0          0          0         84   noretval__2sprintf.o
        68          0          0          0          0         68   rt_memclr.o
        78          0          0          0          0         80   rt_memclr_w.o
       138          0          0          0          0         68   rt_memcpy_v6.o
       100          0          0          0          0         80   rt_memcpy_w.o
         2          0          0          0          0          0   rtexit.o
        10          0          0          0          0          0   rtexit2.o
        74          0          0          0          0         80   sys_stackheap_outer.o
         2          0          0          0          0         68   use_no_semi.o
         2          0          0          0          0         68   use_no_semi_2.o
        90          4          0          0          0        140   dfixu.o
        38          0          0          0          0        116   dflt_clz.o
       340         12          0          0          0        152   dmul.o
       156          4          0          0          0        140   dnaninf.o
        12          0          0          0          0        116   dretinf.o
        10          0          0          0          0        116   fpinit.o
         0          0          0          0          0          0   usenofp.o

    ----------------------------------------------------------------------
      2668         76         60          0        100       3008   Library Totals
         8          0          3          0          4          0   (incl. Padding)

    ----------------------------------------------------------------------

      Code (inc. data)   RO Data    RW Data    ZI Data      Debug   Library Name

      2014         56         57          0         96       2228   c_w.l
       646         20          0          0          0        780   fz_wm.l

    ----------------------------------------------------------------------
      2668         76         60          0        100       3008   Library Totals

    ----------------------------------------------------------------------

==============================================================================


      Code (inc. data)   RO Data    RW Data    ZI Data      Debug   

     85998      21494       8426        824      53928     878740   Grand Totals
     85998      21494       8426        232      53928     878740   ELF Image Totals (compressed)
     85998      21494       8426        232          0          0   ROM Totals

==============================================================================

    Total RO  Size (Code + RO Data)                94424 (  92.21kB)
    Total RW  Size (RW Data + ZI Data)             54752 (  53.47kB)
    Total ROM Size (Code + RO Data + RW Data)      94656 (  92.44kB)

==============================================================================

